{"active_codex_processes": 0, "total_unique_process_observations": 0, "roles": []}
{"active_codex_processes": 0, "total_unique_process_observations": 0, "roles": []}
{"active_codex_processes": 0, "total_unique_process_observations": 0, "roles": []}
{"active_codex_processes": 2, "total_unique_process_observations": 2, "roles": ["mutation"]}
{"active_codex_processes": 2, "total_unique_process_observations": 2, "roles": ["mutation"]}
{"active_codex_processes": 2, "total_unique_process_observations": 2, "roles": ["mutation"]}
{"active_codex_processes": 2, "total_unique_process_observations": 2, "roles": ["mutation"]}
{"active_codex_processes": 2, "total_unique_process_observations": 2, "roles": ["mutation"]}
{"active_codex_processes": 2, "total_unique_process_observations": 2, "roles": ["mutation"]}
{"active_codex_processes": 2, "total_unique_process_observations": 2, "roles": ["mutation"]}
{"active_codex_processes": 2, "total_unique_process_observations": 2, "roles": ["mutation"]}
{"active_codex_processes": 2, "total_unique_process_observations": 2, "roles": ["mutation"]}
{"active_codex_processes": 2, "total_unique_process_observations": 2, "roles": ["mutation"]}
{"active_codex_processes": 2, "total_unique_process_observations": 2, "roles": ["mutation"]}
{"active_codex_processes": 2, "total_unique_process_observations": 2, "roles": ["mutation"]}
{"active_codex_processes": 2, "total_unique_process_observations": 4, "roles": ["novelty"]}
{"active_codex_processes": 2, "total_unique_process_observations": 4, "roles": ["novelty"]}
{"active_codex_processes": 2, "total_unique_process_observations": 4, "roles": ["novelty"]}
{"active_codex_processes": 0, "total_unique_process_observations": 4, "roles": []}
{"active_codex_processes": 0, "total_unique_process_observations": 4, "roles": []}
{"active_codex_processes": 0, "total_unique_process_observations": 4, "roles": []}
{"active_codex_processes": 0, "total_unique_process_observations": 4, "roles": []}
{"active_codex_processes": 0, "total_unique_process_observations": 4, "roles": []}
{"active_codex_processes": 0, "total_unique_process_observations": 4, "roles": []}
{"active_codex_processes": 0, "total_unique_process_observations": 4, "roles": []}
{"active_codex_processes": 0, "total_unique_process_observations": 4, "roles": []}
{"active_codex_processes": 0, "total_unique_process_observations": 4, "roles": []}
{"active_codex_processes": 0, "total_unique_process_observations": 4, "roles": []}
{"active_codex_processes": 0, "total_unique_process_observations": 4, "roles": []}
{"active_codex_processes": 0, "total_unique_process_observations": 4, "roles": []}
{"active_codex_processes": 0, "total_unique_process_observations": 4, "roles": []}
{"active_codex_processes": 0, "total_unique_process_observations": 4, "roles": []}
{"active_codex_processes": 0, "total_unique_process_observations": 4, "roles": []}
{"active_codex_processes": 0, "total_unique_process_observations": 4, "roles": []}
{"active_codex_processes": 0, "total_unique_process_observations": 4, "roles": []}
{"active_codex_processes": 0, "total_unique_process_observations": 4, "roles": []}
{"active_codex_processes": 0, "total_unique_process_observations": 4, "roles": []}
{"active_codex_processes": 0, "total_unique_process_observations": 4, "roles": []}
{"active_codex_processes": 0, "total_unique_process_observations": 4, "roles": []}
{"active_codex_processes": 2, "total_unique_process_observations": 6, "roles": ["mutation"]}
{"active_codex_processes": 2, "total_unique_process_observations": 6, "roles": ["mutation"]}
{"active_codex_processes": 2, "total_unique_process_observations": 6, "roles": ["mutation"]}
{"active_codex_processes": 2, "total_unique_process_observations": 6, "roles": ["mutation"]}
{"active_codex_processes": 2, "total_unique_process_observations": 6, "roles": ["mutation"]}
{"active_codex_processes": 2, "total_unique_process_observations": 6, "roles": ["mutation"]}
{"active_codex_processes": 2, "total_unique_process_observations": 6, "roles": ["mutation"]}
{"active_codex_processes": 2, "total_unique_process_observations": 6, "roles": ["mutation"]}
{"active_codex_processes": 2, "total_unique_process_observations": 6, "roles": ["mutation"]}
{"active_codex_processes": 2, "total_unique_process_observations": 6, "roles": ["mutation"]}
{"active_codex_processes": 2, "total_unique_process_observations": 6, "roles": ["mutation"]}
{"active_codex_processes": 2, "total_unique_process_observations": 8, "roles": ["novelty"]}
{"active_codex_processes": 2, "total_unique_process_observations": 8, "roles": ["novelty"]}
{"active_codex_processes": 0, "total_unique_process_observations": 8, "roles": []}
{"active_codex_processes": 0, "total_unique_process_observations": 8, "roles": []}
{"active_codex_processes": 0, "total_unique_process_observations": 8, "roles": []}
{"active_codex_processes": 0, "total_unique_process_observations": 8, "roles": []}
{"active_codex_processes": 0, "total_unique_process_observations": 8, "roles": []}
{"active_codex_processes": 0, "total_unique_process_observations": 8, "roles": []}
{"active_codex_processes": 0, "total_unique_process_observations": 8, "roles": []}
{"active_codex_processes": 0, "total_unique_process_observations": 8, "roles": []}
{"active_codex_processes": 0, "total_unique_process_observations": 8, "roles": []}
{"active_codex_processes": 0, "total_unique_process_observations": 8, "roles": []}
{"active_codex_processes": 0, "total_unique_process_observations": 8, "roles": []}
{"active_codex_processes": 0, "total_unique_process_observations": 8, "roles": []}
{"active_codex_processes": 0, "total_unique_process_observations": 8, "roles": []}
{"active_codex_processes": 0, "total_unique_process_observations": 8, "roles": []}
{"active_codex_processes": 0, "total_unique_process_observations": 8, "roles": []}
{"active_codex_processes": 0, "total_unique_process_observations": 8, "roles": []}
{"active_codex_processes": 0, "total_unique_process_observations": 8, "roles": []}
{"active_codex_processes": 0, "total_unique_process_observations": 8, "roles": []}
{"active_codex_processes": 0, "total_unique_process_observations": 8, "roles": []}
{"active_codex_processes": 0, "total_unique_process_observations": 8, "roles": []}
{"active_codex_processes": 2, "total_unique_process_observations": 10, "roles": ["mutation"]}
{"active_codex_processes": 2, "total_unique_process_observations": 10, "roles": ["mutation"]}
{"active_codex_processes": 2, "total_unique_process_observations": 10, "roles": ["mutation"]}
{"active_codex_processes": 2, "total_unique_process_observations": 10, "roles": ["mutation"]}
{"active_codex_processes": 2, "total_unique_process_observations": 10, "roles": ["mutation"]}
{"active_codex_processes": 2, "total_unique_process_observations": 10, "roles": ["mutation"]}
{"active_codex_processes": 2, "total_unique_process_observations": 10, "roles": ["mutation"]}
{"active_codex_processes": 2, "total_unique_process_observations": 10, "roles": ["mutation"]}
{"active_codex_processes": 2, "total_unique_process_observations": 10, "roles": ["mutation"]}
{"active_codex_processes": 2, "total_unique_process_observations": 10, "roles": ["mutation"]}
{"active_codex_processes": 2, "total_unique_process_observations": 10, "roles": ["mutation"]}
{"active_codex_processes": 2, "total_unique_process_observations": 10, "roles": ["mutation"]}
{"active_codex_processes": 2, "total_unique_process_observations": 10, "roles": ["mutation"]}
{"active_codex_processes": 0, "total_unique_process_observations": 10, "roles": []}
{"active_codex_processes": 2, "total_unique_process_observations": 12, "roles": ["novelty"]}
{"active_codex_processes": 0, "total_unique_process_observations": 12, "roles": []}
{"active_codex_processes": 0, "total_unique_process_observations": 12, "roles": []}
{"active_codex_processes": 0, "total_unique_process_observations": 12, "roles": []}
{"active_codex_processes": 0, "total_unique_process_observations": 12, "roles": []}
{"active_codex_processes": 0, "total_unique_process_observations": 12, "roles": []}
{"active_codex_processes": 0, "total_unique_process_observations": 12, "roles": []}
{"active_codex_processes": 0, "total_unique_process_observations": 12, "roles": []}
{"active_codex_processes": 0, "total_unique_process_observations": 12, "roles": []}
{"active_codex_processes": 0, "total_unique_process_observations": 12, "roles": []}
{"active_codex_processes": 0, "total_unique_process_observations": 12, "roles": []}
{"active_codex_processes": 0, "total_unique_process_observations": 12, "roles": []}
{"active_codex_processes": 0, "total_unique_process_observations": 12, "roles": []}
{"active_codex_processes": 0, "total_unique_process_observations": 12, "roles": []}
{"active_codex_processes": 0, "total_unique_process_observations": 12, "roles": []}
{"active_codex_processes": 0, "total_unique_process_observations": 12, "roles": []}
{"active_codex_processes": 0, "total_unique_process_observations": 12, "roles": []}
{"active_codex_processes": 0, "total_unique_process_observations": 12, "roles": []}
{"active_codex_processes": 2, "total_unique_process_observations": 14, "roles": ["mutation"]}
{"active_codex_processes": 2, "total_unique_process_observations": 14, "roles": ["mutation"]}
{"active_codex_processes": 2, "total_unique_process_observations": 14, "roles": ["mutation"]}
{"active_codex_processes": 2, "total_unique_process_observations": 14, "roles": ["mutation"]}
{"active_codex_processes": 2, "total_unique_process_observations": 14, "roles": ["mutation"]}
{"active_codex_processes": 2, "total_unique_process_observations": 14, "roles": ["mutation"]}
{"active_codex_processes": 2, "total_unique_process_observations": 14, "roles": ["mutation"]}
{"active_codex_processes": 2, "total_unique_process_observations": 14, "roles": ["mutation"]}
{"active_codex_processes": 2, "total_unique_process_observations": 14, "roles": ["mutation"]}
{"active_codex_processes": 2, "total_unique_process_observations": 14, "roles": ["mutation"]}
{"active_codex_processes": 2, "total_unique_process_observations": 14, "roles": ["mutation"]}
{"active_codex_processes": 2, "total_unique_process_observations": 14, "roles": ["mutation"]}
{"active_codex_processes": 0, "total_unique_process_observations": 14, "roles": []}
{"active_codex_processes": 2, "total_unique_process_observations": 16, "roles": ["novelty"]}
{"active_codex_processes": 2, "total_unique_process_observations": 16, "roles": ["novelty"]}
{"active_codex_processes": 0, "total_unique_process_observations": 16, "roles": []}
{"active_codex_processes": 0, "total_unique_process_observations": 16, "roles": []}
{"active_codex_processes": 0, "total_unique_process_observations": 16, "roles": []}
{"active_codex_processes": 0, "total_unique_process_observations": 16, "roles": []}
{"active_codex_processes": 0, "total_unique_process_observations": 16, "roles": []}
{"active_codex_processes": 0, "total_unique_process_observations": 16, "roles": []}
{"active_codex_processes": 0, "total_unique_process_observations": 16, "roles": []}
{"active_codex_processes": 0, "total_unique_process_observations": 16, "roles": []}
{"active_codex_processes": 0, "total_unique_process_observations": 16, "roles": []}
{"active_codex_processes": 0, "total_unique_process_observations": 16, "roles": []}
{"active_codex_processes": 0, "total_unique_process_observations": 16, "roles": []}
{"active_codex_processes": 0, "total_unique_process_observations": 16, "roles": []}
{"active_codex_processes": 0, "total_unique_process_observations": 16, "roles": []}
{"active_codex_processes": 0, "total_unique_process_observations": 16, "roles": []}
{"active_codex_processes": 0, "total_unique_process_observations": 16, "roles": []}
{"active_codex_processes": 0, "total_unique_process_observations": 16, "roles": []}
{"active_codex_processes": 2, "total_unique_process_observations": 18, "roles": ["meta", "mutation"]}
{"active_codex_processes": 2, "total_unique_process_observations": 18, "roles": ["meta", "mutation"]}
{"active_codex_processes": 2, "total_unique_process_observations": 18, "roles": ["meta", "mutation"]}
{"active_codex_processes": 2, "total_unique_process_observations": 18, "roles": ["meta", "mutation"]}
{"active_codex_processes": 2, "total_unique_process_observations": 18, "roles": ["meta", "mutation"]}
{"active_codex_processes": 2, "total_unique_process_observations": 20, "roles": ["meta", "mutation"]}
{"active_codex_processes": 2, "total_unique_process_observations": 20, "roles": ["meta", "mutation"]}
{"active_codex_processes": 2, "total_unique_process_observations": 20, "roles": ["meta", "mutation"]}
{"active_codex_processes": 2, "total_unique_process_observations": 20, "roles": ["meta", "mutation"]}
{"active_codex_processes": 2, "total_unique_process_observations": 22, "roles": ["meta", "mutation"]}
{"active_codex_processes": 2, "total_unique_process_observations": 22, "roles": ["meta", "mutation"]}
{"active_codex_processes": 2, "total_unique_process_observations": 22, "roles": ["meta", "mutation"]}
{"active_codex_processes": 2, "total_unique_process_observations": 22, "roles": ["meta", "mutation"]}
{"active_codex_processes": 2, "total_unique_process_observations": 24, "roles": ["meta", "mutation"]}
{"active_codex_processes": 2, "total_unique_process_observations": 24, "roles": ["meta", "mutation"]}
{"active_codex_processes": 2, "total_unique_process_observations": 24, "roles": ["meta", "mutation"]}
{"active_codex_processes": 2, "total_unique_process_observations": 24, "roles": ["meta", "mutation"]}
{"active_codex_processes": 2, "total_unique_process_observations": 24, "roles": ["meta", "mutation"]}
{"active_codex_processes": 2, "total_unique_process_observations": 26, "roles": ["meta", "mutation"]}
{"active_codex_processes": 2, "total_unique_process_observations": 26, "roles": ["meta", "mutation"]}
{"active_codex_processes": 2, "total_unique_process_observations": 26, "roles": ["meta", "mutation"]}
{"active_codex_processes": 0, "total_unique_process_observations": 26, "roles": []}
{"active_codex_processes": 2, "total_unique_process_observations": 28, "roles": ["meta", "mutation"]}
{"active_codex_processes": 2, "total_unique_process_observations": 28, "roles": ["meta", "mutation"]}
{"active_codex_processes": 2, "total_unique_process_observations": 28, "roles": ["meta", "mutation"]}
{"active_codex_processes": 2, "total_unique_process_observations": 28, "roles": ["meta", "mutation"]}
{"active_codex_processes": 2, "total_unique_process_observations": 28, "roles": ["meta", "mutation"]}
{"active_codex_processes": 2, "total_unique_process_observations": 28, "roles": ["meta", "mutation"]}
{"active_codex_processes": 2, "total_unique_process_observations": 28, "roles": ["meta", "mutation"]}
{"active_codex_processes": 2, "total_unique_process_observations": 28, "roles": ["meta", "mutation"]}
{"active_codex_processes": 2, "total_unique_process_observations": 28, "roles": ["meta", "mutation"]}
{"active_codex_processes": 2, "total_unique_process_observations": 28, "roles": ["meta", "mutation"]}
{"active_codex_processes": 2, "total_unique_process_observations": 28, "roles": ["meta", "mutation"]}
{"active_codex_processes": 2, "total_unique_process_observations": 28, "roles": ["meta", "mutation"]}
{"active_codex_processes": 2, "total_unique_process_observations": 28, "roles": ["meta", "mutation"]}
{"active_codex_processes": 0, "total_unique_process_observations": 28, "roles": []}
{"active_codex_processes": 2, "total_unique_process_observations": 30, "roles": ["meta", "novelty"]}
{"active_codex_processes": 2, "total_unique_process_observations": 30, "roles": ["meta", "novelty"]}
{"active_codex_processes": 2, "total_unique_process_observations": 30, "roles": ["meta", "novelty"]}
{"active_codex_processes": 2, "total_unique_process_observations": 30, "roles": ["meta", "novelty"]}
{"active_codex_processes": 2, "total_unique_process_observations": 30, "roles": ["meta", "novelty"]}
{"active_codex_processes": 2, "total_unique_process_observations": 30, "roles": ["meta", "novelty"]}
{"active_codex_processes": 2, "total_unique_process_observations": 30, "roles": ["meta", "novelty"]}
{"active_codex_processes": 2, "total_unique_process_observations": 30, "roles": ["meta", "novelty"]}
{"active_codex_processes": 2, "total_unique_process_observations": 30, "roles": ["meta", "novelty"]}
{"active_codex_processes": 2, "total_unique_process_observations": 30, "roles": ["meta", "novelty"]}
{"active_codex_processes": 2, "total_unique_process_observations": 30, "roles": ["meta", "novelty"]}
{"active_codex_processes": 2, "total_unique_process_observations": 30, "roles": ["meta", "novelty"]}
{"active_codex_processes": 2, "total_unique_process_observations": 30, "roles": ["meta", "novelty"]}
{"active_codex_processes": 2, "total_unique_process_observations": 30, "roles": ["meta", "novelty"]}
{"active_codex_processes": 2, "total_unique_process_observations": 30, "roles": ["meta", "novelty"]}
{"active_codex_processes": 0, "total_unique_process_observations": 30, "roles": []}
{"active_codex_processes": 2, "total_unique_process_observations": 32, "roles": ["meta", "novelty"]}
{"active_codex_processes": 2, "total_unique_process_observations": 32, "roles": ["meta", "novelty"]}
{"active_codex_processes": 2, "total_unique_process_observations": 34, "roles": ["meta"]}
{"active_codex_processes": 2, "total_unique_process_observations": 34, "roles": ["meta"]}
{"active_codex_processes": 2, "total_unique_process_observations": 34, "roles": ["meta"]}
{"active_codex_processes": 2, "total_unique_process_observations": 34, "roles": ["meta"]}
{"active_codex_processes": 2, "total_unique_process_observations": 34, "roles": ["meta"]}
{"active_codex_processes": 2, "total_unique_process_observations": 34, "roles": ["meta"]}
{"active_codex_processes": 2, "total_unique_process_observations": 34, "roles": ["meta"]}
{"active_codex_processes": 2, "total_unique_process_observations": 34, "roles": ["meta"]}
{"active_codex_processes": 2, "total_unique_process_observations": 34, "roles": ["meta"]}
{"active_codex_processes": 2, "total_unique_process_observations": 34, "roles": ["meta"]}
{"active_codex_processes": 2, "total_unique_process_observations": 34, "roles": ["meta"]}
{"active_codex_processes": 2, "total_unique_process_observations": 34, "roles": ["meta"]}
{"active_codex_processes": 2, "total_unique_process_observations": 34, "roles": ["meta"]}
{"active_codex_processes": 2, "total_unique_process_observations": 34, "roles": ["meta"]}
{"active_codex_processes": 0, "total_unique_process_observations": 34, "roles": []}
{"active_codex_processes": 0, "total_unique_process_observations": 34, "roles": []}
{"active_codex_processes": 0, "total_unique_process_observations": 34, "roles": []}
{"active_codex_processes": 2, "total_unique_process_observations": 36, "roles": ["mutation"]}
{"active_codex_processes": 2, "total_unique_process_observations": 36, "roles": ["mutation"]}
{"active_codex_processes": 2, "total_unique_process_observations": 36, "roles": ["mutation"]}
{"active_codex_processes": 2, "total_unique_process_observations": 36, "roles": ["mutation"]}
{"active_codex_processes": 2, "total_unique_process_observations": 36, "roles": ["mutation"]}
{"active_codex_processes": 2, "total_unique_process_observations": 36, "roles": ["mutation"]}
{"active_codex_processes": 2, "total_unique_process_observations": 36, "roles": ["mutation"]}
{"active_codex_processes": 2, "total_unique_process_observations": 36, "roles": ["mutation"]}
{"active_codex_processes": 2, "total_unique_process_observations": 36, "roles": ["mutation"]}
{"active_codex_processes": 2, "total_unique_process_observations": 36, "roles": ["mutation"]}
{"active_codex_processes": 2, "total_unique_process_observations": 38, "roles": ["novelty"]}
{"active_codex_processes": 2, "total_unique_process_observations": 38, "roles": ["novelty"]}
{"active_codex_processes": 2, "total_unique_process_observations": 38, "roles": ["novelty"]}
{"active_codex_processes": 0, "total_unique_process_observations": 38, "roles": []}
{"active_codex_processes": 0, "total_unique_process_observations": 38, "roles": []}
{"active_codex_processes": 0, "total_unique_process_observations": 38, "roles": []}
{"active_codex_processes": 0, "total_unique_process_observations": 38, "roles": []}
{"active_codex_processes": 0, "total_unique_process_observations": 38, "roles": []}
{"active_codex_processes": 0, "total_unique_process_observations": 38, "roles": []}
{"active_codex_processes": 0, "total_unique_process_observations": 38, "roles": []}
{"active_codex_processes": 0, "total_unique_process_observations": 38, "roles": []}
{"active_codex_processes": 0, "total_unique_process_observations": 38, "roles": []}
{"active_codex_processes": 0, "total_unique_process_observations": 38, "roles": []}
{"active_codex_processes": 0, "total_unique_process_observations": 38, "roles": []}
{"active_codex_processes": 0, "total_unique_process_observations": 38, "roles": []}
{"active_codex_processes": 0, "total_unique_process_observations": 38, "roles": []}
{"active_codex_processes": 0, "total_unique_process_observations": 38, "roles": []}
{"active_codex_processes": 0, "total_unique_process_observations": 38, "roles": []}
{"active_codex_processes": 0, "total_unique_process_observations": 38, "roles": []}
{"active_codex_processes": 2, "total_unique_process_observations": 40, "roles": ["mutation"]}
{"active_codex_processes": 2, "total_unique_process_observations": 40, "roles": ["mutation"]}
{"active_codex_processes": 2, "total_unique_process_observations": 40, "roles": ["mutation"]}
{"active_codex_processes": 2, "total_unique_process_observations": 40, "roles": ["mutation"]}
{"active_codex_processes": 2, "total_unique_process_observations": 40, "roles": ["mutation"]}
{"active_codex_processes": 2, "total_unique_process_observations": 40, "roles": ["mutation"]}
{"active_codex_processes": 2, "total_unique_process_observations": 40, "roles": ["mutation"]}
{"active_codex_processes": 2, "total_unique_process_observations": 40, "roles": ["mutation"]}
{"active_codex_processes": 2, "total_unique_process_observations": 40, "roles": ["mutation"]}
{"active_codex_processes": 2, "total_unique_process_observations": 40, "roles": ["mutation"]}
{"active_codex_processes": 2, "total_unique_process_observations": 40, "roles": ["mutation"]}
{"active_codex_processes": 2, "total_unique_process_observations": 40, "roles": ["mutation"]}
{"active_codex_processes": 0, "total_unique_process_observations": 40, "roles": []}
{"active_codex_processes": 2, "total_unique_process_observations": 42, "roles": ["novelty"]}
{"active_codex_processes": 2, "total_unique_process_observations": 42, "roles": ["novelty"]}
{"active_codex_processes": 0, "total_unique_process_observations": 42, "roles": []}
{"active_codex_processes": 0, "total_unique_process_observations": 42, "roles": []}
{"active_codex_processes": 0, "total_unique_process_observations": 42, "roles": []}
{"active_codex_processes": 0, "total_unique_process_observations": 42, "roles": []}
{"active_codex_processes": 0, "total_unique_process_observations": 42, "roles": []}
{"active_codex_processes": 0, "total_unique_process_observations": 42, "roles": []}
{"active_codex_processes": 0, "total_unique_process_observations": 42, "roles": []}
{"active_codex_processes": 0, "total_unique_process_observations": 42, "roles": []}
{"active_codex_processes": 0, "total_unique_process_observations": 42, "roles": []}
{"active_codex_processes": 0, "total_unique_process_observations": 42, "roles": []}
{"active_codex_processes": 0, "total_unique_process_observations": 42, "roles": []}
{"active_codex_processes": 0, "total_unique_process_observations": 42, "roles": []}
{"active_codex_processes": 0, "total_unique_process_observations": 42, "roles": []}
{"active_codex_processes": 0, "total_unique_process_observations": 42, "roles": []}
{"active_codex_processes": 0, "total_unique_process_observations": 42, "roles": []}
{"active_codex_processes": 0, "total_unique_process_observations": 42, "roles": []}
{"active_codex_processes": 0, "total_unique_process_observations": 42, "roles": []}
{"active_codex_processes": 0, "total_unique_process_observations": 42, "roles": []}
{"active_codex_processes": 2, "total_unique_process_observations": 44, "roles": ["mutation"]}
{"active_codex_processes": 2, "total_unique_process_observations": 44, "roles": ["mutation"]}
{"active_codex_processes": 2, "total_unique_process_observations": 44, "roles": ["mutation"]}
{"active_codex_processes": 2, "total_unique_process_observations": 44, "roles": ["mutation"]}
{"active_codex_processes": 2, "total_unique_process_observations": 44, "roles": ["mutation"]}
{"active_codex_processes": 2, "total_unique_process_observations": 44, "roles": ["mutation"]}
{"active_codex_processes": 2, "total_unique_process_observations": 44, "roles": ["mutation"]}
{"active_codex_processes": 2, "total_unique_process_observations": 44, "roles": ["mutation"]}
{"active_codex_processes": 2, "total_unique_process_observations": 44, "roles": ["mutation"]}
{"active_codex_processes": 2, "total_unique_process_observations": 44, "roles": ["mutation"]}
{"active_codex_processes": 2, "total_unique_process_observations": 44, "roles": ["mutation"]}
{"active_codex_processes": 2, "total_unique_process_observations": 44, "roles": ["mutation"]}
{"active_codex_processes": 0, "total_unique_process_observations": 44, "roles": []}
{"active_codex_processes": 2, "total_unique_process_observations": 46, "roles": ["novelty"]}
{"active_codex_processes": 0, "total_unique_process_observations": 46, "roles": []}
{"active_codex_processes": 2, "total_unique_process_observations": 48, "roles": ["mutation"]}
{"active_codex_processes": 2, "total_unique_process_observations": 48, "roles": ["mutation"]}
{"active_codex_processes": 2, "total_unique_process_observations": 48, "roles": ["mutation"]}
{"active_codex_processes": 2, "total_unique_process_observations": 48, "roles": ["mutation"]}
{"active_codex_processes": 2, "total_unique_process_observations": 48, "roles": ["mutation"]}
{"active_codex_processes": 2, "total_unique_process_observations": 48, "roles": ["mutation"]}
{"active_codex_processes": 2, "total_unique_process_observations": 48, "roles": ["mutation"]}
{"active_codex_processes": 2, "total_unique_process_observations": 48, "roles": ["mutation"]}
{"active_codex_processes": 2, "total_unique_process_observations": 48, "roles": ["mutation"]}
{"active_codex_processes": 2, "total_unique_process_observations": 48, "roles": ["mutation"]}
{"active_codex_processes": 2, "total_unique_process_observations": 48, "roles": ["mutation"]}
{"active_codex_processes": 2, "total_unique_process_observations": 48, "roles": ["mutation"]}
{"active_codex_processes": 2, "total_unique_process_observations": 48, "roles": ["mutation"]}
{"active_codex_processes": 2, "total_unique_process_observations": 48, "roles": ["mutation"]}
{"active_codex_processes": 2, "total_unique_process_observations": 48, "roles": ["mutation"]}
{"active_codex_processes": 2, "total_unique_process_observations": 48, "roles": ["mutation"]}
{"active_codex_processes": 2, "total_unique_process_observations": 48, "roles": ["mutation"]}
{"active_codex_processes": 0, "total_unique_process_observations": 48, "roles": []}
{"active_codex_processes": 2, "total_unique_process_observations": 50, "roles": ["novelty"]}
{"active_codex_processes": 2, "total_unique_process_observations": 50, "roles": ["novelty"]}
{"active_codex_processes": 0, "total_unique_process_observations": 50, "roles": []}
{"active_codex_processes": 0, "total_unique_process_observations": 50, "roles": []}
{"active_codex_processes": 0, "total_unique_process_observations": 50, "roles": []}
{"active_codex_processes": 0, "total_unique_process_observations": 50, "roles": []}
{"active_codex_processes": 0, "total_unique_process_observations": 50, "roles": []}
{"active_codex_processes": 0, "total_unique_process_observations": 50, "roles": []}
{"active_codex_processes": 0, "total_unique_process_observations": 50, "roles": []}
{"active_codex_processes": 0, "total_unique_process_observations": 50, "roles": []}
{"active_codex_processes": 0, "total_unique_process_observations": 50, "roles": []}
{"active_codex_processes": 0, "total_unique_process_observations": 50, "roles": []}
{"active_codex_processes": 0, "total_unique_process_observations": 50, "roles": []}
{"active_codex_processes": 0, "total_unique_process_observations": 50, "roles": []}
{"active_codex_processes": 0, "total_unique_process_observations": 50, "roles": []}
{"active_codex_processes": 0, "total_unique_process_observations": 50, "roles": []}
{"active_codex_processes": 0, "total_unique_process_observations": 50, "roles": []}
{"active_codex_processes": 0, "total_unique_process_observations": 50, "roles": []}
{"active_codex_processes": 0, "total_unique_process_observations": 50, "roles": []}
{"active_codex_processes": 2, "total_unique_process_observations": 52, "roles": ["meta"]}
{"active_codex_processes": 2, "total_unique_process_observations": 52, "roles": ["meta"]}
{"active_codex_processes": 2, "total_unique_process_observations": 52, "roles": ["meta"]}
{"active_codex_processes": 2, "total_unique_process_observations": 52, "roles": ["meta"]}
{"active_codex_processes": 2, "total_unique_process_observations": 52, "roles": ["meta"]}
{"active_codex_processes": 2, "total_unique_process_observations": 52, "roles": ["meta"]}
{"active_codex_processes": 2, "total_unique_process_observations": 54, "roles": ["meta"]}
{"active_codex_processes": 2, "total_unique_process_observations": 54, "roles": ["meta"]}
{"active_codex_processes": 2, "total_unique_process_observations": 54, "roles": ["meta"]}
{"active_codex_processes": 2, "total_unique_process_observations": 54, "roles": ["meta"]}
{"active_codex_processes": 2, "total_unique_process_observations": 54, "roles": ["meta"]}
{"active_codex_processes": 0, "total_unique_process_observations": 54, "roles": []}
{"active_codex_processes": 2, "total_unique_process_observations": 56, "roles": ["meta"]}
{"active_codex_processes": 2, "total_unique_process_observations": 56, "roles": ["meta"]}
{"active_codex_processes": 2, "total_unique_process_observations": 56, "roles": ["meta"]}
{"active_codex_processes": 2, "total_unique_process_observations": 56, "roles": ["meta"]}
{"active_codex_processes": 2, "total_unique_process_observations": 58, "roles": ["meta"]}
{"active_codex_processes": 2, "total_unique_process_observations": 58, "roles": ["meta"]}
{"active_codex_processes": 2, "total_unique_process_observations": 58, "roles": ["meta"]}
{"active_codex_processes": 2, "total_unique_process_observations": 58, "roles": ["meta"]}
{"active_codex_processes": 2, "total_unique_process_observations": 58, "roles": ["meta"]}
{"active_codex_processes": 0, "total_unique_process_observations": 58, "roles": []}
{"active_codex_processes": 2, "total_unique_process_observations": 60, "roles": ["meta"]}
{"active_codex_processes": 2, "total_unique_process_observations": 60, "roles": ["meta"]}
{"active_codex_processes": 2, "total_unique_process_observations": 60, "roles": ["meta"]}
{"active_codex_processes": 2, "total_unique_process_observations": 60, "roles": ["meta"]}
{"active_codex_processes": 2, "total_unique_process_observations": 60, "roles": ["meta"]}
{"active_codex_processes": 2, "total_unique_process_observations": 60, "roles": ["meta"]}
{"active_codex_processes": 2, "total_unique_process_observations": 60, "roles": ["meta"]}
{"active_codex_processes": 2, "total_unique_process_observations": 60, "roles": ["meta"]}
{"active_codex_processes": 2, "total_unique_process_observations": 60, "roles": ["meta"]}
{"active_codex_processes": 2, "total_unique_process_observations": 60, "roles": ["meta"]}
{"active_codex_processes": 2, "total_unique_process_observations": 60, "roles": ["meta"]}
{"active_codex_processes": 2, "total_unique_process_observations": 60, "roles": ["meta"]}
{"active_codex_processes": 2, "total_unique_process_observations": 60, "roles": ["meta"]}
{"active_codex_processes": 2, "total_unique_process_observations": 60, "roles": ["meta"]}
{"active_codex_processes": 2, "total_unique_process_observations": 60, "roles": ["meta"]}
{"active_codex_processes": 0, "total_unique_process_observations": 60, "roles": []}
{"active_codex_processes": 2, "total_unique_process_observations": 62, "roles": ["meta"]}
{"active_codex_processes": 2, "total_unique_process_observations": 62, "roles": ["meta"]}
{"active_codex_processes": 2, "total_unique_process_observations": 62, "roles": ["meta"]}
{"active_codex_processes": 2, "total_unique_process_observations": 62, "roles": ["meta"]}
{"active_codex_processes": 2, "total_unique_process_observations": 62, "roles": ["meta"]}
{"active_codex_processes": 2, "total_unique_process_observations": 62, "roles": ["meta"]}
{"active_codex_processes": 2, "total_unique_process_observations": 62, "roles": ["meta"]}
{"active_codex_processes": 2, "total_unique_process_observations": 62, "roles": ["meta"]}
{"active_codex_processes": 2, "total_unique_process_observations": 62, "roles": ["meta"]}
{"active_codex_processes": 2, "total_unique_process_observations": 62, "roles": ["meta"]}
{"active_codex_processes": 2, "total_unique_process_observations": 62, "roles": ["meta"]}
{"active_codex_processes": 2, "total_unique_process_observations": 62, "roles": ["meta"]}
{"active_codex_processes": 2, "total_unique_process_observations": 62, "roles": ["meta"]}
{"active_codex_processes": 2, "total_unique_process_observations": 62, "roles": ["meta"]}
{"active_codex_processes": 2, "total_unique_process_observations": 62, "roles": ["meta"]}
{"active_codex_processes": 2, "total_unique_process_observations": 62, "roles": ["meta"]}
{"active_codex_processes": 0, "total_unique_process_observations": 62, "roles": []}
{"at": "2026-09-16T16:37:43.857292+00:00", "observer_finished": "search_complete"}
