{
  "phase": "development",
  "selected": {
    "generation": 0,
    "status": "completed",
    "source": "evolution/search_seed_640001/gen_0/main.py",
    "source_sha256": "c1ec64da1e05a1c1b9181e9a58e30600a97499f4ea28912d703fa251c668a284",
    "mean_offline_error": 1.7445687815149309,
    "case_errors": [
      2.0507302792102933,
      2.23264559928194,
      2.27094785962223,
      0.8479834065692461,
      1.9039338603891238,
      1.2959170786834706,
      1.6857014922205977,
      1.6686906761425453
    ]
  },
  "method_errors": {
    "mpso_5_0": {
      "n": 8,
      "mean": 1.7434847515593637,
      "median": 1.7867109890984785,
      "sd": 0.4141075294551604,
      "min": 0.9772864760192198,
      "max": 2.2124504100864697,
      "values": [
        2.2124504100864697,
        1.713590800625034,
        1.8598311775719227,
        0.9772864760192198,
        1.508321722950969,
        2.0031332487225146,
        1.4910132581596958,
        2.1822509183390837
      ]
    },
    "mpso_5_1": {
      "n": 8,
      "mean": 1.7445687815149309,
      "median": 1.7948176763048607,
      "sd": 0.48532795018127894,
      "min": 0.8479834065692461,
      "max": 2.27094785962223,
      "values": [
        2.0507302792102933,
        2.23264559928194,
        2.27094785962223,
        0.8479834065692461,
        1.9039338603891238,
        1.2959170786834706,
        1.6857014922205977,
        1.6686906761425453
      ]
    },
    "selected": {
      "n": 8,
      "mean": 1.7445687815149309,
      "median": 1.7948176763048607,
      "sd": 0.48532795018127894,
      "min": 0.8479834065692461,
      "max": 2.27094785962223,
      "values": [
        2.0507302792102933,
        2.23264559928194,
        2.27094785962223,
        0.8479834065692461,
        1.9039338603891238,
        1.2959170786834706,
        1.6857014922205977,
        1.6686906761425453
      ]
    }
  },
  "contrasts": {
    "selected_minus_mpso_5_1": {
      "method": "selected",
      "reference": "mpso_5_1",
      "n": 8,
      "mean": 0.0,
      "median": 0.0,
      "sd": 0.0,
      "min": 0.0,
      "max": 0.0,
      "values": [
        0.0,
        0.0,
        0.0,
        0.0,
        0.0,
        0.0,
        0.0,
        0.0
      ],
      "descriptive_95_percent_interval": [
        0.0,
        0.0
      ],
      "wins": 0,
      "losses": 0,
      "ties": 8,
      "leave_one_case_out_means": [
        0.0,
        0.0,
        0.0,
        0.0,
        0.0,
        0.0,
        0.0,
        0.0
      ],
      "largest_absolute_case_contribution": {
        "case_index": 0,
        "difference": 0.0,
        "contribution_to_mean": 0.0,
        "fraction_of_net_effect": null,
        "retained": true
      }
    },
    "selected_minus_mpso_5_0": {
      "method": "selected",
      "reference": "mpso_5_0",
      "n": 8,
      "mean": 0.0010840299555671673,
      "median": 0.032692582305464124,
      "sd": 0.4534958495795035,
      "min": -0.707216170039044,
      "max": 0.5190547986569058,
      "values": [
        -0.16172013087617643,
        0.5190547986569058,
        0.41111668205030716,
        -0.12930306944997372,
        0.39561213743815493,
        -0.707216170039044,
        0.19468823406090197,
        -0.5135602421965384
      ],
      "descriptive_95_percent_interval": [
        -0.3063453015246227,
        0.28555939873128233
      ],
      "wins": 4,
      "losses": 4,
      "ties": 0,
      "leave_one_case_out_means": [
        0.024341767217244823,
        -0.07291179414462408,
        -0.05749206320082426,
        0.01971075844207301,
        -0.05527712825623109,
        0.10226977281194019,
        -0.02657371348805209,
        0.07460464026301082
      ],
      "largest_absolute_case_contribution": {
        "case_index": 5,
        "difference": -0.707216170039044,
        "contribution_to_mean": -0.0884020212548805,
        "fraction_of_net_effect": -81.54942656416569,
        "retained": true
      }
    },
    "mpso_5_1_minus_mpso_5_0": {
      "method": "mpso_5_1",
      "reference": "mpso_5_0",
      "n": 8,
      "mean": 0.0010840299555671673,
      "median": 0.032692582305464124,
      "sd": 0.4534958495795035,
      "min": -0.707216170039044,
      "max": 0.5190547986569058,
      "values": [
        -0.16172013087617643,
        0.5190547986569058,
        0.41111668205030716,
        -0.12930306944997372,
        0.39561213743815493,
        -0.707216170039044,
        0.19468823406090197,
        -0.5135602421965384
      ],
      "descriptive_95_percent_interval": [
        -0.3063453015246227,
        0.28555939873128233
      ],
      "wins": 4,
      "losses": 4,
      "ties": 0,
      "leave_one_case_out_means": [
        0.024341767217244823,
        -0.07291179414462408,
        -0.05749206320082426,
        0.01971075844207301,
        -0.05527712825623109,
        0.10226977281194019,
        -0.02657371348805209,
        0.07460464026301082
      ],
      "largest_absolute_case_contribution": {
        "case_index": 5,
        "difference": -0.707216170039044,
        "contribution_to_mean": -0.0884020212548805,
        "fraction_of_net_effect": -81.54942656416569,
        "retained": true
      }
    }
  }
}
