[2026-09-16T16:00:30+00:00] +     0.1s case_reused: method=mpso_5_0 case_index=0 artifact=/home/roland/actir/shinka-adaptive-swarms/results/book_mpso_schedule_v1/20260916T154109Z/references/mpso_5_0/case_000.json.gz
[2026-09-16T16:00:30+00:00] +     0.1s case_start: method=mpso_5_1 case_index=0 budget=500000
[2026-09-16T16:00:30+00:00] +     0.1s case_start: stage=references method=mpso_5_1 case_index=0 completed=1
[2026-09-16T16:00:31+00:00] +     1.2s case_progress: method=mpso_5_1 case_index=0 evaluations=50000 offline_error=5.0677
[2026-09-16T16:00:32+00:00] +     2.2s case_progress: method=mpso_5_1 case_index=0 evaluations=100000 offline_error=5.6101
[2026-09-16T16:00:33+00:00] +     3.4s case_progress: method=mpso_5_1 case_index=0 evaluations=150000 offline_error=4.13
[2026-09-16T16:00:34+00:00] +     4.5s case_progress: method=mpso_5_1 case_index=0 evaluations=200000 offline_error=3.2612
[2026-09-16T16:00:35+00:00] +     5.5s case_progress: method=mpso_5_1 case_index=0 evaluations=250000 offline_error=2.8269
[2026-09-16T16:00:36+00:00] +     6.7s case_progress: method=mpso_5_1 case_index=0 evaluations=300000 offline_error=2.4571
[2026-09-16T16:00:37+00:00] +     7.8s case_progress: method=mpso_5_1 case_index=0 evaluations=350000 offline_error=2.3491
[2026-09-16T16:00:38+00:00] +     8.9s case_progress: method=mpso_5_1 case_index=0 evaluations=400000 offline_error=2.2528
[2026-09-16T16:00:40+00:00] +    10.0s case_progress: method=mpso_5_1 case_index=0 evaluations=450000 offline_error=2.1126
[2026-09-16T16:00:41+00:00] +    11.1s case_progress: method=mpso_5_1 case_index=0 evaluations=500000 offline_error=2.0507
[2026-09-16T16:00:41+00:00] +    11.4s case_complete: method=mpso_5_1 case_index=0 offline_error=2.0507 elapsed_seconds=11.288 completed=2
[2026-09-16T16:00:41+00:00] +    11.4s case_complete: stage=references method=mpso_5_1 case_index=0 offline_error=2.0507 elapsed_seconds=11.288 completed=2
[2026-09-16T16:00:41+00:00] +    11.4s case_start: method=mpso_5_0 case_index=1 budget=500000
[2026-09-16T16:00:41+00:00] +    11.4s case_start: stage=references method=mpso_5_0 case_index=1 completed=2
[2026-09-16T16:00:42+00:00] +    12.4s case_progress: method=mpso_5_0 case_index=1 evaluations=50000 offline_error=3.3643
[2026-09-16T16:00:43+00:00] +    13.5s case_progress: method=mpso_5_0 case_index=1 evaluations=100000 offline_error=4.3502
[2026-09-16T16:00:44+00:00] +    14.6s case_progress: method=mpso_5_0 case_index=1 evaluations=150000 offline_error=3.1388
[2026-09-16T16:00:45+00:00] +    15.8s case_progress: method=mpso_5_0 case_index=1 evaluations=200000 offline_error=2.5695
[2026-09-16T16:00:47+00:00] +    17.0s case_progress: method=mpso_5_0 case_index=1 evaluations=250000 offline_error=2.2997
[2026-09-16T16:00:48+00:00] +    18.2s case_progress: method=mpso_5_0 case_index=1 evaluations=300000 offline_error=2.1555
[2026-09-16T16:00:49+00:00] +    19.5s case_progress: method=mpso_5_0 case_index=1 evaluations=350000 offline_error=2.0154
[2026-09-16T16:00:52+00:00] +    20.7s case_progress: method=mpso_5_0 case_index=1 evaluations=400000 offline_error=1.8694
[2026-09-16T16:00:53+00:00] +    22.0s case_progress: method=mpso_5_0 case_index=1 evaluations=450000 offline_error=1.7949
[2026-09-16T16:00:55+00:00] +    23.2s case_progress: method=mpso_5_0 case_index=1 evaluations=500000 offline_error=1.7136
[2026-09-16T16:00:55+00:00] +    23.5s case_complete: method=mpso_5_0 case_index=1 offline_error=1.7136 elapsed_seconds=12.121 completed=3
[2026-09-16T16:00:55+00:00] +    23.5s case_complete: stage=references method=mpso_5_0 case_index=1 offline_error=1.7136 elapsed_seconds=12.121 completed=3
[2026-09-16T16:00:55+00:00] +    23.5s case_start: method=mpso_5_1 case_index=1 budget=500000
[2026-09-16T16:00:55+00:00] +    23.5s case_start: stage=references method=mpso_5_1 case_index=1 completed=3
[2026-09-16T16:00:56+00:00] +    24.6s case_progress: method=mpso_5_1 case_index=1 evaluations=50000 offline_error=2.8907
[2026-09-16T16:00:57+00:00] +    25.7s case_progress: method=mpso_5_1 case_index=1 evaluations=100000 offline_error=3.8799
[2026-09-16T16:00:58+00:00] +    26.9s case_progress: method=mpso_5_1 case_index=1 evaluations=150000 offline_error=2.8542
[2026-09-16T16:01:00+00:00] +    28.0s case_progress: method=mpso_5_1 case_index=1 evaluations=200000 offline_error=2.3522
[2026-09-16T16:01:01+00:00] +    29.1s case_progress: method=mpso_5_1 case_index=1 evaluations=250000 offline_error=2.3977
[2026-09-16T16:01:02+00:00] +    30.5s case_progress: method=mpso_5_1 case_index=1 evaluations=300000 offline_error=2.2069
[2026-09-16T16:01:03+00:00] +    31.9s case_progress: method=mpso_5_1 case_index=1 evaluations=350000 offline_error=2.0681
[2026-09-16T16:01:04+00:00] +    33.0s case_progress: method=mpso_5_1 case_index=1 evaluations=400000 offline_error=1.8987
[2026-09-16T16:01:06+00:00] +    34.1s case_progress: method=mpso_5_1 case_index=1 evaluations=450000 offline_error=2.2594
[2026-09-16T16:01:07+00:00] +    35.2s case_progress: method=mpso_5_1 case_index=1 evaluations=500000 offline_error=2.2326
[2026-09-16T16:01:07+00:00] +    35.5s case_complete: method=mpso_5_1 case_index=1 offline_error=2.2326 elapsed_seconds=11.997 completed=4
[2026-09-16T16:01:07+00:00] +    35.5s case_complete: stage=references method=mpso_5_1 case_index=1 offline_error=2.2326 elapsed_seconds=11.997 completed=4
[2026-09-16T16:01:07+00:00] +    35.5s case_start: method=mpso_5_0 case_index=2 budget=500000
[2026-09-16T16:01:07+00:00] +    35.5s case_start: stage=references method=mpso_5_0 case_index=2 completed=4
[2026-09-16T16:01:08+00:00] +    36.5s case_progress: method=mpso_5_0 case_index=2 evaluations=50000 offline_error=1.666
[2026-09-16T16:01:09+00:00] +    37.5s case_progress: method=mpso_5_0 case_index=2 evaluations=100000 offline_error=1.5828
[2026-09-16T16:01:10+00:00] +    38.6s case_progress: method=mpso_5_0 case_index=2 evaluations=150000 offline_error=1.3563
[2026-09-16T16:01:11+00:00] +    39.7s case_progress: method=mpso_5_0 case_index=2 evaluations=200000 offline_error=1.6917
[2026-09-16T16:01:12+00:00] +    40.7s case_progress: method=mpso_5_0 case_index=2 evaluations=250000 offline_error=2.1968
[2026-09-16T16:01:13+00:00] +    41.9s case_progress: method=mpso_5_0 case_index=2 evaluations=300000 offline_error=2.3388
[2026-09-16T16:01:14+00:00] +    43.0s case_progress: method=mpso_5_0 case_index=2 evaluations=350000 offline_error=2.1588
[2026-09-16T16:01:16+00:00] +    44.1s case_progress: method=mpso_5_0 case_index=2 evaluations=400000 offline_error=2.0574
[2026-09-16T16:01:17+00:00] +    45.3s case_progress: method=mpso_5_0 case_index=2 evaluations=450000 offline_error=1.9514
[2026-09-16T16:01:18+00:00] +    46.4s case_progress: method=mpso_5_0 case_index=2 evaluations=500000 offline_error=1.8598
[2026-09-16T16:01:18+00:00] +    46.6s case_complete: method=mpso_5_0 case_index=2 offline_error=1.8598 elapsed_seconds=11.119 completed=5
[2026-09-16T16:01:18+00:00] +    46.6s case_complete: stage=references method=mpso_5_0 case_index=2 offline_error=1.8598 elapsed_seconds=11.119 completed=5
[2026-09-16T16:01:18+00:00] +    46.7s case_start: method=mpso_5_1 case_index=2 budget=500000
[2026-09-16T16:01:18+00:00] +    46.7s case_start: stage=references method=mpso_5_1 case_index=2 completed=5
[2026-09-16T16:01:19+00:00] +    47.6s case_progress: method=mpso_5_1 case_index=2 evaluations=50000 offline_error=3.5727
[2026-09-16T16:01:20+00:00] +    48.7s case_progress: method=mpso_5_1 case_index=2 evaluations=100000 offline_error=2.9978
[2026-09-16T16:01:21+00:00] +    49.9s case_progress: method=mpso_5_1 case_index=2 evaluations=150000 offline_error=2.7617
[2026-09-16T16:01:22+00:00] +    50.9s case_progress: method=mpso_5_1 case_index=2 evaluations=200000 offline_error=2.7088
[2026-09-16T16:01:24+00:00] +    52.1s case_progress: method=mpso_5_1 case_index=2 evaluations=250000 offline_error=3.0842
[2026-09-16T16:01:27+00:00] +    53.2s case_progress: method=mpso_5_1 case_index=2 evaluations=300000 offline_error=3.0737
[2026-09-16T16:01:28+00:00] +    54.4s case_progress: method=mpso_5_1 case_index=2 evaluations=350000 offline_error=2.7628
[2026-09-16T16:01:29+00:00] +    55.5s case_progress: method=mpso_5_1 case_index=2 evaluations=400000 offline_error=2.5476
[2026-09-16T16:01:30+00:00] +    56.8s case_progress: method=mpso_5_1 case_index=2 evaluations=450000 offline_error=2.3897
[2026-09-16T16:01:31+00:00] +    57.8s case_progress: method=mpso_5_1 case_index=2 evaluations=500000 offline_error=2.2709
[2026-09-16T16:01:31+00:00] +    58.1s case_complete: method=mpso_5_1 case_index=2 offline_error=2.2709 elapsed_seconds=11.405 completed=6
[2026-09-16T16:01:31+00:00] +    58.1s case_complete: stage=references method=mpso_5_1 case_index=2 offline_error=2.2709 elapsed_seconds=11.405 completed=6
[2026-09-16T16:01:32+00:00] +    58.1s case_start: method=mpso_5_0 case_index=3 budget=500000
[2026-09-16T16:01:32+00:00] +    58.1s case_start: stage=references method=mpso_5_0 case_index=3 completed=6
[2026-09-16T16:01:33+00:00] +    59.3s case_progress: method=mpso_5_0 case_index=3 evaluations=50000 offline_error=1.0253
[2026-09-16T16:01:34+00:00] +    60.8s case_progress: method=mpso_5_0 case_index=3 evaluations=100000 offline_error=0.81104
[2026-09-16T16:01:35+00:00] +    62.0s case_progress: method=mpso_5_0 case_index=3 evaluations=150000 offline_error=0.72673
[2026-09-16T16:01:37+00:00] +    63.2s case_progress: method=mpso_5_0 case_index=3 evaluations=200000 offline_error=1.2505
[2026-09-16T16:01:38+00:00] +    64.4s case_progress: method=mpso_5_0 case_index=3 evaluations=250000 offline_error=1.1975
[2026-09-16T16:01:39+00:00] +    65.5s case_progress: method=mpso_5_0 case_index=3 evaluations=300000 offline_error=1.0725
[2026-09-16T16:01:40+00:00] +    66.6s case_progress: method=mpso_5_0 case_index=3 evaluations=350000 offline_error=1.014
[2026-09-16T16:01:41+00:00] +    67.7s case_progress: method=mpso_5_0 case_index=3 evaluations=400000 offline_error=0.99116
[2026-09-16T16:01:42+00:00] +    68.8s case_progress: method=mpso_5_0 case_index=3 evaluations=450000 offline_error=0.96461
[2026-09-16T16:01:43+00:00] +    70.0s case_progress: method=mpso_5_0 case_index=3 evaluations=500000 offline_error=0.97729
[2026-09-16T16:01:44+00:00] +    70.2s case_complete: method=mpso_5_0 case_index=3 offline_error=0.97729 elapsed_seconds=12.121 completed=7
[2026-09-16T16:01:44+00:00] +    70.2s case_complete: stage=references method=mpso_5_0 case_index=3 offline_error=0.97729 elapsed_seconds=12.121 completed=7
[2026-09-16T16:01:44+00:00] +    70.2s case_start: method=mpso_5_1 case_index=3 budget=500000
[2026-09-16T16:01:44+00:00] +    70.2s case_start: stage=references method=mpso_5_1 case_index=3 completed=7
[2026-09-16T16:01:45+00:00] +    71.3s case_progress: method=mpso_5_1 case_index=3 evaluations=50000 offline_error=0.47542
[2026-09-16T16:01:46+00:00] +    72.5s case_progress: method=mpso_5_1 case_index=3 evaluations=100000 offline_error=0.54488
[2026-09-16T16:01:47+00:00] +    73.6s case_progress: method=mpso_5_1 case_index=3 evaluations=150000 offline_error=0.56633
[2026-09-16T16:01:48+00:00] +    74.8s case_progress: method=mpso_5_1 case_index=3 evaluations=200000 offline_error=0.93696
[2026-09-16T16:01:49+00:00] +    75.9s case_progress: method=mpso_5_1 case_index=3 evaluations=250000 offline_error=0.93727
[2026-09-16T16:01:50+00:00] +    77.0s case_progress: method=mpso_5_1 case_index=3 evaluations=300000 offline_error=0.87713
[2026-09-16T16:01:52+00:00] +    78.2s case_progress: method=mpso_5_1 case_index=3 evaluations=350000 offline_error=0.83867
[2026-09-16T16:01:53+00:00] +    79.3s case_progress: method=mpso_5_1 case_index=3 evaluations=400000 offline_error=0.84768
[2026-09-16T16:01:54+00:00] +    80.5s case_progress: method=mpso_5_1 case_index=3 evaluations=450000 offline_error=0.83809
[2026-09-16T16:01:55+00:00] +    81.8s case_progress: method=mpso_5_1 case_index=3 evaluations=500000 offline_error=0.84798
[2026-09-16T16:01:56+00:00] +    82.1s case_complete: method=mpso_5_1 case_index=3 offline_error=0.84798 elapsed_seconds=11.862 completed=8
[2026-09-16T16:01:56+00:00] +    82.1s case_complete: stage=references method=mpso_5_1 case_index=3 offline_error=0.84798 elapsed_seconds=11.862 completed=8
[2026-09-16T16:01:56+00:00] +    82.1s case_start: method=mpso_5_0 case_index=4 budget=500000
[2026-09-16T16:01:56+00:00] +    82.1s case_start: stage=references method=mpso_5_0 case_index=4 completed=8
[2026-09-16T16:01:56+00:00] +    83.1s case_progress: method=mpso_5_0 case_index=4 evaluations=50000 offline_error=2.5027
[2026-09-16T16:01:58+00:00] +    84.2s case_progress: method=mpso_5_0 case_index=4 evaluations=100000 offline_error=1.8435
[2026-09-16T16:02:01+00:00] +    85.3s case_progress: method=mpso_5_0 case_index=4 evaluations=150000 offline_error=1.4458
[2026-09-16T16:02:02+00:00] +    86.5s case_progress: method=mpso_5_0 case_index=4 evaluations=200000 offline_error=1.2583
[2026-09-16T16:02:03+00:00] +    87.8s case_progress: method=mpso_5_0 case_index=4 evaluations=250000 offline_error=1.1007
[2026-09-16T16:02:04+00:00] +    89.0s case_progress: method=mpso_5_0 case_index=4 evaluations=300000 offline_error=1.1797
[2026-09-16T16:02:06+00:00] +    90.2s case_progress: method=mpso_5_0 case_index=4 evaluations=350000 offline_error=1.2288
[2026-09-16T16:02:07+00:00] +    91.3s case_progress: method=mpso_5_0 case_index=4 evaluations=400000 offline_error=1.2444
[2026-09-16T16:02:08+00:00] +    92.4s case_progress: method=mpso_5_0 case_index=4 evaluations=450000 offline_error=1.3201
[2026-09-16T16:02:09+00:00] +    93.7s case_progress: method=mpso_5_0 case_index=4 evaluations=500000 offline_error=1.5083
[2026-09-16T16:02:09+00:00] +    93.9s case_complete: method=mpso_5_0 case_index=4 offline_error=1.5083 elapsed_seconds=11.827 completed=9
[2026-09-16T16:02:09+00:00] +    93.9s case_complete: stage=references method=mpso_5_0 case_index=4 offline_error=1.5083 elapsed_seconds=11.827 completed=9
[2026-09-16T16:02:09+00:00] +    93.9s case_start: method=mpso_5_1 case_index=4 budget=500000
[2026-09-16T16:02:09+00:00] +    93.9s case_start: stage=references method=mpso_5_1 case_index=4 completed=9
[2026-09-16T16:02:10+00:00] +    95.0s case_progress: method=mpso_5_1 case_index=4 evaluations=50000 offline_error=1.9093
[2026-09-16T16:02:11+00:00] +    96.0s case_progress: method=mpso_5_1 case_index=4 evaluations=100000 offline_error=1.5237
[2026-09-16T16:02:12+00:00] +    97.1s case_progress: method=mpso_5_1 case_index=4 evaluations=150000 offline_error=1.566
[2026-09-16T16:02:14+00:00] +    98.2s case_progress: method=mpso_5_1 case_index=4 evaluations=200000 offline_error=1.9711
[2026-09-16T16:02:15+00:00] +    99.4s case_progress: method=mpso_5_1 case_index=4 evaluations=250000 offline_error=1.6982
[2026-09-16T16:02:16+00:00] +   100.5s case_progress: method=mpso_5_1 case_index=4 evaluations=300000 offline_error=1.7336
[2026-09-16T16:02:17+00:00] +   101.5s case_progress: method=mpso_5_1 case_index=4 evaluations=350000 offline_error=1.7306
[2026-09-16T16:02:18+00:00] +   102.6s case_progress: method=mpso_5_1 case_index=4 evaluations=400000 offline_error=1.6723
[2026-09-16T16:02:19+00:00] +   103.7s case_progress: method=mpso_5_1 case_index=4 evaluations=450000 offline_error=1.7354
[2026-09-16T16:02:20+00:00] +   104.9s case_progress: method=mpso_5_1 case_index=4 evaluations=500000 offline_error=1.9039
[2026-09-16T16:02:20+00:00] +   105.1s case_complete: method=mpso_5_1 case_index=4 offline_error=1.9039 elapsed_seconds=11.189 completed=10
[2026-09-16T16:02:20+00:00] +   105.1s case_complete: stage=references method=mpso_5_1 case_index=4 offline_error=1.9039 elapsed_seconds=11.189 completed=10
[2026-09-16T16:02:20+00:00] +   105.2s case_start: method=mpso_5_0 case_index=5 budget=500000
[2026-09-16T16:02:20+00:00] +   105.2s case_start: stage=references method=mpso_5_0 case_index=5 completed=10
[2026-09-16T16:02:21+00:00] +   106.2s case_progress: method=mpso_5_0 case_index=5 evaluations=50000 offline_error=0.67863
[2026-09-16T16:02:23+00:00] +   107.2s case_progress: method=mpso_5_0 case_index=5 evaluations=100000 offline_error=0.63648
[2026-09-16T16:02:24+00:00] +   108.3s case_progress: method=mpso_5_0 case_index=5 evaluations=150000 offline_error=0.62847
[2026-09-16T16:02:25+00:00] +   109.4s case_progress: method=mpso_5_0 case_index=5 evaluations=200000 offline_error=1.3303
[2026-09-16T16:02:26+00:00] +   110.5s case_progress: method=mpso_5_0 case_index=5 evaluations=250000 offline_error=1.8991
[2026-09-16T16:02:27+00:00] +   111.7s case_progress: method=mpso_5_0 case_index=5 evaluations=300000 offline_error=1.8419
[2026-09-16T16:02:28+00:00] +   112.9s case_progress: method=mpso_5_0 case_index=5 evaluations=350000 offline_error=1.9395
[2026-09-16T16:02:29+00:00] +   114.0s case_progress: method=mpso_5_0 case_index=5 evaluations=400000 offline_error=2.2231
[2026-09-16T16:02:31+00:00] +   115.2s case_progress: method=mpso_5_0 case_index=5 evaluations=450000 offline_error=2.1217
[2026-09-16T16:02:32+00:00] +   116.4s case_progress: method=mpso_5_0 case_index=5 evaluations=500000 offline_error=2.0031
[2026-09-16T16:02:32+00:00] +   116.7s case_complete: method=mpso_5_0 case_index=5 offline_error=2.0031 elapsed_seconds=11.512 completed=11
[2026-09-16T16:02:32+00:00] +   116.7s case_complete: stage=references method=mpso_5_0 case_index=5 offline_error=2.0031 elapsed_seconds=11.512 completed=11
[2026-09-16T16:02:32+00:00] +   116.7s case_start: method=mpso_5_1 case_index=5 budget=500000
[2026-09-16T16:02:32+00:00] +   116.7s case_start: stage=references method=mpso_5_1 case_index=5 completed=11
[2026-09-16T16:02:35+00:00] +   117.7s case_progress: method=mpso_5_1 case_index=5 evaluations=50000 offline_error=0.642
[2026-09-16T16:02:36+00:00] +   118.8s case_progress: method=mpso_5_1 case_index=5 evaluations=100000 offline_error=0.59898
[2026-09-16T16:02:37+00:00] +   120.0s case_progress: method=mpso_5_1 case_index=5 evaluations=150000 offline_error=0.58157
[2026-09-16T16:02:39+00:00] +   121.2s case_progress: method=mpso_5_1 case_index=5 evaluations=200000 offline_error=1.0969
[2026-09-16T16:02:40+00:00] +   122.4s case_progress: method=mpso_5_1 case_index=5 evaluations=250000 offline_error=1.5644
[2026-09-16T16:02:41+00:00] +   123.5s case_progress: method=mpso_5_1 case_index=5 evaluations=300000 offline_error=1.4738
[2026-09-16T16:02:42+00:00] +   124.6s case_progress: method=mpso_5_1 case_index=5 evaluations=350000 offline_error=1.407
[2026-09-16T16:02:43+00:00] +   125.7s case_progress: method=mpso_5_1 case_index=5 evaluations=400000 offline_error=1.3591
[2026-09-16T16:02:44+00:00] +   126.8s case_progress: method=mpso_5_1 case_index=5 evaluations=450000 offline_error=1.329
[2026-09-16T16:02:45+00:00] +   128.1s case_progress: method=mpso_5_1 case_index=5 evaluations=500000 offline_error=1.2959
[2026-09-16T16:02:46+00:00] +   128.5s case_complete: method=mpso_5_1 case_index=5 offline_error=1.2959 elapsed_seconds=11.79 completed=12
[2026-09-16T16:02:46+00:00] +   128.5s case_complete: stage=references method=mpso_5_1 case_index=5 offline_error=1.2959 elapsed_seconds=11.79 completed=12
[2026-09-16T16:02:46+00:00] +   128.5s case_start: method=mpso_5_0 case_index=6 budget=500000
[2026-09-16T16:02:46+00:00] +   128.5s case_start: stage=references method=mpso_5_0 case_index=6 completed=12
[2026-09-16T16:02:47+00:00] +   129.5s case_progress: method=mpso_5_0 case_index=6 evaluations=50000 offline_error=2.2118
[2026-09-16T16:02:48+00:00] +   130.6s case_progress: method=mpso_5_0 case_index=6 evaluations=100000 offline_error=2.3764
[2026-09-16T16:02:49+00:00] +   131.6s case_progress: method=mpso_5_0 case_index=6 evaluations=150000 offline_error=2.3496
[2026-09-16T16:02:50+00:00] +   132.7s case_progress: method=mpso_5_0 case_index=6 evaluations=200000 offline_error=2.3893
[2026-09-16T16:02:51+00:00] +   133.8s case_progress: method=mpso_5_0 case_index=6 evaluations=250000 offline_error=2.0491
[2026-09-16T16:02:52+00:00] +   135.1s case_progress: method=mpso_5_0 case_index=6 evaluations=300000 offline_error=1.8005
[2026-09-16T16:02:54+00:00] +   136.3s case_progress: method=mpso_5_0 case_index=6 evaluations=350000 offline_error=1.6276
[2026-09-16T16:02:55+00:00] +   137.6s case_progress: method=mpso_5_0 case_index=6 evaluations=400000 offline_error=1.5355
[2026-09-16T16:02:56+00:00] +   138.7s case_progress: method=mpso_5_0 case_index=6 evaluations=450000 offline_error=1.49
[2026-09-16T16:02:57+00:00] +   139.8s case_progress: method=mpso_5_0 case_index=6 evaluations=500000 offline_error=1.491
[2026-09-16T16:02:57+00:00] +   140.0s case_complete: method=mpso_5_0 case_index=6 offline_error=1.491 elapsed_seconds=11.512 completed=13
[2026-09-16T16:02:57+00:00] +   140.0s case_complete: stage=references method=mpso_5_0 case_index=6 offline_error=1.491 elapsed_seconds=11.512 completed=13
[2026-09-16T16:02:57+00:00] +   140.0s case_start: method=mpso_5_1 case_index=6 budget=500000
[2026-09-16T16:02:57+00:00] +   140.0s case_start: stage=references method=mpso_5_1 case_index=6 completed=13
[2026-09-16T16:02:58+00:00] +   141.0s case_progress: method=mpso_5_1 case_index=6 evaluations=50000 offline_error=5.4233
[2026-09-16T16:02:59+00:00] +   142.0s case_progress: method=mpso_5_1 case_index=6 evaluations=100000 offline_error=3.8856
[2026-09-16T16:03:00+00:00] +   143.1s case_progress: method=mpso_5_1 case_index=6 evaluations=150000 offline_error=3.3482
[2026-09-16T16:03:02+00:00] +   144.3s case_progress: method=mpso_5_1 case_index=6 evaluations=200000 offline_error=2.8755
[2026-09-16T16:03:03+00:00] +   145.4s case_progress: method=mpso_5_1 case_index=6 evaluations=250000 offline_error=2.4718
[2026-09-16T16:03:04+00:00] +   146.5s case_progress: method=mpso_5_1 case_index=6 evaluations=300000 offline_error=2.1691
[2026-09-16T16:03:05+00:00] +   147.7s case_progress: method=mpso_5_1 case_index=6 evaluations=350000 offline_error=1.9501
[2026-09-16T16:03:06+00:00] +   148.8s case_progress: method=mpso_5_1 case_index=6 evaluations=400000 offline_error=1.8228
[2026-09-16T16:03:09+00:00] +   150.0s case_progress: method=mpso_5_1 case_index=6 evaluations=450000 offline_error=1.7418
[2026-09-16T16:03:11+00:00] +   151.2s case_progress: method=mpso_5_1 case_index=6 evaluations=500000 offline_error=1.6857
[2026-09-16T16:03:11+00:00] +   151.5s case_complete: method=mpso_5_1 case_index=6 offline_error=1.6857 elapsed_seconds=11.462 completed=14
[2026-09-16T16:03:11+00:00] +   151.5s case_complete: stage=references method=mpso_5_1 case_index=6 offline_error=1.6857 elapsed_seconds=11.462 completed=14
[2026-09-16T16:03:11+00:00] +   151.5s case_start: method=mpso_5_0 case_index=7 budget=500000
[2026-09-16T16:03:11+00:00] +   151.5s case_start: stage=references method=mpso_5_0 case_index=7 completed=14
[2026-09-16T16:03:12+00:00] +   152.6s case_progress: method=mpso_5_0 case_index=7 evaluations=50000 offline_error=2.7465
[2026-09-16T16:03:13+00:00] +   153.8s case_progress: method=mpso_5_0 case_index=7 evaluations=100000 offline_error=1.7163
[2026-09-16T16:03:14+00:00] +   154.9s case_progress: method=mpso_5_0 case_index=7 evaluations=150000 offline_error=1.3917
[2026-09-16T16:03:15+00:00] +   156.1s case_progress: method=mpso_5_0 case_index=7 evaluations=200000 offline_error=2.0654
[2026-09-16T16:03:17+00:00] +   157.3s case_progress: method=mpso_5_0 case_index=7 evaluations=250000 offline_error=2.304
[2026-09-16T16:03:18+00:00] +   158.5s case_progress: method=mpso_5_0 case_index=7 evaluations=300000 offline_error=2.1532
[2026-09-16T16:03:19+00:00] +   159.6s case_progress: method=mpso_5_0 case_index=7 evaluations=350000 offline_error=2.596
[2026-09-16T16:03:20+00:00] +   160.7s case_progress: method=mpso_5_0 case_index=7 evaluations=400000 offline_error=2.4574
[2026-09-16T16:03:21+00:00] +   161.8s case_progress: method=mpso_5_0 case_index=7 evaluations=450000 offline_error=2.2956
[2026-09-16T16:03:22+00:00] +   162.9s case_progress: method=mpso_5_0 case_index=7 evaluations=500000 offline_error=2.1823
[2026-09-16T16:03:23+00:00] +   163.2s case_complete: method=mpso_5_0 case_index=7 offline_error=2.1823 elapsed_seconds=11.718 completed=15
[2026-09-16T16:03:23+00:00] +   163.2s case_complete: stage=references method=mpso_5_0 case_index=7 offline_error=2.1823 elapsed_seconds=11.718 completed=15
[2026-09-16T16:03:23+00:00] +   163.2s case_start: method=mpso_5_1 case_index=7 budget=500000
[2026-09-16T16:03:23+00:00] +   163.2s case_start: stage=references method=mpso_5_1 case_index=7 completed=15
[2026-09-16T16:03:23+00:00] +   164.2s case_progress: method=mpso_5_1 case_index=7 evaluations=50000 offline_error=2.5237
[2026-09-16T16:03:25+00:00] +   165.3s case_progress: method=mpso_5_1 case_index=7 evaluations=100000 offline_error=1.6341
[2026-09-16T16:03:26+00:00] +   166.4s case_progress: method=mpso_5_1 case_index=7 evaluations=150000 offline_error=1.38
[2026-09-16T16:03:27+00:00] +   167.5s case_progress: method=mpso_5_1 case_index=7 evaluations=200000 offline_error=1.402
[2026-09-16T16:03:28+00:00] +   168.5s case_progress: method=mpso_5_1 case_index=7 evaluations=250000 offline_error=1.3535
[2026-09-16T16:03:29+00:00] +   169.6s case_progress: method=mpso_5_1 case_index=7 evaluations=300000 offline_error=1.2914
[2026-09-16T16:03:30+00:00] +   170.7s case_progress: method=mpso_5_1 case_index=7 evaluations=350000 offline_error=1.8409
[2026-09-16T16:03:31+00:00] +   171.8s case_progress: method=mpso_5_1 case_index=7 evaluations=400000 offline_error=1.7981
[2026-09-16T16:03:32+00:00] +   172.8s case_progress: method=mpso_5_1 case_index=7 evaluations=450000 offline_error=1.7163
[2026-09-16T16:03:33+00:00] +   174.0s case_progress: method=mpso_5_1 case_index=7 evaluations=500000 offline_error=1.6687
[2026-09-16T16:03:34+00:00] +   174.3s case_complete: method=mpso_5_1 case_index=7 offline_error=1.6687 elapsed_seconds=11.019 completed=16
[2026-09-16T16:03:34+00:00] +   174.3s case_complete: stage=references method=mpso_5_1 case_index=7 offline_error=1.6687 elapsed_seconds=11.019 completed=16
[2026-09-16T16:03:34+00:00] +   174.3s stage_complete: stage=references new_executions=16 objective_queries=8000000
