2026-09-16T15:45:59.625671+00:00 repository verified clean; remote HEAD matches initial commit; chapter source inspection and prospective implementation begun
[2026-09-16T15:53:48+00:00] +     0.9s seed_inventory_progress: files=250 reserved_seeds=291
[2026-09-16T15:53:49+00:00] +     2.2s seed_inventory_progress: files=500 reserved_seeds=291
[2026-09-16T15:53:51+00:00] +     3.7s seed_inventory_progress: files=750 reserved_seeds=291
[2026-09-16T15:53:52+00:00] +     5.3s seed_inventory_progress: files=1000 reserved_seeds=291
[2026-09-16T15:53:54+00:00] +     6.8s seed_inventory_progress: files=1250 reserved_seeds=291
[2026-09-16T15:53:56+00:00] +     8.7s seed_inventory_progress: files=1500 reserved_seeds=291
[2026-09-16T15:53:57+00:00] +    10.0s seed_inventory_progress: files=1750 reserved_seeds=291
[2026-09-16T15:53:59+00:00] +    11.5s seed_inventory_progress: files=2000 reserved_seeds=291
[2026-09-16T15:54:02+00:00] +    13.3s seed_inventory_progress: files=2250 reserved_seeds=291
[2026-09-16T15:54:04+00:00] +    14.7s seed_inventory_progress: files=2500 reserved_seeds=461
[2026-09-16T15:54:06+00:00] +    16.8s seed_inventory_progress: files=2750 reserved_seeds=497
[2026-09-16T15:54:08+00:00] +    19.0s seed_inventory_progress: files=3000 reserved_seeds=529
[2026-09-16T15:54:10+00:00] +    20.9s seed_inventory_progress: files=3250 reserved_seeds=542
[2026-09-16T15:54:12+00:00] +    23.0s seed_inventory_progress: files=3500 reserved_seeds=542
[2026-09-16T15:54:14+00:00] +    25.2s seed_inventory_progress: files=3750 reserved_seeds=542
[2026-09-16T15:54:16+00:00] +    27.4s seed_inventory_progress: files=4000 reserved_seeds=542
[2026-09-16T15:54:21+00:00] +    31.5s seed_inventory_progress: files=4250 reserved_seeds=564
[2026-09-16T15:54:24+00:00] +    34.7s seed_inventory_progress: files=4500 reserved_seeds=566
[2026-09-16T15:54:27+00:00] +    37.5s seed_inventory_progress: files=4750 reserved_seeds=586
[2026-09-16T15:54:28+00:00] +    39.3s seed_inventory_progress: files=5000 reserved_seeds=586
[2026-09-16T15:54:30+00:00] +    41.1s seed_inventory_progress: files=5250 reserved_seeds=628
[2026-09-16T15:54:33+00:00] +    43.8s seed_inventory_progress: files=5500 reserved_seeds=629
[2026-09-16T15:54:34+00:00] +    44.5s seed_inventory_progress: files=5750 reserved_seeds=630
[2026-09-16T15:54:37+00:00] +    46.4s seed_inventory_progress: files=6000 reserved_seeds=630
[2026-09-16T15:54:39+00:00] +    48.3s seed_inventory_progress: files=6250 reserved_seeds=630
[2026-09-16T15:54:41+00:00] +    49.5s seed_inventory_progress: files=6500 reserved_seeds=630
[2026-09-16T15:54:42+00:00] +    51.0s seed_inventory_progress: files=6750 reserved_seeds=630
[2026-09-16T15:54:44+00:00] +    52.6s seed_inventory_progress: files=7000 reserved_seeds=630
[2026-09-16T15:54:45+00:00] +    53.9s seed_inventory_progress: files=7250 reserved_seeds=630
[2026-09-16T15:54:47+00:00] +    55.8s seed_inventory_progress: files=7500 reserved_seeds=630
[2026-09-16T15:54:49+00:00] +    57.7s seed_inventory_progress: files=7750 reserved_seeds=630
[2026-09-16T15:54:50+00:00] +    59.3s seed_inventory_progress: files=8000 reserved_seeds=630
[2026-09-16T15:54:53+00:00] +    62.1s seed_inventory_progress: files=8250 reserved_seeds=630
[2026-09-16T15:54:56+00:00] +    64.6s seed_inventory_progress: files=8500 reserved_seeds=630
[2026-09-16T15:54:58+00:00] +    67.0s seed_inventory_progress: files=8750 reserved_seeds=630
[2026-09-16T15:55:01+00:00] +    70.0s seed_inventory_progress: files=9000 reserved_seeds=630
[2026-09-16T15:55:04+00:00] +    72.6s seed_inventory_progress: files=9250 reserved_seeds=630
[2026-09-16T15:55:06+00:00] +    74.8s seed_inventory_progress: files=9500 reserved_seeds=630
[2026-09-16T15:55:12+00:00] +    79.2s seed_inventory_progress: files=9750 reserved_seeds=630
[2026-09-16T15:55:16+00:00] +    83.1s seed_inventory_progress: files=10000 reserved_seeds=630
[2026-09-16T15:55:18+00:00] +    85.2s seed_inventory_progress: files=10250 reserved_seeds=630
[2026-09-16T15:55:20+00:00] +    86.8s seed_inventory_progress: files=10500 reserved_seeds=630
[2026-09-16T15:55:22+00:00] +    88.8s seed_inventory_progress: files=10750 reserved_seeds=630
[2026-09-16T15:55:23+00:00] +    89.9s references_registered: cases=8 methods=['mpso_5_0', 'mpso_5_1'] maximum_new_executions=16 unique_fresh_seeds=16 manifest=/home/roland/actir/shinka-adaptive-swarms/results/book_mpso_schedule_v1/20260916T154109Z/references/manifest.json
[2026-09-16T15:57:31+00:00] +     0.0s case_start: stage=references method=mpso_5_0 case_index=0 completed=0
[2026-09-16T15:57:46+00:00] +    14.9s case_complete: stage=references method=mpso_5_0 case_index=0 offline_error=2.2125 elapsed_seconds=14.89 completed=1
[2026-09-16T16:00:30+00:00] +     0.1s case_start: stage=references method=mpso_5_1 case_index=0 completed=1
[2026-09-16T16:00:41+00:00] +    11.4s case_complete: stage=references method=mpso_5_1 case_index=0 offline_error=2.0507 elapsed_seconds=11.288 completed=2
[2026-09-16T16:00:41+00:00] +    11.4s case_start: stage=references method=mpso_5_0 case_index=1 completed=2
[2026-09-16T16:00:55+00:00] +    23.5s case_complete: stage=references method=mpso_5_0 case_index=1 offline_error=1.7136 elapsed_seconds=12.121 completed=3
[2026-09-16T16:00:55+00:00] +    23.5s case_start: stage=references method=mpso_5_1 case_index=1 completed=3
[2026-09-16T16:01:07+00:00] +    35.5s case_complete: stage=references method=mpso_5_1 case_index=1 offline_error=2.2326 elapsed_seconds=11.997 completed=4
[2026-09-16T16:01:07+00:00] +    35.5s case_start: stage=references method=mpso_5_0 case_index=2 completed=4
[2026-09-16T16:01:18+00:00] +    46.6s case_complete: stage=references method=mpso_5_0 case_index=2 offline_error=1.8598 elapsed_seconds=11.119 completed=5
[2026-09-16T16:01:18+00:00] +    46.7s case_start: stage=references method=mpso_5_1 case_index=2 completed=5
[2026-09-16T16:01:31+00:00] +    58.1s case_complete: stage=references method=mpso_5_1 case_index=2 offline_error=2.2709 elapsed_seconds=11.405 completed=6
[2026-09-16T16:01:32+00:00] +    58.1s case_start: stage=references method=mpso_5_0 case_index=3 completed=6
[2026-09-16T16:01:44+00:00] +    70.2s case_complete: stage=references method=mpso_5_0 case_index=3 offline_error=0.97729 elapsed_seconds=12.121 completed=7
[2026-09-16T16:01:44+00:00] +    70.2s case_start: stage=references method=mpso_5_1 case_index=3 completed=7
[2026-09-16T16:01:56+00:00] +    82.1s case_complete: stage=references method=mpso_5_1 case_index=3 offline_error=0.84798 elapsed_seconds=11.862 completed=8
[2026-09-16T16:01:56+00:00] +    82.1s case_start: stage=references method=mpso_5_0 case_index=4 completed=8
[2026-09-16T16:02:09+00:00] +    93.9s case_complete: stage=references method=mpso_5_0 case_index=4 offline_error=1.5083 elapsed_seconds=11.827 completed=9
[2026-09-16T16:02:09+00:00] +    93.9s case_start: stage=references method=mpso_5_1 case_index=4 completed=9
[2026-09-16T16:02:20+00:00] +   105.1s case_complete: stage=references method=mpso_5_1 case_index=4 offline_error=1.9039 elapsed_seconds=11.189 completed=10
[2026-09-16T16:02:20+00:00] +   105.2s case_start: stage=references method=mpso_5_0 case_index=5 completed=10
[2026-09-16T16:02:32+00:00] +   116.7s case_complete: stage=references method=mpso_5_0 case_index=5 offline_error=2.0031 elapsed_seconds=11.512 completed=11
[2026-09-16T16:02:32+00:00] +   116.7s case_start: stage=references method=mpso_5_1 case_index=5 completed=11
[2026-09-16T16:02:46+00:00] +   128.5s case_complete: stage=references method=mpso_5_1 case_index=5 offline_error=1.2959 elapsed_seconds=11.79 completed=12
[2026-09-16T16:02:46+00:00] +   128.5s case_start: stage=references method=mpso_5_0 case_index=6 completed=12
[2026-09-16T16:02:57+00:00] +   140.0s case_complete: stage=references method=mpso_5_0 case_index=6 offline_error=1.491 elapsed_seconds=11.512 completed=13
[2026-09-16T16:02:57+00:00] +   140.0s case_start: stage=references method=mpso_5_1 case_index=6 completed=13
[2026-09-16T16:03:11+00:00] +   151.5s case_complete: stage=references method=mpso_5_1 case_index=6 offline_error=1.6857 elapsed_seconds=11.462 completed=14
[2026-09-16T16:03:11+00:00] +   151.5s case_start: stage=references method=mpso_5_0 case_index=7 completed=14
[2026-09-16T16:03:23+00:00] +   163.2s case_complete: stage=references method=mpso_5_0 case_index=7 offline_error=2.1823 elapsed_seconds=11.718 completed=15
[2026-09-16T16:03:23+00:00] +   163.2s case_start: stage=references method=mpso_5_1 case_index=7 completed=15
[2026-09-16T16:03:34+00:00] +   174.3s case_complete: stage=references method=mpso_5_1 case_index=7 offline_error=1.6687 elapsed_seconds=11.019 completed=16
[2026-09-16T16:03:34+00:00] +   174.3s stage_complete: stage=references new_executions=16 objective_queries=8000000
[2026-09-16T16:03:59+00:00] +     0.0s search_suite_frozen: suite=/home/roland/actir/shinka-adaptive-swarms/results/book_mpso_schedule_v1/20260916T154109Z/search_suite.json sha256=e0cb6a77bc35e4c70f2b26aff6cc8f8cd9e98f7df5632e2c11c16fab1861ba32 seed_source_sha256=c1ec64da1e05a1c1b9181e9a58e30600a97499f4ea28912d703fa251c668a284 exact_seed_cache_cases=8 reference_new_executions=16 reference_objective_queries=8000000
[2026-09-16T16:39:34+00:00] +     0.0s selection_frozen: generation=0 mean_offline_error=1.7446 fresh_comparison_required=False source_sha256=c1ec64da1e05a1c1b9181e9a58e30600a97499f4ea28912d703fa251c668a284
[2026-09-16T16:44:29+00:00] +     0.0s scientific_review_complete: status=passed selected_generation=0 physical_full_executions=80 research_objective_queries=40000000 valid_descendants=8 native_logical_responses=31 small_fixture_queries=32297 message=Published 5+1 seed retained; no fresh comparison triggered. Final source, pairing, budgets, analysis, native mechanism and WebUI audits passed.
[2026-09-16T16:44:29+00:00] +     0.0s publication_preparation: message=Report, measured figures and paper-style README closing; historical scientific payloads verified unchanged. No further research launches.
[2026-09-16T16:46:44+00:00] +     0.0s research_closed: message=Scientific work and independent review complete. Seed retained; no fresh stage. Closing immutable archive before publication. session_elapsed_seconds=3935.9
[2026-09-16T16:46:45+00:00] +     0.0s archive_started: destination=/home/roland/actir/shinka-adaptive-swarms/artifacts/book_mpso_schedule_v1/20260916T154109Z research_complete=True
