[2026-09-17T07:06:24+00:00] +     0.0s case_start: method=target_5 case_index=0 budget=500000
[2026-09-17T07:06:33+00:00] +     8.6s case_progress: method=target_5 case_index=0 evaluations=50000 offline_error=6.3141
[2026-09-17T07:06:42+00:00] +    17.9s case_progress: method=target_5 case_index=0 evaluations=100000 offline_error=4.9321
[2026-09-17T07:06:51+00:00] +    27.0s case_progress: method=target_5 case_index=0 evaluations=150000 offline_error=4.166
[2026-09-17T07:07:01+00:00] +    36.2s case_progress: method=target_5 case_index=0 evaluations=200000 offline_error=3.7178
[2026-09-17T07:07:10+00:00] +    46.1s case_progress: method=target_5 case_index=0 evaluations=250000 offline_error=3.4113
[2026-09-17T07:07:22+00:00] +    57.3s case_progress: method=target_5 case_index=0 evaluations=300000 offline_error=3.1185
[2026-09-17T07:07:32+00:00] +    67.3s case_progress: method=target_5 case_index=0 evaluations=350000 offline_error=2.9768
[2026-09-17T07:07:42+00:00] +    78.1s case_progress: method=target_5 case_index=0 evaluations=400000 offline_error=2.8648
[2026-09-17T07:07:53+00:00] +    88.2s case_progress: method=target_5 case_index=0 evaluations=450000 offline_error=2.7579
[2026-09-17T07:08:04+00:00] +    99.5s case_progress: method=target_5 case_index=0 evaluations=500000 offline_error=2.7483
[2026-09-17T07:08:05+00:00] +   100.6s case_complete: method=target_5 case_index=0 offline_error=2.7483 elapsed_seconds=100.58 completed=1
[2026-09-17T07:08:05+00:00] +   100.6s paused_after_measurement: new_executions=1
[2026-09-17T07:08:37+00:00] +     0.2s case_reused: method=target_5 case_index=0 artifact=/home/roland/actir/shinka-adaptive-swarms/results/book_mpso_population_200_v2/20260917T065325Z/references/target_5/case_000.json.gz
[2026-09-17T07:08:37+00:00] +     0.3s case_start: method=target_3 case_index=0 budget=500000
[2026-09-17T07:08:46+00:00] +     9.6s case_progress: method=target_3 case_index=0 evaluations=50000 offline_error=4.6617
[2026-09-17T07:08:56+00:00] +    19.6s case_progress: method=target_3 case_index=0 evaluations=100000 offline_error=3.4821
[2026-09-17T07:09:05+00:00] +    29.0s case_progress: method=target_3 case_index=0 evaluations=150000 offline_error=3.0073
[2026-09-17T07:09:15+00:00] +    38.5s case_progress: method=target_3 case_index=0 evaluations=200000 offline_error=2.7686
[2026-09-17T07:09:25+00:00] +    48.5s case_progress: method=target_3 case_index=0 evaluations=250000 offline_error=2.4941
[2026-09-17T07:09:36+00:00] +    59.9s case_progress: method=target_3 case_index=0 evaluations=300000 offline_error=2.3231
[2026-09-17T07:09:46+00:00] +    70.0s case_progress: method=target_3 case_index=0 evaluations=350000 offline_error=2.2525
[2026-09-17T07:09:56+00:00] +    80.2s case_progress: method=target_3 case_index=0 evaluations=400000 offline_error=2.2531
[2026-09-17T07:10:07+00:00] +    90.2s case_progress: method=target_3 case_index=0 evaluations=450000 offline_error=2.2443
[2026-09-17T07:10:17+00:00] +   100.3s case_progress: method=target_3 case_index=0 evaluations=500000 offline_error=2.2565
[2026-09-17T07:10:18+00:00] +   101.4s case_complete: method=target_3 case_index=0 offline_error=2.2565 elapsed_seconds=101.14 completed=2
[2026-09-17T07:10:18+00:00] +   101.5s case_start: method=target_5 case_index=1 budget=500000
[2026-09-17T07:10:27+00:00] +   111.1s case_progress: method=target_5 case_index=1 evaluations=50000 offline_error=2.1547
[2026-09-17T07:10:37+00:00] +   120.6s case_progress: method=target_5 case_index=1 evaluations=100000 offline_error=1.9761
[2026-09-17T07:10:47+00:00] +   130.6s case_progress: method=target_5 case_index=1 evaluations=150000 offline_error=1.8035
[2026-09-17T07:10:57+00:00] +   141.2s case_progress: method=target_5 case_index=1 evaluations=200000 offline_error=1.8148
[2026-09-17T07:11:08+00:00] +   151.5s case_progress: method=target_5 case_index=1 evaluations=250000 offline_error=1.8159
[2026-09-17T07:11:18+00:00] +   161.4s case_progress: method=target_5 case_index=1 evaluations=300000 offline_error=1.8646
[2026-09-17T07:11:28+00:00] +   171.7s case_progress: method=target_5 case_index=1 evaluations=350000 offline_error=1.9593
[2026-09-17T07:11:38+00:00] +   182.0s case_progress: method=target_5 case_index=1 evaluations=400000 offline_error=1.9313
[2026-09-17T07:11:49+00:00] +   192.8s case_progress: method=target_5 case_index=1 evaluations=450000 offline_error=1.9318
[2026-09-17T07:12:00+00:00] +   204.2s case_progress: method=target_5 case_index=1 evaluations=500000 offline_error=1.9215
[2026-09-17T07:12:02+00:00] +   205.3s case_complete: method=target_5 case_index=1 offline_error=1.9215 elapsed_seconds=103.8 completed=3
[2026-09-17T07:12:02+00:00] +   205.3s case_start: method=target_3 case_index=1 budget=500000
[2026-09-17T07:12:13+00:00] +   216.2s case_progress: method=target_3 case_index=1 evaluations=50000 offline_error=4.1375
[2026-09-17T07:12:23+00:00] +   226.7s case_progress: method=target_3 case_index=1 evaluations=100000 offline_error=3.0976
[2026-09-17T07:12:33+00:00] +   236.3s case_progress: method=target_3 case_index=1 evaluations=150000 offline_error=2.608
[2026-09-17T07:12:43+00:00] +   246.9s case_progress: method=target_3 case_index=1 evaluations=200000 offline_error=2.3785
[2026-09-17T07:12:54+00:00] +   257.7s case_progress: method=target_3 case_index=1 evaluations=250000 offline_error=2.4596
[2026-09-17T07:13:04+00:00] +   268.2s case_progress: method=target_3 case_index=1 evaluations=300000 offline_error=2.3933
[2026-09-17T07:13:15+00:00] +   278.7s case_progress: method=target_3 case_index=1 evaluations=350000 offline_error=2.4038
[2026-09-17T07:13:25+00:00] +   288.9s case_progress: method=target_3 case_index=1 evaluations=400000 offline_error=2.283
[2026-09-17T07:13:35+00:00] +   299.2s case_progress: method=target_3 case_index=1 evaluations=450000 offline_error=2.2553
[2026-09-17T07:13:46+00:00] +   309.8s case_progress: method=target_3 case_index=1 evaluations=500000 offline_error=2.2087
[2026-09-17T07:13:47+00:00] +   310.9s case_complete: method=target_3 case_index=1 offline_error=2.2087 elapsed_seconds=105.64 completed=4
[2026-09-17T07:13:47+00:00] +   310.9s case_start: method=target_5 case_index=2 budget=500000
[2026-09-17T07:13:57+00:00] +   320.3s case_progress: method=target_5 case_index=2 evaluations=50000 offline_error=1.7841
[2026-09-17T07:14:11+00:00] +   334.4s case_progress: method=target_5 case_index=2 evaluations=100000 offline_error=1.9568
[2026-09-17T07:14:25+00:00] +   348.2s case_progress: method=target_5 case_index=2 evaluations=150000 offline_error=1.9317
[2026-09-17T07:14:41+00:00] +   364.2s case_progress: method=target_5 case_index=2 evaluations=200000 offline_error=1.9333
[2026-09-17T07:14:54+00:00] +   378.2s case_progress: method=target_5 case_index=2 evaluations=250000 offline_error=1.9312
[2026-09-17T07:15:10+00:00] +   393.4s case_progress: method=target_5 case_index=2 evaluations=300000 offline_error=1.8513
[2026-09-17T07:15:25+00:00] +   409.1s case_progress: method=target_5 case_index=2 evaluations=350000 offline_error=1.834
[2026-09-17T07:15:40+00:00] +   423.3s case_progress: method=target_5 case_index=2 evaluations=400000 offline_error=1.7992
[2026-09-17T07:15:54+00:00] +   437.4s case_progress: method=target_5 case_index=2 evaluations=450000 offline_error=1.801
[2026-09-17T07:16:07+00:00] +   450.4s case_progress: method=target_5 case_index=2 evaluations=500000 offline_error=1.8076
[2026-09-17T07:16:08+00:00] +   451.9s case_complete: method=target_5 case_index=2 offline_error=1.8076 elapsed_seconds=140.96 completed=5
[2026-09-17T07:16:08+00:00] +   451.9s case_start: method=target_3 case_index=2 budget=500000
[2026-09-17T07:16:21+00:00] +   464.6s case_progress: method=target_3 case_index=2 evaluations=50000 offline_error=1.48
[2026-09-17T07:16:33+00:00] +   476.9s case_progress: method=target_3 case_index=2 evaluations=100000 offline_error=1.6395
[2026-09-17T07:16:45+00:00] +   488.9s case_progress: method=target_3 case_index=2 evaluations=150000 offline_error=1.7708
[2026-09-17T07:16:55+00:00] +   498.3s case_progress: method=target_3 case_index=2 evaluations=200000 offline_error=1.8032
[2026-09-17T07:17:03+00:00] +   507.2s case_progress: method=target_3 case_index=2 evaluations=250000 offline_error=1.8109
[2026-09-17T07:17:12+00:00] +   516.2s case_progress: method=target_3 case_index=2 evaluations=300000 offline_error=1.714
[2026-09-17T07:17:22+00:00] +   525.4s case_progress: method=target_3 case_index=2 evaluations=350000 offline_error=1.7347
[2026-09-17T07:17:31+00:00] +   534.6s case_progress: method=target_3 case_index=2 evaluations=400000 offline_error=1.7486
[2026-09-17T07:17:41+00:00] +   545.0s case_progress: method=target_3 case_index=2 evaluations=450000 offline_error=1.7586
[2026-09-17T07:17:55+00:00] +   558.6s case_progress: method=target_3 case_index=2 evaluations=500000 offline_error=1.7688
[2026-09-17T07:17:56+00:00] +   559.7s case_complete: method=target_3 case_index=2 offline_error=1.7688 elapsed_seconds=107.8 completed=6
[2026-09-17T07:17:56+00:00] +   559.8s case_start: method=target_5 case_index=3 budget=500000
[2026-09-17T07:18:15+00:00] +   578.3s case_progress: method=target_5 case_index=3 evaluations=50000 offline_error=3.5751
[2026-09-17T07:18:25+00:00] +   588.4s case_progress: method=target_5 case_index=3 evaluations=100000 offline_error=3.1051
[2026-09-17T07:18:34+00:00] +   598.2s case_progress: method=target_5 case_index=3 evaluations=150000 offline_error=2.8221
[2026-09-17T07:18:44+00:00] +   608.1s case_progress: method=target_5 case_index=3 evaluations=200000 offline_error=2.6303
[2026-09-17T07:18:54+00:00] +   617.8s case_progress: method=target_5 case_index=3 evaluations=250000 offline_error=2.5018
[2026-09-17T07:19:04+00:00] +   627.8s case_progress: method=target_5 case_index=3 evaluations=300000 offline_error=2.4792
[2026-09-17T07:19:14+00:00] +   638.0s case_progress: method=target_5 case_index=3 evaluations=350000 offline_error=2.383
[2026-09-17T07:19:25+00:00] +   648.4s case_progress: method=target_5 case_index=3 evaluations=400000 offline_error=2.3657
[2026-09-17T07:19:34+00:00] +   658.1s case_progress: method=target_5 case_index=3 evaluations=450000 offline_error=2.3155
[2026-09-17T07:19:44+00:00] +   668.0s case_progress: method=target_5 case_index=3 evaluations=500000 offline_error=2.2877
[2026-09-17T07:19:45+00:00] +   669.0s case_complete: method=target_5 case_index=3 offline_error=2.2877 elapsed_seconds=109.25 completed=7
[2026-09-17T07:19:45+00:00] +   669.0s case_start: method=target_3 case_index=3 budget=500000
[2026-09-17T07:19:56+00:00] +   679.5s case_progress: method=target_3 case_index=3 evaluations=50000 offline_error=2.7129
[2026-09-17T07:20:05+00:00] +   688.8s case_progress: method=target_3 case_index=3 evaluations=100000 offline_error=2.0588
[2026-09-17T07:20:15+00:00] +   698.3s case_progress: method=target_3 case_index=3 evaluations=150000 offline_error=2.0934
[2026-09-17T07:20:25+00:00] +   708.8s case_progress: method=target_3 case_index=3 evaluations=200000 offline_error=2.1169
[2026-09-17T07:20:35+00:00] +   718.2s case_progress: method=target_3 case_index=3 evaluations=250000 offline_error=2.104
[2026-09-17T07:20:44+00:00] +   728.0s case_progress: method=target_3 case_index=3 evaluations=300000 offline_error=2.074
[2026-09-17T07:20:54+00:00] +   738.1s case_progress: method=target_3 case_index=3 evaluations=350000 offline_error=2.0236
[2026-09-17T07:21:05+00:00] +   748.8s case_progress: method=target_3 case_index=3 evaluations=400000 offline_error=2.102
[2026-09-17T07:21:16+00:00] +   759.6s case_progress: method=target_3 case_index=3 evaluations=450000 offline_error=2.0878
[2026-09-17T07:21:26+00:00] +   769.9s case_progress: method=target_3 case_index=3 evaluations=500000 offline_error=2.1324
[2026-09-17T07:21:27+00:00] +   771.0s case_complete: method=target_3 case_index=3 offline_error=2.1324 elapsed_seconds=101.99 completed=8
[2026-09-17T08:25:53+00:00] +     0.8s case_reused: method=target_2 case_index=0 artifact=/home/roland/actir/shinka-adaptive-swarms/results/book_mpso_population_200_v2/20260917T065325Z/references/target_2/case_000.json.gz
[2026-09-17T08:25:54+00:00] +     1.5s case_reused: method=target_4 case_index=0 artifact=/home/roland/actir/shinka-adaptive-swarms/results/book_mpso_population_200_v2/20260917T065325Z/references/target_4/case_000.json.gz
[2026-09-17T08:25:54+00:00] +     1.5s case_start: method=target_6 case_index=0 budget=500000
[2026-09-17T08:26:05+00:00] +    12.7s case_progress: method=target_6 case_index=0 evaluations=50000 offline_error=7.6036
[2026-09-17T08:26:16+00:00] +    24.4s case_progress: method=target_6 case_index=0 evaluations=100000 offline_error=5.6353
[2026-09-17T08:26:30+00:00] +    38.2s case_progress: method=target_6 case_index=0 evaluations=150000 offline_error=4.5773
[2026-09-17T08:26:52+00:00] +    60.0s heartbeat: activity=references target_6 case 1/4 seconds_since_event=21.8 message=Process is alive; no new result has arrived.
[2026-09-17T08:26:59+00:00] +    66.5s case_progress: method=target_6 case_index=0 evaluations=200000 offline_error=3.8208
[2026-09-17T08:27:19+00:00] +    86.6s case_progress: method=target_6 case_index=0 evaluations=250000 offline_error=3.468
[2026-09-17T08:27:36+00:00] +   103.5s case_progress: method=target_6 case_index=0 evaluations=300000 offline_error=3.1646
[2026-09-17T08:27:53+00:00] +   121.2s case_progress: method=target_6 case_index=0 evaluations=350000 offline_error=3.0908
[2026-09-17T08:28:09+00:00] +   137.4s case_progress: method=target_6 case_index=0 evaluations=400000 offline_error=2.9384
[2026-09-17T08:28:22+00:00] +   150.0s case_progress: method=target_6 case_index=0 evaluations=450000 offline_error=2.7951
[2026-09-17T08:28:34+00:00] +   161.9s case_progress: method=target_6 case_index=0 evaluations=500000 offline_error=2.764
[2026-09-17T08:28:35+00:00] +   163.2s case_complete: method=target_6 case_index=0 offline_error=2.764 elapsed_seconds=161.7 completed=11
[2026-09-17T08:28:35+00:00] +   163.2s case_start: method=target_7 case_index=0 budget=500000
[2026-09-17T08:28:47+00:00] +   175.1s case_progress: method=target_7 case_index=0 evaluations=50000 offline_error=5.6941
[2026-09-17T08:29:00+00:00] +   187.8s case_progress: method=target_7 case_index=0 evaluations=100000 offline_error=4.4799
[2026-09-17T08:29:13+00:00] +   201.1s case_progress: method=target_7 case_index=0 evaluations=150000 offline_error=3.7104
[2026-09-17T08:29:30+00:00] +   217.9s case_progress: method=target_7 case_index=0 evaluations=200000 offline_error=3.2355
[2026-09-17T08:29:43+00:00] +   230.7s case_progress: method=target_7 case_index=0 evaluations=250000 offline_error=2.9216
[2026-09-17T08:29:53+00:00] +   240.5s case_progress: method=target_7 case_index=0 evaluations=300000 offline_error=2.733
[2026-09-17T08:30:04+00:00] +   252.2s case_progress: method=target_7 case_index=0 evaluations=350000 offline_error=2.6951
[2026-09-17T08:30:16+00:00] +   263.4s case_progress: method=target_7 case_index=0 evaluations=400000 offline_error=2.6835
[2026-09-17T08:30:26+00:00] +   274.2s case_progress: method=target_7 case_index=0 evaluations=450000 offline_error=2.6278
[2026-09-17T08:30:42+00:00] +   290.0s case_progress: method=target_7 case_index=0 evaluations=500000 offline_error=2.6282
[2026-09-17T08:30:43+00:00] +   291.4s case_complete: method=target_7 case_index=0 offline_error=2.6282 elapsed_seconds=128.17 completed=12
[2026-09-17T08:30:44+00:00] +   291.4s case_start: method=target_8 case_index=0 budget=500000
[2026-09-17T08:30:56+00:00] +   303.4s case_progress: method=target_8 case_index=0 evaluations=50000 offline_error=6.3387
[2026-09-17T08:31:09+00:00] +   316.7s case_progress: method=target_8 case_index=0 evaluations=100000 offline_error=5.1947
[2026-09-17T08:31:19+00:00] +   326.9s case_progress: method=target_8 case_index=0 evaluations=150000 offline_error=4.6343
[2026-09-17T08:31:29+00:00] +   336.4s case_progress: method=target_8 case_index=0 evaluations=200000 offline_error=4.0051
[2026-09-17T08:31:38+00:00] +   346.1s case_progress: method=target_8 case_index=0 evaluations=250000 offline_error=3.7129
[2026-09-17T08:31:48+00:00] +   356.0s case_progress: method=target_8 case_index=0 evaluations=300000 offline_error=3.4015
[2026-09-17T08:31:58+00:00] +   366.1s case_progress: method=target_8 case_index=0 evaluations=350000 offline_error=3.4348
[2026-09-17T08:32:07+00:00] +   375.2s case_progress: method=target_8 case_index=0 evaluations=400000 offline_error=3.3235
[2026-09-17T08:32:17+00:00] +   384.4s case_progress: method=target_8 case_index=0 evaluations=450000 offline_error=3.2026
[2026-09-17T08:32:27+00:00] +   394.5s case_progress: method=target_8 case_index=0 evaluations=500000 offline_error=3.1579
[2026-09-17T08:32:28+00:00] +   395.5s case_complete: method=target_8 case_index=0 offline_error=3.1579 elapsed_seconds=104.08 completed=13
[2026-09-17T08:32:29+00:00] +   396.5s case_reused: method=target_2 case_index=1 artifact=/home/roland/actir/shinka-adaptive-swarms/results/book_mpso_population_200_v2/20260917T065325Z/references/target_2/case_001.json.gz
[2026-09-17T08:32:29+00:00] +   397.0s case_reused: method=target_4 case_index=1 artifact=/home/roland/actir/shinka-adaptive-swarms/results/book_mpso_population_200_v2/20260917T065325Z/references/target_4/case_001.json.gz
[2026-09-17T08:32:29+00:00] +   397.0s case_start: method=target_6 case_index=1 budget=500000
[2026-09-17T08:32:38+00:00] +   406.0s case_progress: method=target_6 case_index=1 evaluations=50000 offline_error=2.674
[2026-09-17T08:32:47+00:00] +   415.3s case_progress: method=target_6 case_index=1 evaluations=100000 offline_error=2.7035
[2026-09-17T08:32:58+00:00] +   425.8s case_progress: method=target_6 case_index=1 evaluations=150000 offline_error=2.5364
[2026-09-17T08:33:08+00:00] +   435.8s case_progress: method=target_6 case_index=1 evaluations=200000 offline_error=2.3964
[2026-09-17T08:33:19+00:00] +   446.6s case_progress: method=target_6 case_index=1 evaluations=250000 offline_error=2.4778
[2026-09-17T08:33:30+00:00] +   458.1s case_progress: method=target_6 case_index=1 evaluations=300000 offline_error=2.4468
[2026-09-17T08:33:44+00:00] +   471.6s case_progress: method=target_6 case_index=1 evaluations=350000 offline_error=2.4344
[2026-09-17T08:33:55+00:00] +   483.4s case_progress: method=target_6 case_index=1 evaluations=400000 offline_error=2.2721
[2026-09-17T08:34:07+00:00] +   495.0s case_progress: method=target_6 case_index=1 evaluations=450000 offline_error=2.2191
[2026-09-17T08:34:17+00:00] +   505.4s case_progress: method=target_6 case_index=1 evaluations=500000 offline_error=2.194
[2026-09-17T08:34:19+00:00] +   506.4s case_complete: method=target_6 case_index=1 offline_error=2.194 elapsed_seconds=109.36 completed=16
[2026-09-17T08:34:19+00:00] +   506.4s case_start: method=target_7 case_index=1 budget=500000
[2026-09-17T08:34:27+00:00] +   515.4s case_progress: method=target_7 case_index=1 evaluations=50000 offline_error=3.4796
[2026-09-17T08:34:37+00:00] +   524.7s case_progress: method=target_7 case_index=1 evaluations=100000 offline_error=3.1188
[2026-09-17T08:34:46+00:00] +   533.9s case_progress: method=target_7 case_index=1 evaluations=150000 offline_error=2.6883
[2026-09-17T08:34:55+00:00] +   543.2s case_progress: method=target_7 case_index=1 evaluations=200000 offline_error=2.4995
[2026-09-17T08:35:04+00:00] +   552.3s case_progress: method=target_7 case_index=1 evaluations=250000 offline_error=2.5542
[2026-09-17T08:35:14+00:00] +   562.0s case_progress: method=target_7 case_index=1 evaluations=300000 offline_error=2.4641
[2026-09-17T08:35:24+00:00] +   572.2s case_progress: method=target_7 case_index=1 evaluations=350000 offline_error=2.4129
[2026-09-17T08:35:34+00:00] +   581.9s case_progress: method=target_7 case_index=1 evaluations=400000 offline_error=2.2897
[2026-09-17T08:35:45+00:00] +   592.9s case_progress: method=target_7 case_index=1 evaluations=450000 offline_error=2.3038
[2026-09-17T08:35:55+00:00] +   603.1s case_progress: method=target_7 case_index=1 evaluations=500000 offline_error=2.3226
[2026-09-17T08:35:56+00:00] +   604.1s case_complete: method=target_7 case_index=1 offline_error=2.3226 elapsed_seconds=97.692 completed=17
[2026-09-17T08:35:56+00:00] +   604.1s case_start: method=target_8 case_index=1 budget=500000
[2026-09-17T08:36:06+00:00] +   614.3s case_progress: method=target_8 case_index=1 evaluations=50000 offline_error=3.1171
[2026-09-17T08:36:16+00:00] +   624.3s case_progress: method=target_8 case_index=1 evaluations=100000 offline_error=2.7625
[2026-09-17T08:36:27+00:00] +   634.7s case_progress: method=target_8 case_index=1 evaluations=150000 offline_error=2.9231
[2026-09-17T08:36:36+00:00] +   643.8s case_progress: method=target_8 case_index=1 evaluations=200000 offline_error=2.765
[2026-09-17T08:36:45+00:00] +   653.4s case_progress: method=target_8 case_index=1 evaluations=250000 offline_error=2.7507
[2026-09-17T08:36:54+00:00] +   662.4s case_progress: method=target_8 case_index=1 evaluations=300000 offline_error=2.609
[2026-09-17T08:37:03+00:00] +   670.9s case_progress: method=target_8 case_index=1 evaluations=350000 offline_error=2.5772
[2026-09-17T08:37:12+00:00] +   679.6s case_progress: method=target_8 case_index=1 evaluations=400000 offline_error=2.4159
[2026-09-17T08:37:20+00:00] +   688.3s case_progress: method=target_8 case_index=1 evaluations=450000 offline_error=2.4153
[2026-09-17T08:37:29+00:00] +   697.0s case_progress: method=target_8 case_index=1 evaluations=500000 offline_error=2.3454
[2026-09-17T08:37:30+00:00] +   697.9s case_complete: method=target_8 case_index=1 offline_error=2.3454 elapsed_seconds=93.731 completed=18
[2026-09-17T08:37:31+00:00] +   698.6s case_reused: method=target_2 case_index=2 artifact=/home/roland/actir/shinka-adaptive-swarms/results/book_mpso_population_200_v2/20260917T065325Z/references/target_2/case_002.json.gz
[2026-09-17T08:37:31+00:00] +   699.0s case_reused: method=target_4 case_index=2 artifact=/home/roland/actir/shinka-adaptive-swarms/results/book_mpso_population_200_v2/20260917T065325Z/references/target_4/case_002.json.gz
[2026-09-17T08:37:31+00:00] +   699.1s case_start: method=target_6 case_index=2 budget=500000
[2026-09-17T08:37:40+00:00] +   707.9s case_progress: method=target_6 case_index=2 evaluations=50000 offline_error=1.804
[2026-09-17T08:37:48+00:00] +   716.3s case_progress: method=target_6 case_index=2 evaluations=100000 offline_error=1.7662
[2026-09-17T08:37:57+00:00] +   725.1s case_progress: method=target_6 case_index=2 evaluations=150000 offline_error=1.7617
[2026-09-17T08:38:14+00:00] +   741.5s case_progress: method=target_6 case_index=2 evaluations=200000 offline_error=1.8127
[2026-09-17T08:38:23+00:00] +   750.6s case_progress: method=target_6 case_index=2 evaluations=250000 offline_error=1.8074
[2026-09-17T08:38:31+00:00] +   759.2s case_progress: method=target_6 case_index=2 evaluations=300000 offline_error=1.7062
[2026-09-17T08:38:40+00:00] +   768.0s case_progress: method=target_6 case_index=2 evaluations=350000 offline_error=1.7488
[2026-09-17T08:38:49+00:00] +   776.6s case_progress: method=target_6 case_index=2 evaluations=400000 offline_error=1.8336
[2026-09-17T08:38:58+00:00] +   785.6s case_progress: method=target_6 case_index=2 evaluations=450000 offline_error=1.8429
[2026-09-17T08:39:07+00:00] +   794.4s case_progress: method=target_6 case_index=2 evaluations=500000 offline_error=1.9587
[2026-09-17T08:39:08+00:00] +   795.4s case_complete: method=target_6 case_index=2 offline_error=1.9587 elapsed_seconds=96.351 completed=21
[2026-09-17T08:39:08+00:00] +   795.5s case_start: method=target_7 case_index=2 budget=500000
[2026-09-17T08:39:17+00:00] +   804.6s case_progress: method=target_7 case_index=2 evaluations=50000 offline_error=1.6976
[2026-09-17T08:39:25+00:00] +   813.0s case_progress: method=target_7 case_index=2 evaluations=100000 offline_error=1.8415
[2026-09-17T08:39:34+00:00] +   821.9s case_progress: method=target_7 case_index=2 evaluations=150000 offline_error=2.0373
[2026-09-17T08:39:43+00:00] +   830.5s case_progress: method=target_7 case_index=2 evaluations=200000 offline_error=2.1531
[2026-09-17T08:39:51+00:00] +   839.2s case_progress: method=target_7 case_index=2 evaluations=250000 offline_error=2.0805
[2026-09-17T08:40:00+00:00] +   848.3s case_progress: method=target_7 case_index=2 evaluations=300000 offline_error=2.0444
[2026-09-17T08:40:09+00:00] +   857.0s case_progress: method=target_7 case_index=2 evaluations=350000 offline_error=2.0325
[2026-09-17T08:40:18+00:00] +   866.0s case_progress: method=target_7 case_index=2 evaluations=400000 offline_error=2.0267
[2026-09-17T08:40:27+00:00] +   875.0s case_progress: method=target_7 case_index=2 evaluations=450000 offline_error=2.0376
[2026-09-17T08:40:36+00:00] +   884.0s case_progress: method=target_7 case_index=2 evaluations=500000 offline_error=2.0316
[2026-09-17T08:40:37+00:00] +   885.0s case_complete: method=target_7 case_index=2 offline_error=2.0316 elapsed_seconds=89.545 completed=22
[2026-09-17T08:40:37+00:00] +   885.0s case_start: method=target_8 case_index=2 budget=500000
[2026-09-17T08:40:46+00:00] +   893.5s case_progress: method=target_8 case_index=2 evaluations=50000 offline_error=2.1813
[2026-09-17T08:40:54+00:00] +   901.9s case_progress: method=target_8 case_index=2 evaluations=100000 offline_error=2.344
[2026-09-17T08:41:03+00:00] +   910.7s case_progress: method=target_8 case_index=2 evaluations=150000 offline_error=2.5552
[2026-09-17T08:41:12+00:00] +   920.2s case_progress: method=target_8 case_index=2 evaluations=200000 offline_error=2.7665
[2026-09-17T08:41:21+00:00] +   929.2s case_progress: method=target_8 case_index=2 evaluations=250000 offline_error=2.6578
[2026-09-17T08:41:30+00:00] +   937.8s case_progress: method=target_8 case_index=2 evaluations=300000 offline_error=2.4781
[2026-09-17T08:41:39+00:00] +   946.6s case_progress: method=target_8 case_index=2 evaluations=350000 offline_error=2.4819
[2026-09-17T08:41:48+00:00] +   955.5s case_progress: method=target_8 case_index=2 evaluations=400000 offline_error=2.4534
[2026-09-17T08:41:56+00:00] +   964.1s case_progress: method=target_8 case_index=2 evaluations=450000 offline_error=2.4048
[2026-09-17T08:42:06+00:00] +   973.5s case_progress: method=target_8 case_index=2 evaluations=500000 offline_error=2.3568
[2026-09-17T08:42:06+00:00] +   974.3s case_complete: method=target_8 case_index=2 offline_error=2.3568 elapsed_seconds=89.282 completed=23
[2026-09-17T08:42:07+00:00] +   974.9s case_reused: method=target_2 case_index=3 artifact=/home/roland/actir/shinka-adaptive-swarms/results/book_mpso_population_200_v2/20260917T065325Z/references/target_2/case_003.json.gz
[2026-09-17T08:42:08+00:00] +   975.5s case_reused: method=target_4 case_index=3 artifact=/home/roland/actir/shinka-adaptive-swarms/results/book_mpso_population_200_v2/20260917T065325Z/references/target_4/case_003.json.gz
[2026-09-17T08:42:08+00:00] +   975.5s case_start: method=target_6 case_index=3 budget=500000
[2026-09-17T08:42:16+00:00] +   984.0s case_progress: method=target_6 case_index=3 evaluations=50000 offline_error=2.7505
[2026-09-17T08:42:25+00:00] +   992.5s case_progress: method=target_6 case_index=3 evaluations=100000 offline_error=2.3984
[2026-09-17T08:42:33+00:00] +  1000.8s case_progress: method=target_6 case_index=3 evaluations=150000 offline_error=2.3766
[2026-09-17T08:42:42+00:00] +  1009.4s case_progress: method=target_6 case_index=3 evaluations=200000 offline_error=2.6175
[2026-09-17T08:42:50+00:00] +  1018.3s case_progress: method=target_6 case_index=3 evaluations=250000 offline_error=2.6636
[2026-09-17T08:42:59+00:00] +  1026.9s case_progress: method=target_6 case_index=3 evaluations=300000 offline_error=2.6586
[2026-09-17T08:43:08+00:00] +  1036.0s case_progress: method=target_6 case_index=3 evaluations=350000 offline_error=2.5705
[2026-09-17T08:43:17+00:00] +  1044.8s case_progress: method=target_6 case_index=3 evaluations=400000 offline_error=2.5295
[2026-09-17T08:43:26+00:00] +  1054.1s case_progress: method=target_6 case_index=3 evaluations=450000 offline_error=2.4571
[2026-09-17T08:43:35+00:00] +  1062.7s case_progress: method=target_6 case_index=3 evaluations=500000 offline_error=2.4833
[2026-09-17T08:43:36+00:00] +  1063.7s case_complete: method=target_6 case_index=3 offline_error=2.4833 elapsed_seconds=88.21 completed=26
[2026-09-17T08:43:36+00:00] +  1063.7s case_start: method=target_7 case_index=3 budget=500000
[2026-09-17T08:43:44+00:00] +  1072.0s case_progress: method=target_7 case_index=3 evaluations=50000 offline_error=3.0803
[2026-09-17T08:43:53+00:00] +  1081.2s case_progress: method=target_7 case_index=3 evaluations=100000 offline_error=2.3458
[2026-09-17T08:44:02+00:00] +  1090.0s case_progress: method=target_7 case_index=3 evaluations=150000 offline_error=2.4171
[2026-09-17T08:44:11+00:00] +  1098.6s case_progress: method=target_7 case_index=3 evaluations=200000 offline_error=2.6074
[2026-09-17T08:44:19+00:00] +  1107.3s case_progress: method=target_7 case_index=3 evaluations=250000 offline_error=2.6645
[2026-09-17T08:44:28+00:00] +  1116.0s case_progress: method=target_7 case_index=3 evaluations=300000 offline_error=2.6289
[2026-09-17T08:44:37+00:00] +  1124.7s case_progress: method=target_7 case_index=3 evaluations=350000 offline_error=2.6067
[2026-09-17T08:44:45+00:00] +  1133.3s case_progress: method=target_7 case_index=3 evaluations=400000 offline_error=2.4845
[2026-09-17T08:44:55+00:00] +  1142.7s case_progress: method=target_7 case_index=3 evaluations=450000 offline_error=2.4326
[2026-09-17T08:45:04+00:00] +  1151.6s case_progress: method=target_7 case_index=3 evaluations=500000 offline_error=2.4273
[2026-09-17T08:45:05+00:00] +  1152.5s case_complete: method=target_7 case_index=3 offline_error=2.4273 elapsed_seconds=88.811 completed=27
[2026-09-17T08:45:05+00:00] +  1152.5s case_start: method=target_8 case_index=3 budget=500000
[2026-09-17T08:45:13+00:00] +  1160.9s case_progress: method=target_8 case_index=3 evaluations=50000 offline_error=2.8264
[2026-09-17T08:45:21+00:00] +  1169.3s case_progress: method=target_8 case_index=3 evaluations=100000 offline_error=2.1206
[2026-09-17T08:45:30+00:00] +  1177.9s case_progress: method=target_8 case_index=3 evaluations=150000 offline_error=2.2208
[2026-09-17T08:45:39+00:00] +  1186.5s case_progress: method=target_8 case_index=3 evaluations=200000 offline_error=2.3218
[2026-09-17T08:45:48+00:00] +  1195.8s case_progress: method=target_8 case_index=3 evaluations=250000 offline_error=2.5322
[2026-09-17T08:45:57+00:00] +  1205.1s case_progress: method=target_8 case_index=3 evaluations=300000 offline_error=2.526
[2026-09-17T08:46:06+00:00] +  1213.9s case_progress: method=target_8 case_index=3 evaluations=350000 offline_error=2.4664
[2026-09-17T08:46:15+00:00] +  1222.6s case_progress: method=target_8 case_index=3 evaluations=400000 offline_error=2.5318
[2026-09-17T08:46:24+00:00] +  1231.5s case_progress: method=target_8 case_index=3 evaluations=450000 offline_error=2.4742
[2026-09-17T08:46:32+00:00] +  1240.3s case_progress: method=target_8 case_index=3 evaluations=500000 offline_error=2.4871
[2026-09-17T08:46:33+00:00] +  1241.2s case_complete: method=target_8 case_index=3 offline_error=2.4871 elapsed_seconds=88.651 completed=28
