[2026-09-17T07:06:24+00:00] +     0.0s session_controller_start: session_id=session_001 stage=controls deadline=2026-09-17T09:53:25+00:00
[2026-09-17T07:06:24+00:00] +     0.0s references_registered: cases=4 methods=['target_5', 'target_3', 'target_2', 'target_4', 'target_6', 'target_7', 'target_8'] reused_development_identities=True maximum_new_executions=28 manifest=/home/roland/actir/shinka-adaptive-swarms/results/book_mpso_population_200_v2/20260917T065325Z/references/manifest.json
[2026-09-17T07:06:24+00:00] +     0.0s case_start: stage=references method=target_5 case_index=0 completed=0
[2026-09-17T07:06:44+00:00] +    20.0s heartbeat: activity=initializing seconds_since_event=20 message=Process is alive; no new result has arrived.
[2026-09-17T07:07:04+00:00] +    40.0s heartbeat: activity=initializing seconds_since_event=40 message=Process is alive; no new result has arrived.
[2026-09-17T07:07:04+00:00] +    40.0s heartbeat: activity=initializing seconds_since_event=40 message=Process is alive; no new result has arrived.
[2026-09-17T07:07:24+00:00] +    60.0s heartbeat: activity=initializing seconds_since_event=60 message=Process is alive; no new result has arrived.
[2026-09-17T07:07:24+00:00] +    60.0s heartbeat: activity=initializing seconds_since_event=60 message=Process is alive; no new result has arrived.
[2026-09-17T07:07:44+00:00] +    80.0s heartbeat: activity=initializing seconds_since_event=80 message=Process is alive; no new result has arrived.
[2026-09-17T07:07:44+00:00] +    80.0s heartbeat: activity=initializing seconds_since_event=80 message=Process is alive; no new result has arrived.
[2026-09-17T07:08:04+00:00] +   100.0s heartbeat: activity=initializing seconds_since_event=100 message=Process is alive; no new result has arrived.
[2026-09-17T07:08:04+00:00] +   100.0s heartbeat: activity=initializing seconds_since_event=100 message=Process is alive; no new result has arrived.
[2026-09-17T07:08:05+00:00] +   100.6s case_complete: stage=references method=target_5 case_index=0 offline_error=2.7483 elapsed_seconds=100.58 completed=1
[2026-09-17T07:08:05+00:00] +   100.7s runtime_forecast: computed_at=2026-09-17T07:08:05.461297+00:00 first_case_seconds=100.59 observed_case_seconds=[100.588363] conservative_case_seconds=135.79 historical_max_native_wrapper_seconds=200.24 mutation_novelty_meta_allowance_seconds=600.73 drain_seconds=120 complete_descendant_admission_seconds=1263.9 research_seconds_remaining=8719.5 affordable_serial_descendants_now=6 campaign_remaining_case_runtime_hours_at_conservative_rate=14.221 note=Feasibility uses elapsed time and recorded latency, never reference scores; future campaign/fresh work need not fit this session.
[2026-09-17T07:08:36+00:00] +     0.0s session_controller_start: session_id=session_001 stage=controls deadline=2026-09-17T09:53:25+00:00
[2026-09-17T07:08:37+00:00] +     0.3s case_start: stage=references method=target_3 case_index=0 completed=1
[2026-09-17T07:08:56+00:00] +    20.0s heartbeat: activity=waiting for corrected control cases; details in references/run.log seconds_since_event=20 message=Process is alive; no new result has arrived.
[2026-09-17T07:09:16+00:00] +    40.0s heartbeat: activity=waiting for corrected control cases; details in references/run.log seconds_since_event=40 message=Process is alive; no new result has arrived.
[2026-09-17T07:09:16+00:00] +    40.0s heartbeat: activity=references target_3 case 1/4; waiting for counted simulator progress seconds_since_event=39.7 message=Process is alive; no new result has arrived.
[2026-09-17T07:09:36+00:00] +    60.0s heartbeat: activity=references target_3 case 1/4; waiting for counted simulator progress seconds_since_event=59.7 message=Process is alive; no new result has arrived.
[2026-09-17T07:09:36+00:00] +    60.0s heartbeat: activity=waiting for corrected control cases; details in references/run.log seconds_since_event=60 message=Process is alive; no new result has arrived.
[2026-09-17T07:09:56+00:00] +    80.0s heartbeat: activity=waiting for corrected control cases; details in references/run.log seconds_since_event=80 message=Process is alive; no new result has arrived.
[2026-09-17T07:09:56+00:00] +    80.0s heartbeat: activity=references target_3 case 1/4; waiting for counted simulator progress seconds_since_event=79.7 message=Process is alive; no new result has arrived.
[2026-09-17T07:10:16+00:00] +   100.0s heartbeat: activity=waiting for corrected control cases; details in references/run.log seconds_since_event=100.1 message=Process is alive; no new result has arrived.
[2026-09-17T07:10:16+00:00] +   100.0s heartbeat: activity=references target_3 case 1/4; waiting for counted simulator progress seconds_since_event=99.8 message=Process is alive; no new result has arrived.
[2026-09-17T07:10:18+00:00] +   101.4s case_complete: stage=references method=target_3 case_index=0 offline_error=2.2565 elapsed_seconds=101.14 completed=2
[2026-09-17T07:10:18+00:00] +   101.5s case_start: stage=references method=target_5 case_index=1 completed=2
[2026-09-17T07:10:36+00:00] +   120.1s heartbeat: activity=waiting for corrected control cases; details in references/run.log seconds_since_event=120.1 message=Process is alive; no new result has arrived.
[2026-09-17T07:10:56+00:00] +   140.1s heartbeat: activity=waiting for corrected control cases; details in references/run.log seconds_since_event=140.1 message=Process is alive; no new result has arrived.
[2026-09-17T07:10:56+00:00] +   140.1s heartbeat: activity=references target_5 case 2/4; waiting for counted simulator progress seconds_since_event=38.6 message=Process is alive; no new result has arrived.
[2026-09-17T07:11:16+00:00] +   160.1s heartbeat: activity=waiting for corrected control cases; details in references/run.log seconds_since_event=160.1 message=Process is alive; no new result has arrived.
[2026-09-17T07:11:16+00:00] +   160.1s heartbeat: activity=references target_5 case 2/4; waiting for counted simulator progress seconds_since_event=58.6 message=Process is alive; no new result has arrived.
[2026-09-17T07:11:36+00:00] +   180.1s heartbeat: activity=waiting for corrected control cases; details in references/run.log seconds_since_event=180.1 message=Process is alive; no new result has arrived.
[2026-09-17T07:11:36+00:00] +   180.1s heartbeat: activity=references target_5 case 2/4; waiting for counted simulator progress seconds_since_event=78.7 message=Process is alive; no new result has arrived.
[2026-09-17T07:11:56+00:00] +   200.1s heartbeat: activity=waiting for corrected control cases; details in references/run.log seconds_since_event=200.1 message=Process is alive; no new result has arrived.
[2026-09-17T07:11:56+00:00] +   200.1s heartbeat: activity=references target_5 case 2/4; waiting for counted simulator progress seconds_since_event=98.7 message=Process is alive; no new result has arrived.
[2026-09-17T07:12:02+00:00] +   205.3s case_complete: stage=references method=target_5 case_index=1 offline_error=1.9215 elapsed_seconds=103.8 completed=3
[2026-09-17T07:12:02+00:00] +   205.3s case_start: stage=references method=target_3 case_index=1 completed=3
[2026-09-17T07:12:16+00:00] +   220.1s heartbeat: activity=waiting for corrected control cases; details in references/run.log seconds_since_event=220.1 message=Process is alive; no new result has arrived.
[2026-09-17T07:12:36+00:00] +   240.1s heartbeat: activity=references target_3 case 2/4; waiting for counted simulator progress seconds_since_event=34.9 message=Process is alive; no new result has arrived.
[2026-09-17T07:12:36+00:00] +   240.1s heartbeat: activity=waiting for corrected control cases; details in references/run.log seconds_since_event=240.1 message=Process is alive; no new result has arrived.
[2026-09-17T07:12:56+00:00] +   260.1s heartbeat: activity=references target_3 case 2/4; waiting for counted simulator progress seconds_since_event=54.9 message=Process is alive; no new result has arrived.
[2026-09-17T07:12:56+00:00] +   260.1s heartbeat: activity=waiting for corrected control cases; details in references/run.log seconds_since_event=260.1 message=Process is alive; no new result has arrived.
[2026-09-17T07:13:16+00:00] +   280.1s heartbeat: activity=waiting for corrected control cases; details in references/run.log seconds_since_event=280.1 message=Process is alive; no new result has arrived.
[2026-09-17T07:13:16+00:00] +   280.1s heartbeat: activity=references target_3 case 2/4; waiting for counted simulator progress seconds_since_event=74.9 message=Process is alive; no new result has arrived.
[2026-09-17T07:13:36+00:00] +   300.1s heartbeat: activity=references target_3 case 2/4; waiting for counted simulator progress seconds_since_event=94.9 message=Process is alive; no new result has arrived.
[2026-09-17T07:13:36+00:00] +   300.2s heartbeat: activity=waiting for corrected control cases; details in references/run.log seconds_since_event=300.2 message=Process is alive; no new result has arrived.
[2026-09-17T07:13:47+00:00] +   310.9s case_complete: stage=references method=target_3 case_index=1 offline_error=2.2087 elapsed_seconds=105.64 completed=4
[2026-09-17T07:13:47+00:00] +   310.9s case_start: stage=references method=target_5 case_index=2 completed=4
[2026-09-17T07:13:56+00:00] +   320.2s heartbeat: activity=waiting for corrected control cases; details in references/run.log seconds_since_event=320.2 message=Process is alive; no new result has arrived.
[2026-09-17T07:14:16+00:00] +   340.2s heartbeat: activity=references target_5 case 3/4; waiting for counted simulator progress seconds_since_event=29.2 message=Process is alive; no new result has arrived.
[2026-09-17T07:14:16+00:00] +   340.2s heartbeat: activity=waiting for corrected control cases; details in references/run.log seconds_since_event=340.2 message=Process is alive; no new result has arrived.
[2026-09-17T07:14:36+00:00] +   360.2s heartbeat: activity=waiting for corrected control cases; details in references/run.log seconds_since_event=360.2 message=Process is alive; no new result has arrived.
[2026-09-17T07:14:36+00:00] +   360.2s heartbeat: activity=references target_5 case 3/4; waiting for counted simulator progress seconds_since_event=49.3 message=Process is alive; no new result has arrived.
[2026-09-17T07:14:57+00:00] +   380.2s heartbeat: activity=references target_5 case 3/4; waiting for counted simulator progress seconds_since_event=69.3 message=Process is alive; no new result has arrived.
[2026-09-17T07:14:57+00:00] +   380.2s heartbeat: activity=waiting for corrected control cases; details in references/run.log seconds_since_event=380.2 message=Process is alive; no new result has arrived.
[2026-09-17T07:15:17+00:00] +   400.2s heartbeat: activity=references target_5 case 3/4; waiting for counted simulator progress seconds_since_event=89.3 message=Process is alive; no new result has arrived.
[2026-09-17T07:15:17+00:00] +   400.2s heartbeat: activity=waiting for corrected control cases; details in references/run.log seconds_since_event=400.2 message=Process is alive; no new result has arrived.
[2026-09-17T07:15:37+00:00] +   420.2s heartbeat: activity=references target_5 case 3/4; waiting for counted simulator progress seconds_since_event=109.3 message=Process is alive; no new result has arrived.
[2026-09-17T07:15:37+00:00] +   420.3s heartbeat: activity=waiting for corrected control cases; details in references/run.log seconds_since_event=420.3 message=Process is alive; no new result has arrived.
[2026-09-17T07:15:57+00:00] +   440.3s heartbeat: activity=references target_5 case 3/4; waiting for counted simulator progress seconds_since_event=129.3 message=Process is alive; no new result has arrived.
[2026-09-17T07:15:57+00:00] +   440.3s heartbeat: activity=waiting for corrected control cases; details in references/run.log seconds_since_event=440.3 message=Process is alive; no new result has arrived.
[2026-09-17T07:16:08+00:00] +   451.9s case_complete: stage=references method=target_5 case_index=2 offline_error=1.8076 elapsed_seconds=140.96 completed=5
[2026-09-17T07:16:08+00:00] +   451.9s case_start: stage=references method=target_3 case_index=2 completed=5
[2026-09-17T07:16:17+00:00] +   460.3s heartbeat: activity=waiting for corrected control cases; details in references/run.log seconds_since_event=460.3 message=Process is alive; no new result has arrived.
[2026-09-17T07:16:37+00:00] +   480.3s heartbeat: activity=references target_3 case 3/4; waiting for counted simulator progress seconds_since_event=28.4 message=Process is alive; no new result has arrived.
[2026-09-17T07:16:37+00:00] +   480.3s heartbeat: activity=waiting for corrected control cases; details in references/run.log seconds_since_event=480.3 message=Process is alive; no new result has arrived.
[2026-09-17T07:16:57+00:00] +   500.3s heartbeat: activity=references target_3 case 3/4; waiting for counted simulator progress seconds_since_event=48.4 message=Process is alive; no new result has arrived.
[2026-09-17T07:16:57+00:00] +   500.3s heartbeat: activity=waiting for corrected control cases; details in references/run.log seconds_since_event=500.3 message=Process is alive; no new result has arrived.
[2026-09-17T07:17:17+00:00] +   520.3s heartbeat: activity=references target_3 case 3/4; waiting for counted simulator progress seconds_since_event=68.4 message=Process is alive; no new result has arrived.
[2026-09-17T07:17:17+00:00] +   520.4s heartbeat: activity=waiting for corrected control cases; details in references/run.log seconds_since_event=520.3 message=Process is alive; no new result has arrived.
[2026-09-17T07:17:37+00:00] +   540.3s heartbeat: activity=references target_3 case 3/4; waiting for counted simulator progress seconds_since_event=88.4 message=Process is alive; no new result has arrived.
[2026-09-17T07:17:37+00:00] +   540.4s heartbeat: activity=waiting for corrected control cases; details in references/run.log seconds_since_event=540.4 message=Process is alive; no new result has arrived.
[2026-09-17T07:17:56+00:00] +   559.7s case_complete: stage=references method=target_3 case_index=2 offline_error=1.7688 elapsed_seconds=107.8 completed=6
[2026-09-17T07:17:56+00:00] +   559.8s case_start: stage=references method=target_5 case_index=3 completed=6
[2026-09-17T07:17:57+00:00] +   560.4s heartbeat: activity=waiting for corrected control cases; details in references/run.log seconds_since_event=560.4 message=Process is alive; no new result has arrived.
[2026-09-17T07:18:17+00:00] +   580.3s heartbeat: activity=references target_5 case 4/4; waiting for counted simulator progress seconds_since_event=20.6 message=Process is alive; no new result has arrived.
[2026-09-17T07:18:17+00:00] +   580.4s heartbeat: activity=waiting for corrected control cases; details in references/run.log seconds_since_event=580.4 message=Process is alive; no new result has arrived.
[2026-09-17T07:18:37+00:00] +   600.4s heartbeat: activity=references target_5 case 4/4; waiting for counted simulator progress seconds_since_event=40.6 message=Process is alive; no new result has arrived.
[2026-09-17T07:18:37+00:00] +   600.4s heartbeat: activity=waiting for corrected control cases; details in references/run.log seconds_since_event=600.4 message=Process is alive; no new result has arrived.
[2026-09-17T07:18:57+00:00] +   620.4s heartbeat: activity=references target_5 case 4/4; waiting for counted simulator progress seconds_since_event=60.6 message=Process is alive; no new result has arrived.
[2026-09-17T07:18:57+00:00] +   620.5s heartbeat: activity=waiting for corrected control cases; details in references/run.log seconds_since_event=620.4 message=Process is alive; no new result has arrived.
[2026-09-17T07:19:17+00:00] +   640.4s heartbeat: activity=references target_5 case 4/4; waiting for counted simulator progress seconds_since_event=80.6 message=Process is alive; no new result has arrived.
[2026-09-17T07:19:17+00:00] +   640.5s heartbeat: activity=waiting for corrected control cases; details in references/run.log seconds_since_event=640.5 message=Process is alive; no new result has arrived.
[2026-09-17T07:19:37+00:00] +   660.4s heartbeat: activity=references target_5 case 4/4; waiting for counted simulator progress seconds_since_event=100.6 message=Process is alive; no new result has arrived.
[2026-09-17T07:19:37+00:00] +   660.5s heartbeat: activity=waiting for corrected control cases; details in references/run.log seconds_since_event=660.5 message=Process is alive; no new result has arrived.
[2026-09-17T07:19:45+00:00] +   669.0s case_complete: stage=references method=target_5 case_index=3 offline_error=2.2877 elapsed_seconds=109.25 completed=7
[2026-09-17T07:19:45+00:00] +   669.0s case_start: stage=references method=target_3 case_index=3 completed=7
[2026-09-17T07:19:57+00:00] +   680.5s heartbeat: activity=waiting for corrected control cases; details in references/run.log seconds_since_event=680.5 message=Process is alive; no new result has arrived.
[2026-09-17T07:20:17+00:00] +   700.4s heartbeat: activity=references target_3 case 4/4; waiting for counted simulator progress seconds_since_event=31.4 message=Process is alive; no new result has arrived.
[2026-09-17T07:20:17+00:00] +   700.5s heartbeat: activity=waiting for corrected control cases; details in references/run.log seconds_since_event=700.5 message=Process is alive; no new result has arrived.
[2026-09-17T07:20:37+00:00] +   720.4s heartbeat: activity=references target_3 case 4/4; waiting for counted simulator progress seconds_since_event=51.4 message=Process is alive; no new result has arrived.
[2026-09-17T07:20:37+00:00] +   720.5s heartbeat: activity=waiting for corrected control cases; details in references/run.log seconds_since_event=720.5 message=Process is alive; no new result has arrived.
[2026-09-17T07:20:57+00:00] +   740.4s heartbeat: activity=references target_3 case 4/4; waiting for counted simulator progress seconds_since_event=71.4 message=Process is alive; no new result has arrived.
[2026-09-17T07:20:57+00:00] +   740.5s heartbeat: activity=waiting for corrected control cases; details in references/run.log seconds_since_event=740.5 message=Process is alive; no new result has arrived.
[2026-09-17T07:21:17+00:00] +   760.4s heartbeat: activity=references target_3 case 4/4; waiting for counted simulator progress seconds_since_event=91.4 message=Process is alive; no new result has arrived.
[2026-09-17T07:21:17+00:00] +   760.5s heartbeat: activity=waiting for corrected control cases; details in references/run.log seconds_since_event=760.5 message=Process is alive; no new result has arrived.
[2026-09-17T07:21:27+00:00] +   771.0s case_complete: stage=references method=target_3 case_index=3 offline_error=2.1324 elapsed_seconds=101.99 completed=8
[2026-09-17T07:21:27+00:00] +   771.0s stage_complete: stage=references new_executions=8 objective_queries=4000000
[2026-09-17T07:21:28+00:00] +   771.3s runtime_forecast: computed_at=2026-09-17T07:21:28.075788+00:00 first_case_seconds=100.59 observed_case_seconds=[100.588363, 101.17151, 103.810238, 105.647219, 140.965499, 107.810612, 109.259665, 102.002051] conservative_case_seconds=190.3 historical_max_native_wrapper_seconds=200.24 mutation_novelty_meta_allowance_seconds=600.73 drain_seconds=120 complete_descendant_admission_seconds=1481.9 research_seconds_remaining=7916.9 affordable_serial_descendants_now=5 campaign_remaining_case_runtime_hours_at_conservative_rate=19.559 note=Feasibility uses elapsed time and recorded latency, never reference scores; future campaign/fresh work need not fit this session.
[2026-09-17T07:22:01+00:00] +     0.0s session_controller_start: session_id=session_001 stage=search deadline=2026-09-17T09:53:25+00:00
[2026-09-17T07:22:03+00:00] +     0.0s search_suite_frozen: suite=/home/roland/actir/shinka-adaptive-swarms/results/book_mpso_population_200_v2/20260917T065325Z/search_suite.json sha256=385cb547bcdbd14daec2a06f66526a516962ddb2b7407a1c793b8265b65f0c13 seed_source_sha256=7e66f66ab613b6113eaea186f8c12af91a01c94d87b87822784bfc9396e4aebd exact_seed_cache_cases=4 reference_new_executions=8 reference_objective_queries=4000000
[2026-09-17T07:22:03+00:00] +     1.9s native_launch: command=['/home/roland/actir/shinka-adaptive-swarms/.venv/bin/python', '/home/roland/actir/shinka-adaptive-swarms/scripts/run_evolution.py', '--task', 'book_mpso_population_200_v2', '--generations', '51', '--logical-response-limit', '400', '--session-max-descendants', '6', '--session-stop-generation', '7', '--session-response-limit', '80', '--session-response-start', '0', '--session-deadline-utc', '2026-09-17T09:33:25+00:00', '--admission-seconds', '1481.9483873580075', '--admission-overhead-seconds', '720.7346927580074', '--model', 'gpt-6-astra', '--effort', 'xhigh', '--engine-profile', '/home/roland/actir/shinka-adaptive-swarms/configs/shinka/book_mpso_population_200_v2.json', '--embedding-model', 'local/jina-code-v2-q8@http://127.0.0.1:8910/v1', '--search-seed', '670001', '--suite', '/home/roland/actir/shinka-adaptive-swarms/results/book_mpso_population_200_v2/20260917T065325Z/search_suite.json', '--evaluation-timeout', '00:14:41', '--proposal-timeout-seconds', '600', '--run-dir', '/home/roland/actir/shinka-adaptive-swarms/results/book_mpso_population_200_v2/20260917T065325Z/evolution/search_seed_670001'] admission_seconds=1481.9
[2026-09-17T07:22:41+00:00] +    40.0s heartbeat: activity=native evolution owns proposal/evaluation; waiting for flushed child progress seconds_since_event=38.1 message=Process is alive; no new result has arrived.
[2026-09-17T07:23:01+00:00] +    60.0s heartbeat: activity=native evolution owns proposal/evaluation; waiting for flushed child progress seconds_since_event=58.1 message=Process is alive; no new result has arrived.
[2026-09-17T07:23:21+00:00] +    80.0s heartbeat: activity=native evolution owns proposal/evaluation; waiting for flushed child progress seconds_since_event=78.1 message=Process is alive; no new result has arrived.
[2026-09-17T07:23:41+00:00] +   100.0s heartbeat: activity=native evolution owns proposal/evaluation; waiting for flushed child progress seconds_since_event=98.1 message=Process is alive; no new result has arrived.
[2026-09-17T07:24:01+00:00] +   120.0s heartbeat: activity=native evolution owns proposal/evaluation; waiting for flushed child progress seconds_since_event=118.1 message=Process is alive; no new result has arrived.
[2026-09-17T07:24:21+00:00] +   140.0s heartbeat: activity=native evolution owns proposal/evaluation; waiting for flushed child progress seconds_since_event=138.1 message=Process is alive; no new result has arrived.
[2026-09-17T07:24:41+00:00] +   160.0s heartbeat: activity=native evolution owns proposal/evaluation; waiting for flushed child progress seconds_since_event=158.1 message=Process is alive; no new result has arrived.
[2026-09-17T07:25:01+00:00] +   180.0s heartbeat: activity=native evolution owns proposal/evaluation; waiting for flushed child progress seconds_since_event=178.1 message=Process is alive; no new result has arrived.
[2026-09-17T07:25:21+00:00] +   200.0s heartbeat: activity=native evolution owns proposal/evaluation; waiting for flushed child progress seconds_since_event=198.1 message=Process is alive; no new result has arrived.
[2026-09-17T07:25:41+00:00] +   220.0s heartbeat: activity=native evolution owns proposal/evaluation; waiting for flushed child progress seconds_since_event=218.1 message=Process is alive; no new result has arrived.
[2026-09-17T07:26:01+00:00] +   240.0s heartbeat: activity=native evolution owns proposal/evaluation; waiting for flushed child progress seconds_since_event=238.1 message=Process is alive; no new result has arrived.
[2026-09-17T07:26:21+00:00] +   260.0s heartbeat: activity=native evolution owns proposal/evaluation; waiting for flushed child progress seconds_since_event=258.1 message=Process is alive; no new result has arrived.
[2026-09-17T07:26:41+00:00] +   280.0s heartbeat: activity=native evolution owns proposal/evaluation; waiting for flushed child progress seconds_since_event=278.1 message=Process is alive; no new result has arrived.
[2026-09-17T07:27:01+00:00] +   300.0s heartbeat: activity=native evolution owns proposal/evaluation; waiting for flushed child progress seconds_since_event=298.1 message=Process is alive; no new result has arrived.
[2026-09-17T07:27:21+00:00] +   320.0s heartbeat: activity=native evolution owns proposal/evaluation; waiting for flushed child progress seconds_since_event=318.1 message=Process is alive; no new result has arrived.
[2026-09-17T07:27:41+00:00] +   340.0s heartbeat: activity=native evolution owns proposal/evaluation; waiting for flushed child progress seconds_since_event=338.1 message=Process is alive; no new result has arrived.
[2026-09-17T07:28:01+00:00] +   360.0s heartbeat: activity=native evolution owns proposal/evaluation; waiting for flushed child progress seconds_since_event=358.1 message=Process is alive; no new result has arrived.
[2026-09-17T07:28:21+00:00] +   380.1s heartbeat: activity=native evolution owns proposal/evaluation; waiting for flushed child progress seconds_since_event=378.1 message=Process is alive; no new result has arrived.
[2026-09-17T07:28:41+00:00] +   400.1s heartbeat: activity=native evolution owns proposal/evaluation; waiting for flushed child progress seconds_since_event=398.2 message=Process is alive; no new result has arrived.
[2026-09-17T07:29:01+00:00] +   420.1s heartbeat: activity=native evolution owns proposal/evaluation; waiting for flushed child progress seconds_since_event=418.2 message=Process is alive; no new result has arrived.
[2026-09-17T07:29:21+00:00] +   440.1s heartbeat: activity=native evolution owns proposal/evaluation; waiting for flushed child progress seconds_since_event=438.2 message=Process is alive; no new result has arrived.
[2026-09-17T07:29:41+00:00] +   460.1s heartbeat: activity=native evolution owns proposal/evaluation; waiting for flushed child progress seconds_since_event=458.2 message=Process is alive; no new result has arrived.
[2026-09-17T07:30:01+00:00] +   480.1s heartbeat: activity=native evolution owns proposal/evaluation; waiting for flushed child progress seconds_since_event=478.2 message=Process is alive; no new result has arrived.
[2026-09-17T07:30:21+00:00] +   500.1s heartbeat: activity=native evolution owns proposal/evaluation; waiting for flushed child progress seconds_since_event=498.2 message=Process is alive; no new result has arrived.
[2026-09-17T07:30:41+00:00] +   520.1s heartbeat: activity=native evolution owns proposal/evaluation; waiting for flushed child progress seconds_since_event=518.2 message=Process is alive; no new result has arrived.
[2026-09-17T07:31:01+00:00] +   540.1s heartbeat: activity=native evolution owns proposal/evaluation; waiting for flushed child progress seconds_since_event=538.2 message=Process is alive; no new result has arrived.
[2026-09-17T07:31:21+00:00] +   560.1s heartbeat: activity=native evolution owns proposal/evaluation; waiting for flushed child progress seconds_since_event=558.2 message=Process is alive; no new result has arrived.
[2026-09-17T07:31:41+00:00] +   580.1s heartbeat: activity=native evolution owns proposal/evaluation; waiting for flushed child progress seconds_since_event=578.2 message=Process is alive; no new result has arrived.
[2026-09-17T07:32:01+00:00] +   600.1s heartbeat: activity=native evolution owns proposal/evaluation; waiting for flushed child progress seconds_since_event=598.2 message=Process is alive; no new result has arrived.
[2026-09-17T07:32:21+00:00] +   620.2s heartbeat: activity=native evolution owns proposal/evaluation; waiting for flushed child progress seconds_since_event=618.3 message=Process is alive; no new result has arrived.
[2026-09-17T07:32:41+00:00] +   640.6s heartbeat: activity=native evolution owns proposal/evaluation; waiting for flushed child progress seconds_since_event=638.7 message=Process is alive; no new result has arrived.
[2026-09-17T07:33:01+00:00] +   660.6s heartbeat: activity=native evolution owns proposal/evaluation; waiting for flushed child progress seconds_since_event=658.7 message=Process is alive; no new result has arrived.
[2026-09-17T07:33:21+00:00] +   680.6s heartbeat: activity=native evolution owns proposal/evaluation; waiting for flushed child progress seconds_since_event=678.7 message=Process is alive; no new result has arrived.
[2026-09-17T07:33:41+00:00] +   700.6s heartbeat: activity=native evolution owns proposal/evaluation; waiting for flushed child progress seconds_since_event=698.7 message=Process is alive; no new result has arrived.
[2026-09-17T07:34:01+00:00] +   720.6s heartbeat: activity=native evolution owns proposal/evaluation; waiting for flushed child progress seconds_since_event=718.7 message=Process is alive; no new result has arrived.
[2026-09-17T07:34:21+00:00] +   740.6s heartbeat: activity=native evolution owns proposal/evaluation; waiting for flushed child progress seconds_since_event=738.7 message=Process is alive; no new result has arrived.
[2026-09-17T07:34:41+00:00] +   760.6s heartbeat: activity=native evolution owns proposal/evaluation; waiting for flushed child progress seconds_since_event=758.7 message=Process is alive; no new result has arrived.
[2026-09-17T07:35:01+00:00] +   780.6s heartbeat: activity=native evolution owns proposal/evaluation; waiting for flushed child progress seconds_since_event=778.7 message=Process is alive; no new result has arrived.
[2026-09-17T07:35:21+00:00] +   800.6s heartbeat: activity=native evolution owns proposal/evaluation; waiting for flushed child progress seconds_since_event=798.7 message=Process is alive; no new result has arrived.
[2026-09-17T07:35:41+00:00] +   820.6s heartbeat: activity=native evolution owns proposal/evaluation; waiting for flushed child progress seconds_since_event=818.7 message=Process is alive; no new result has arrived.
[2026-09-17T07:36:01+00:00] +   840.6s heartbeat: activity=native evolution owns proposal/evaluation; waiting for flushed child progress seconds_since_event=838.7 message=Process is alive; no new result has arrived.
[2026-09-17T07:36:21+00:00] +   860.6s heartbeat: activity=native evolution owns proposal/evaluation; waiting for flushed child progress seconds_since_event=858.7 message=Process is alive; no new result has arrived.
[2026-09-17T07:36:41+00:00] +   880.6s heartbeat: activity=native evolution owns proposal/evaluation; waiting for flushed child progress seconds_since_event=878.7 message=Process is alive; no new result has arrived.
[2026-09-17T07:37:01+00:00] +   900.6s heartbeat: activity=native evolution owns proposal/evaluation; waiting for flushed child progress seconds_since_event=898.7 message=Process is alive; no new result has arrived.
[2026-09-17T07:37:21+00:00] +   920.6s heartbeat: activity=native evolution owns proposal/evaluation; waiting for flushed child progress seconds_since_event=918.7 message=Process is alive; no new result has arrived.
[2026-09-17T07:37:41+00:00] +   940.6s heartbeat: activity=native evolution owns proposal/evaluation; waiting for flushed child progress seconds_since_event=938.7 message=Process is alive; no new result has arrived.
[2026-09-17T07:38:01+00:00] +   960.6s heartbeat: activity=native evolution owns proposal/evaluation; waiting for flushed child progress seconds_since_event=958.7 message=Process is alive; no new result has arrived.
[2026-09-17T07:38:21+00:00] +   980.6s heartbeat: activity=native evolution owns proposal/evaluation; waiting for flushed child progress seconds_since_event=978.7 message=Process is alive; no new result has arrived.
[2026-09-17T07:38:41+00:00] +  1000.6s heartbeat: activity=native evolution owns proposal/evaluation; waiting for flushed child progress seconds_since_event=998.7 message=Process is alive; no new result has arrived.
[2026-09-17T07:39:01+00:00] +  1020.6s heartbeat: activity=native evolution owns proposal/evaluation; waiting for flushed child progress seconds_since_event=1018.7 message=Process is alive; no new result has arrived.
[2026-09-17T07:39:21+00:00] +  1040.6s heartbeat: activity=native evolution owns proposal/evaluation; waiting for flushed child progress seconds_since_event=1038.7 message=Process is alive; no new result has arrived.
[2026-09-17T07:39:41+00:00] +  1060.6s heartbeat: activity=native evolution owns proposal/evaluation; waiting for flushed child progress seconds_since_event=1058.7 message=Process is alive; no new result has arrived.
[2026-09-17T07:40:01+00:00] +  1080.6s heartbeat: activity=native evolution owns proposal/evaluation; waiting for flushed child progress seconds_since_event=1078.7 message=Process is alive; no new result has arrived.
[2026-09-17T07:40:21+00:00] +  1100.6s heartbeat: activity=native evolution owns proposal/evaluation; waiting for flushed child progress seconds_since_event=1098.7 message=Process is alive; no new result has arrived.
[2026-09-17T07:40:41+00:00] +  1120.6s heartbeat: activity=native evolution owns proposal/evaluation; waiting for flushed child progress seconds_since_event=1118.7 message=Process is alive; no new result has arrived.
[2026-09-17T07:41:01+00:00] +  1140.6s heartbeat: activity=native evolution owns proposal/evaluation; waiting for flushed child progress seconds_since_event=1138.7 message=Process is alive; no new result has arrived.
[2026-09-17T07:41:21+00:00] +  1160.6s heartbeat: activity=native evolution owns proposal/evaluation; waiting for flushed child progress seconds_since_event=1158.7 message=Process is alive; no new result has arrived.
[2026-09-17T07:41:41+00:00] +  1180.6s heartbeat: activity=native evolution owns proposal/evaluation; waiting for flushed child progress seconds_since_event=1178.7 message=Process is alive; no new result has arrived.
[2026-09-17T07:42:01+00:00] +  1200.6s heartbeat: activity=native evolution owns proposal/evaluation; waiting for flushed child progress seconds_since_event=1198.7 message=Process is alive; no new result has arrived.
[2026-09-17T07:42:21+00:00] +  1220.6s heartbeat: activity=native evolution owns proposal/evaluation; waiting for flushed child progress seconds_since_event=1218.7 message=Process is alive; no new result has arrived.
[2026-09-17T07:42:41+00:00] +  1240.6s heartbeat: activity=native evolution owns proposal/evaluation; waiting for flushed child progress seconds_since_event=1238.7 message=Process is alive; no new result has arrived.
[2026-09-17T07:43:01+00:00] +  1260.6s heartbeat: activity=native evolution owns proposal/evaluation; waiting for flushed child progress seconds_since_event=1258.7 message=Process is alive; no new result has arrived.
[2026-09-17T07:43:21+00:00] +  1280.6s heartbeat: activity=native evolution owns proposal/evaluation; waiting for flushed child progress seconds_since_event=1278.7 message=Process is alive; no new result has arrived.
[2026-09-17T07:43:41+00:00] +  1300.6s heartbeat: activity=native evolution owns proposal/evaluation; waiting for flushed child progress seconds_since_event=1298.7 message=Process is alive; no new result has arrived.
[2026-09-17T07:44:01+00:00] +  1320.6s heartbeat: activity=native evolution owns proposal/evaluation; waiting for flushed child progress seconds_since_event=1318.7 message=Process is alive; no new result has arrived.
[2026-09-17T07:44:21+00:00] +  1340.6s heartbeat: activity=native evolution owns proposal/evaluation; waiting for flushed child progress seconds_since_event=1338.7 message=Process is alive; no new result has arrived.
[2026-09-17T07:44:41+00:00] +  1360.6s heartbeat: activity=native evolution owns proposal/evaluation; waiting for flushed child progress seconds_since_event=1358.7 message=Process is alive; no new result has arrived.
[2026-09-17T07:45:01+00:00] +  1380.6s heartbeat: activity=native evolution owns proposal/evaluation; waiting for flushed child progress seconds_since_event=1378.7 message=Process is alive; no new result has arrived.
[2026-09-17T07:45:21+00:00] +  1400.6s heartbeat: activity=native evolution owns proposal/evaluation; waiting for flushed child progress seconds_since_event=1398.7 message=Process is alive; no new result has arrived.
[2026-09-17T07:45:41+00:00] +  1420.6s heartbeat: activity=native evolution owns proposal/evaluation; waiting for flushed child progress seconds_since_event=1418.7 message=Process is alive; no new result has arrived.
[2026-09-17T07:46:01+00:00] +  1440.6s heartbeat: activity=native evolution owns proposal/evaluation; waiting for flushed child progress seconds_since_event=1438.7 message=Process is alive; no new result has arrived.
[2026-09-17T07:46:21+00:00] +  1460.6s heartbeat: activity=native evolution owns proposal/evaluation; waiting for flushed child progress seconds_since_event=1458.7 message=Process is alive; no new result has arrived.
[2026-09-17T07:46:41+00:00] +  1480.6s heartbeat: activity=native evolution owns proposal/evaluation; waiting for flushed child progress seconds_since_event=1478.7 message=Process is alive; no new result has arrived.
[2026-09-17T07:47:01+00:00] +  1500.6s heartbeat: activity=native evolution owns proposal/evaluation; waiting for flushed child progress seconds_since_event=1498.7 message=Process is alive; no new result has arrived.
[2026-09-17T07:47:21+00:00] +  1520.6s heartbeat: activity=native evolution owns proposal/evaluation; waiting for flushed child progress seconds_since_event=1518.7 message=Process is alive; no new result has arrived.
[2026-09-17T07:47:41+00:00] +  1540.6s heartbeat: activity=native evolution owns proposal/evaluation; waiting for flushed child progress seconds_since_event=1538.7 message=Process is alive; no new result has arrived.
[2026-09-17T07:48:01+00:00] +  1560.6s heartbeat: activity=native evolution owns proposal/evaluation; waiting for flushed child progress seconds_since_event=1558.7 message=Process is alive; no new result has arrived.
[2026-09-17T07:48:21+00:00] +  1580.6s heartbeat: activity=native evolution owns proposal/evaluation; waiting for flushed child progress seconds_since_event=1578.7 message=Process is alive; no new result has arrived.
[2026-09-17T07:48:41+00:00] +  1600.6s heartbeat: activity=native evolution owns proposal/evaluation; waiting for flushed child progress seconds_since_event=1598.7 message=Process is alive; no new result has arrived.
[2026-09-17T07:49:01+00:00] +  1620.6s heartbeat: activity=native evolution owns proposal/evaluation; waiting for flushed child progress seconds_since_event=1618.7 message=Process is alive; no new result has arrived.
[2026-09-17T07:49:21+00:00] +  1640.6s heartbeat: activity=native evolution owns proposal/evaluation; waiting for flushed child progress seconds_since_event=1638.7 message=Process is alive; no new result has arrived.
[2026-09-17T07:49:41+00:00] +  1660.6s heartbeat: activity=native evolution owns proposal/evaluation; waiting for flushed child progress seconds_since_event=1658.7 message=Process is alive; no new result has arrived.
[2026-09-17T07:50:02+00:00] +  1680.6s heartbeat: activity=native evolution owns proposal/evaluation; waiting for flushed child progress seconds_since_event=1678.7 message=Process is alive; no new result has arrived.
[2026-09-17T07:50:22+00:00] +  1700.6s heartbeat: activity=native evolution owns proposal/evaluation; waiting for flushed child progress seconds_since_event=1698.7 message=Process is alive; no new result has arrived.
[2026-09-17T07:50:42+00:00] +  1720.6s heartbeat: activity=native evolution owns proposal/evaluation; waiting for flushed child progress seconds_since_event=1718.7 message=Process is alive; no new result has arrived.
[2026-09-17T07:51:02+00:00] +  1740.6s heartbeat: activity=native evolution owns proposal/evaluation; waiting for flushed child progress seconds_since_event=1738.7 message=Process is alive; no new result has arrived.
[2026-09-17T07:51:22+00:00] +  1760.6s heartbeat: activity=native evolution owns proposal/evaluation; waiting for flushed child progress seconds_since_event=1758.7 message=Process is alive; no new result has arrived.
[2026-09-17T07:51:42+00:00] +  1780.6s heartbeat: activity=native evolution owns proposal/evaluation; waiting for flushed child progress seconds_since_event=1778.7 message=Process is alive; no new result has arrived.
[2026-09-17T07:52:02+00:00] +  1800.6s heartbeat: activity=native evolution owns proposal/evaluation; waiting for flushed child progress seconds_since_event=1798.7 message=Process is alive; no new result has arrived.
[2026-09-17T07:52:22+00:00] +  1820.6s heartbeat: activity=native evolution owns proposal/evaluation; waiting for flushed child progress seconds_since_event=1818.7 message=Process is alive; no new result has arrived.
[2026-09-17T07:52:42+00:00] +  1840.6s heartbeat: activity=native evolution owns proposal/evaluation; waiting for flushed child progress seconds_since_event=1838.7 message=Process is alive; no new result has arrived.
[2026-09-17T07:53:02+00:00] +  1860.6s heartbeat: activity=native evolution owns proposal/evaluation; waiting for flushed child progress seconds_since_event=1858.7 message=Process is alive; no new result has arrived.
[2026-09-17T07:53:22+00:00] +  1880.6s heartbeat: activity=native evolution owns proposal/evaluation; waiting for flushed child progress seconds_since_event=1878.7 message=Process is alive; no new result has arrived.
[2026-09-17T07:53:42+00:00] +  1900.6s heartbeat: activity=native evolution owns proposal/evaluation; waiting for flushed child progress seconds_since_event=1898.7 message=Process is alive; no new result has arrived.
[2026-09-17T07:54:02+00:00] +  1920.6s heartbeat: activity=native evolution owns proposal/evaluation; waiting for flushed child progress seconds_since_event=1918.7 message=Process is alive; no new result has arrived.
[2026-09-17T07:54:22+00:00] +  1940.6s heartbeat: activity=native evolution owns proposal/evaluation; waiting for flushed child progress seconds_since_event=1938.7 message=Process is alive; no new result has arrived.
[2026-09-17T07:54:42+00:00] +  1960.6s heartbeat: activity=native evolution owns proposal/evaluation; waiting for flushed child progress seconds_since_event=1958.7 message=Process is alive; no new result has arrived.
[2026-09-17T07:55:02+00:00] +  1980.6s heartbeat: activity=native evolution owns proposal/evaluation; waiting for flushed child progress seconds_since_event=1978.7 message=Process is alive; no new result has arrived.
[2026-09-17T07:55:22+00:00] +  2000.6s heartbeat: activity=native evolution owns proposal/evaluation; waiting for flushed child progress seconds_since_event=1998.7 message=Process is alive; no new result has arrived.
[2026-09-17T07:55:42+00:00] +  2020.6s heartbeat: activity=native evolution owns proposal/evaluation; waiting for flushed child progress seconds_since_event=2018.7 message=Process is alive; no new result has arrived.
[2026-09-17T07:56:02+00:00] +  2040.6s heartbeat: activity=native evolution owns proposal/evaluation; waiting for flushed child progress seconds_since_event=2038.7 message=Process is alive; no new result has arrived.
[2026-09-17T07:56:22+00:00] +  2060.6s heartbeat: activity=native evolution owns proposal/evaluation; waiting for flushed child progress seconds_since_event=2058.7 message=Process is alive; no new result has arrived.
[2026-09-17T07:56:42+00:00] +  2080.6s heartbeat: activity=native evolution owns proposal/evaluation; waiting for flushed child progress seconds_since_event=2078.7 message=Process is alive; no new result has arrived.
[2026-09-17T07:57:02+00:00] +  2100.6s heartbeat: activity=native evolution owns proposal/evaluation; waiting for flushed child progress seconds_since_event=2098.7 message=Process is alive; no new result has arrived.
[2026-09-17T07:57:22+00:00] +  2120.6s heartbeat: activity=native evolution owns proposal/evaluation; waiting for flushed child progress seconds_since_event=2118.7 message=Process is alive; no new result has arrived.
[2026-09-17T07:57:42+00:00] +  2140.6s heartbeat: activity=native evolution owns proposal/evaluation; waiting for flushed child progress seconds_since_event=2138.7 message=Process is alive; no new result has arrived.
[2026-09-17T07:58:02+00:00] +  2160.7s heartbeat: activity=native evolution owns proposal/evaluation; waiting for flushed child progress seconds_since_event=2158.7 message=Process is alive; no new result has arrived.
[2026-09-17T07:58:22+00:00] +  2180.7s heartbeat: activity=native evolution owns proposal/evaluation; waiting for flushed child progress seconds_since_event=2178.7 message=Process is alive; no new result has arrived.
[2026-09-17T07:58:42+00:00] +  2200.7s heartbeat: activity=native evolution owns proposal/evaluation; waiting for flushed child progress seconds_since_event=2198.7 message=Process is alive; no new result has arrived.
[2026-09-17T07:59:02+00:00] +  2220.7s heartbeat: activity=native evolution owns proposal/evaluation; waiting for flushed child progress seconds_since_event=2218.8 message=Process is alive; no new result has arrived.
[2026-09-17T07:59:22+00:00] +  2240.8s heartbeat: activity=native evolution owns proposal/evaluation; waiting for flushed child progress seconds_since_event=2238.9 message=Process is alive; no new result has arrived.
[2026-09-17T07:59:42+00:00] +  2260.8s heartbeat: activity=native evolution owns proposal/evaluation; waiting for flushed child progress seconds_since_event=2258.9 message=Process is alive; no new result has arrived.
[2026-09-17T08:00:02+00:00] +  2280.8s heartbeat: activity=native evolution owns proposal/evaluation; waiting for flushed child progress seconds_since_event=2278.9 message=Process is alive; no new result has arrived.
[2026-09-17T08:00:22+00:00] +  2300.8s heartbeat: activity=native evolution owns proposal/evaluation; waiting for flushed child progress seconds_since_event=2298.9 message=Process is alive; no new result has arrived.
[2026-09-17T08:00:42+00:00] +  2320.8s heartbeat: activity=native evolution owns proposal/evaluation; waiting for flushed child progress seconds_since_event=2318.9 message=Process is alive; no new result has arrived.
[2026-09-17T08:01:02+00:00] +  2340.8s heartbeat: activity=native evolution owns proposal/evaluation; waiting for flushed child progress seconds_since_event=2338.9 message=Process is alive; no new result has arrived.
[2026-09-17T08:01:22+00:00] +  2360.8s heartbeat: activity=native evolution owns proposal/evaluation; waiting for flushed child progress seconds_since_event=2358.9 message=Process is alive; no new result has arrived.
[2026-09-17T08:01:42+00:00] +  2380.8s heartbeat: activity=native evolution owns proposal/evaluation; waiting for flushed child progress seconds_since_event=2378.9 message=Process is alive; no new result has arrived.
[2026-09-17T08:02:02+00:00] +  2400.8s heartbeat: activity=native evolution owns proposal/evaluation; waiting for flushed child progress seconds_since_event=2398.9 message=Process is alive; no new result has arrived.
[2026-09-17T08:02:22+00:00] +  2420.8s heartbeat: activity=native evolution owns proposal/evaluation; waiting for flushed child progress seconds_since_event=2418.9 message=Process is alive; no new result has arrived.
[2026-09-17T08:02:42+00:00] +  2440.8s heartbeat: activity=native evolution owns proposal/evaluation; waiting for flushed child progress seconds_since_event=2438.9 message=Process is alive; no new result has arrived.
[2026-09-17T08:03:02+00:00] +  2460.8s heartbeat: activity=native evolution owns proposal/evaluation; waiting for flushed child progress seconds_since_event=2458.9 message=Process is alive; no new result has arrived.
[2026-09-17T08:03:22+00:00] +  2480.8s heartbeat: activity=native evolution owns proposal/evaluation; waiting for flushed child progress seconds_since_event=2478.9 message=Process is alive; no new result has arrived.
[2026-09-17T08:03:42+00:00] +  2500.8s heartbeat: activity=native evolution owns proposal/evaluation; waiting for flushed child progress seconds_since_event=2498.9 message=Process is alive; no new result has arrived.
[2026-09-17T08:04:02+00:00] +  2520.8s heartbeat: activity=native evolution owns proposal/evaluation; waiting for flushed child progress seconds_since_event=2518.9 message=Process is alive; no new result has arrived.
[2026-09-17T08:04:22+00:00] +  2540.8s heartbeat: activity=native evolution owns proposal/evaluation; waiting for flushed child progress seconds_since_event=2538.9 message=Process is alive; no new result has arrived.
[2026-09-17T08:04:42+00:00] +  2560.8s heartbeat: activity=native evolution owns proposal/evaluation; waiting for flushed child progress seconds_since_event=2558.9 message=Process is alive; no new result has arrived.
[2026-09-17T08:05:02+00:00] +  2580.8s heartbeat: activity=native evolution owns proposal/evaluation; waiting for flushed child progress seconds_since_event=2578.9 message=Process is alive; no new result has arrived.
[2026-09-17T08:05:22+00:00] +  2600.8s heartbeat: activity=native evolution owns proposal/evaluation; waiting for flushed child progress seconds_since_event=2598.9 message=Process is alive; no new result has arrived.
[2026-09-17T08:05:42+00:00] +  2620.8s heartbeat: activity=native evolution owns proposal/evaluation; waiting for flushed child progress seconds_since_event=2618.9 message=Process is alive; no new result has arrived.
[2026-09-17T08:06:02+00:00] +  2640.8s heartbeat: activity=native evolution owns proposal/evaluation; waiting for flushed child progress seconds_since_event=2638.9 message=Process is alive; no new result has arrived.
[2026-09-17T08:06:22+00:00] +  2660.8s heartbeat: activity=native evolution owns proposal/evaluation; waiting for flushed child progress seconds_since_event=2658.9 message=Process is alive; no new result has arrived.
[2026-09-17T08:06:42+00:00] +  2680.8s heartbeat: activity=native evolution owns proposal/evaluation; waiting for flushed child progress seconds_since_event=2678.9 message=Process is alive; no new result has arrived.
[2026-09-17T08:07:02+00:00] +  2700.8s heartbeat: activity=native evolution owns proposal/evaluation; waiting for flushed child progress seconds_since_event=2698.9 message=Process is alive; no new result has arrived.
[2026-09-17T08:07:22+00:00] +  2720.8s heartbeat: activity=native evolution owns proposal/evaluation; waiting for flushed child progress seconds_since_event=2718.9 message=Process is alive; no new result has arrived.
[2026-09-17T08:07:42+00:00] +  2740.8s heartbeat: activity=native evolution owns proposal/evaluation; waiting for flushed child progress seconds_since_event=2738.9 message=Process is alive; no new result has arrived.
[2026-09-17T08:08:02+00:00] +  2760.8s heartbeat: activity=native evolution owns proposal/evaluation; waiting for flushed child progress seconds_since_event=2758.9 message=Process is alive; no new result has arrived.
[2026-09-17T08:08:22+00:00] +  2780.8s heartbeat: activity=native evolution owns proposal/evaluation; waiting for flushed child progress seconds_since_event=2778.9 message=Process is alive; no new result has arrived.
[2026-09-17T08:08:42+00:00] +  2800.8s heartbeat: activity=native evolution owns proposal/evaluation; waiting for flushed child progress seconds_since_event=2798.9 message=Process is alive; no new result has arrived.
[2026-09-17T08:09:02+00:00] +  2820.8s heartbeat: activity=native evolution owns proposal/evaluation; waiting for flushed child progress seconds_since_event=2818.9 message=Process is alive; no new result has arrived.
[2026-09-17T08:09:22+00:00] +  2840.8s heartbeat: activity=native evolution owns proposal/evaluation; waiting for flushed child progress seconds_since_event=2838.9 message=Process is alive; no new result has arrived.
[2026-09-17T08:09:42+00:00] +  2860.8s heartbeat: activity=native evolution owns proposal/evaluation; waiting for flushed child progress seconds_since_event=2858.9 message=Process is alive; no new result has arrived.
[2026-09-17T08:10:02+00:00] +  2880.8s heartbeat: activity=native evolution owns proposal/evaluation; waiting for flushed child progress seconds_since_event=2878.9 message=Process is alive; no new result has arrived.
[2026-09-17T08:10:22+00:00] +  2900.8s heartbeat: activity=native evolution owns proposal/evaluation; waiting for flushed child progress seconds_since_event=2898.9 message=Process is alive; no new result has arrived.
[2026-09-17T08:10:42+00:00] +  2920.8s heartbeat: activity=native evolution owns proposal/evaluation; waiting for flushed child progress seconds_since_event=2918.9 message=Process is alive; no new result has arrived.
[2026-09-17T08:11:02+00:00] +  2940.8s heartbeat: activity=native evolution owns proposal/evaluation; waiting for flushed child progress seconds_since_event=2938.9 message=Process is alive; no new result has arrived.
[2026-09-17T08:11:22+00:00] +  2960.8s heartbeat: activity=native evolution owns proposal/evaluation; waiting for flushed child progress seconds_since_event=2958.9 message=Process is alive; no new result has arrived.
[2026-09-17T08:11:42+00:00] +  2980.8s heartbeat: activity=native evolution owns proposal/evaluation; waiting for flushed child progress seconds_since_event=2978.9 message=Process is alive; no new result has arrived.
[2026-09-17T08:12:02+00:00] +  3000.8s heartbeat: activity=native evolution owns proposal/evaluation; waiting for flushed child progress seconds_since_event=2998.9 message=Process is alive; no new result has arrived.
[2026-09-17T08:12:22+00:00] +  3020.8s heartbeat: activity=native evolution owns proposal/evaluation; waiting for flushed child progress seconds_since_event=3018.9 message=Process is alive; no new result has arrived.
[2026-09-17T08:12:42+00:00] +  3040.8s heartbeat: activity=native evolution owns proposal/evaluation; waiting for flushed child progress seconds_since_event=3038.9 message=Process is alive; no new result has arrived.
[2026-09-17T08:13:02+00:00] +  3060.8s heartbeat: activity=native evolution owns proposal/evaluation; waiting for flushed child progress seconds_since_event=3058.9 message=Process is alive; no new result has arrived.
[2026-09-17T08:13:22+00:00] +  3080.8s heartbeat: activity=native evolution owns proposal/evaluation; waiting for flushed child progress seconds_since_event=3078.9 message=Process is alive; no new result has arrived.
[2026-09-17T08:13:42+00:00] +  3100.8s heartbeat: activity=native evolution owns proposal/evaluation; waiting for flushed child progress seconds_since_event=3098.9 message=Process is alive; no new result has arrived.
[2026-09-17T08:14:02+00:00] +  3120.8s heartbeat: activity=native evolution owns proposal/evaluation; waiting for flushed child progress seconds_since_event=3118.9 message=Process is alive; no new result has arrived.
[2026-09-17T08:14:22+00:00] +  3140.8s heartbeat: activity=native evolution owns proposal/evaluation; waiting for flushed child progress seconds_since_event=3138.9 message=Process is alive; no new result has arrived.
[2026-09-17T08:14:42+00:00] +  3160.8s heartbeat: activity=native evolution owns proposal/evaluation; waiting for flushed child progress seconds_since_event=3158.9 message=Process is alive; no new result has arrived.
[2026-09-17T08:15:02+00:00] +  3180.8s heartbeat: activity=native evolution owns proposal/evaluation; waiting for flushed child progress seconds_since_event=3178.9 message=Process is alive; no new result has arrived.
[2026-09-17T08:15:22+00:00] +  3200.8s heartbeat: activity=native evolution owns proposal/evaluation; waiting for flushed child progress seconds_since_event=3198.9 message=Process is alive; no new result has arrived.
[2026-09-17T08:15:42+00:00] +  3220.8s heartbeat: activity=native evolution owns proposal/evaluation; waiting for flushed child progress seconds_since_event=3218.9 message=Process is alive; no new result has arrived.
[2026-09-17T08:16:02+00:00] +  3240.8s heartbeat: activity=native evolution owns proposal/evaluation; waiting for flushed child progress seconds_since_event=3238.9 message=Process is alive; no new result has arrived.
[2026-09-17T08:16:22+00:00] +  3260.8s heartbeat: activity=native evolution owns proposal/evaluation; waiting for flushed child progress seconds_since_event=3258.9 message=Process is alive; no new result has arrived.
[2026-09-17T08:16:42+00:00] +  3280.8s heartbeat: activity=native evolution owns proposal/evaluation; waiting for flushed child progress seconds_since_event=3278.9 message=Process is alive; no new result has arrived.
[2026-09-17T08:17:02+00:00] +  3300.8s heartbeat: activity=native evolution owns proposal/evaluation; waiting for flushed child progress seconds_since_event=3298.9 message=Process is alive; no new result has arrived.
[2026-09-17T08:17:22+00:00] +  3320.8s heartbeat: activity=native evolution owns proposal/evaluation; waiting for flushed child progress seconds_since_event=3318.9 message=Process is alive; no new result has arrived.
[2026-09-17T08:17:42+00:00] +  3340.8s heartbeat: activity=native evolution owns proposal/evaluation; waiting for flushed child progress seconds_since_event=3338.9 message=Process is alive; no new result has arrived.
[2026-09-17T08:18:02+00:00] +  3360.8s heartbeat: activity=native evolution owns proposal/evaluation; waiting for flushed child progress seconds_since_event=3358.9 message=Process is alive; no new result has arrived.
[2026-09-17T08:18:22+00:00] +  3380.8s heartbeat: activity=native evolution owns proposal/evaluation; waiting for flushed child progress seconds_since_event=3378.9 message=Process is alive; no new result has arrived.
[2026-09-17T08:18:42+00:00] +  3400.8s heartbeat: activity=native evolution owns proposal/evaluation; waiting for flushed child progress seconds_since_event=3398.9 message=Process is alive; no new result has arrived.
[2026-09-17T08:19:02+00:00] +  3420.8s heartbeat: activity=native evolution owns proposal/evaluation; waiting for flushed child progress seconds_since_event=3418.9 message=Process is alive; no new result has arrived.
[2026-09-17T08:19:22+00:00] +  3440.8s heartbeat: activity=native evolution owns proposal/evaluation; waiting for flushed child progress seconds_since_event=3438.9 message=Process is alive; no new result has arrived.
[2026-09-17T08:19:42+00:00] +  3460.8s heartbeat: activity=native evolution owns proposal/evaluation; waiting for flushed child progress seconds_since_event=3458.9 message=Process is alive; no new result has arrived.
[2026-09-17T08:20:02+00:00] +  3480.8s heartbeat: activity=native evolution owns proposal/evaluation; waiting for flushed child progress seconds_since_event=3478.9 message=Process is alive; no new result has arrived.
[2026-09-17T08:20:22+00:00] +  3500.8s heartbeat: activity=native evolution owns proposal/evaluation; waiting for flushed child progress seconds_since_event=3498.9 message=Process is alive; no new result has arrived.
[2026-09-17T08:20:42+00:00] +  3520.8s heartbeat: activity=native evolution owns proposal/evaluation; waiting for flushed child progress seconds_since_event=3518.9 message=Process is alive; no new result has arrived.
[2026-09-17T08:21:02+00:00] +  3540.8s heartbeat: activity=native evolution owns proposal/evaluation; waiting for flushed child progress seconds_since_event=3538.9 message=Process is alive; no new result has arrived.
[2026-09-17T08:21:22+00:00] +  3560.8s heartbeat: activity=native evolution owns proposal/evaluation; waiting for flushed child progress seconds_since_event=3558.9 message=Process is alive; no new result has arrived.
[2026-09-17T08:21:42+00:00] +  3580.8s heartbeat: activity=native evolution owns proposal/evaluation; waiting for flushed child progress seconds_since_event=3578.9 message=Process is alive; no new result has arrived.
[2026-09-17T08:22:02+00:00] +  3600.8s heartbeat: activity=native evolution owns proposal/evaluation; waiting for flushed child progress seconds_since_event=3598.9 message=Process is alive; no new result has arrived.
[2026-09-17T08:22:22+00:00] +  3620.8s heartbeat: activity=native evolution owns proposal/evaluation; waiting for flushed child progress seconds_since_event=3618.9 message=Process is alive; no new result has arrived.
[2026-09-17T08:22:42+00:00] +  3640.8s heartbeat: activity=native evolution owns proposal/evaluation; waiting for flushed child progress seconds_since_event=3638.9 message=Process is alive; no new result has arrived.
[2026-09-17T08:23:02+00:00] +  3660.8s heartbeat: activity=native evolution owns proposal/evaluation; waiting for flushed child progress seconds_since_event=3658.9 message=Process is alive; no new result has arrived.
[2026-09-17T08:23:22+00:00] +  3680.8s heartbeat: activity=native evolution owns proposal/evaluation; waiting for flushed child progress seconds_since_event=3678.9 message=Process is alive; no new result has arrived.
[2026-09-17T08:23:42+00:00] +  3700.8s heartbeat: activity=native evolution owns proposal/evaluation; waiting for flushed child progress seconds_since_event=3698.9 message=Process is alive; no new result has arrived.
[2026-09-17T08:24:02+00:00] +  3720.8s heartbeat: activity=native evolution owns proposal/evaluation; waiting for flushed child progress seconds_since_event=3718.9 message=Process is alive; no new result has arrived.
[2026-09-17T08:24:22+00:00] +  3740.8s heartbeat: activity=native evolution owns proposal/evaluation; waiting for flushed child progress seconds_since_event=3738.9 message=Process is alive; no new result has arrived.
[2026-09-17T08:24:42+00:00] +  3760.8s heartbeat: activity=native evolution owns proposal/evaluation; waiting for flushed child progress seconds_since_event=3758.9 message=Process is alive; no new result has arrived.
[2026-09-17T08:24:44+00:00] +  3763.2s native_return: exit_code=0
[2026-09-17T08:25:52+00:00] +     0.0s session_controller_start: session_id=session_001 stage=controls deadline=2026-09-17T09:53:25+00:00
[2026-09-17T08:25:54+00:00] +     1.5s case_start: stage=references method=target_6 case_index=0 completed=10
[2026-09-17T08:26:12+00:00] +    20.0s heartbeat: activity=waiting for corrected control cases; details in references/run.log seconds_since_event=20 message=Process is alive; no new result has arrived.
[2026-09-17T08:26:32+00:00] +    40.0s heartbeat: activity=waiting for corrected control cases; details in references/run.log seconds_since_event=40 message=Process is alive; no new result has arrived.
[2026-09-17T08:26:32+00:00] +    40.0s heartbeat: activity=references target_6 case 1/4; waiting for counted simulator progress seconds_since_event=38.5 message=Process is alive; no new result has arrived.
[2026-09-17T08:26:52+00:00] +    60.1s heartbeat: activity=waiting for corrected control cases; details in references/run.log seconds_since_event=60.1 message=Process is alive; no new result has arrived.
[2026-09-17T08:26:52+00:00] +    60.0s heartbeat: activity=references target_6 case 1/4; waiting for counted simulator progress seconds_since_event=58.6 message=Process is alive; no new result has arrived.
[2026-09-17T08:27:12+00:00] +    80.0s heartbeat: activity=references target_6 case 1/4; waiting for counted simulator progress seconds_since_event=78.6 message=Process is alive; no new result has arrived.
[2026-09-17T08:27:12+00:00] +    80.1s heartbeat: activity=waiting for corrected control cases; details in references/run.log seconds_since_event=80.1 message=Process is alive; no new result has arrived.
[2026-09-17T08:27:32+00:00] +   100.1s heartbeat: activity=references target_6 case 1/4; waiting for counted simulator progress seconds_since_event=98.6 message=Process is alive; no new result has arrived.
[2026-09-17T08:27:32+00:00] +   100.1s heartbeat: activity=waiting for corrected control cases; details in references/run.log seconds_since_event=100.1 message=Process is alive; no new result has arrived.
[2026-09-17T08:27:52+00:00] +   120.1s heartbeat: activity=references target_6 case 1/4; waiting for counted simulator progress seconds_since_event=118.6 message=Process is alive; no new result has arrived.
[2026-09-17T08:27:52+00:00] +   120.1s heartbeat: activity=waiting for corrected control cases; details in references/run.log seconds_since_event=120.1 message=Process is alive; no new result has arrived.
[2026-09-17T08:28:12+00:00] +   140.1s heartbeat: activity=references target_6 case 1/4; waiting for counted simulator progress seconds_since_event=138.6 message=Process is alive; no new result has arrived.
[2026-09-17T08:28:12+00:00] +   140.1s heartbeat: activity=waiting for corrected control cases; details in references/run.log seconds_since_event=140.1 message=Process is alive; no new result has arrived.
[2026-09-17T08:28:32+00:00] +   160.1s heartbeat: activity=references target_6 case 1/4; waiting for counted simulator progress seconds_since_event=158.6 message=Process is alive; no new result has arrived.
[2026-09-17T08:28:32+00:00] +   160.2s heartbeat: activity=waiting for corrected control cases; details in references/run.log seconds_since_event=160.2 message=Process is alive; no new result has arrived.
[2026-09-17T08:28:35+00:00] +   163.2s case_complete: stage=references method=target_6 case_index=0 offline_error=2.764 elapsed_seconds=161.7 completed=11
[2026-09-17T08:28:35+00:00] +   163.2s case_start: stage=references method=target_7 case_index=0 completed=11
[2026-09-17T08:28:52+00:00] +   180.2s heartbeat: activity=waiting for corrected control cases; details in references/run.log seconds_since_event=180.2 message=Process is alive; no new result has arrived.
[2026-09-17T08:29:12+00:00] +   200.1s heartbeat: activity=references target_7 case 1/4; waiting for counted simulator progress seconds_since_event=36.9 message=Process is alive; no new result has arrived.
[2026-09-17T08:29:12+00:00] +   200.2s heartbeat: activity=waiting for corrected control cases; details in references/run.log seconds_since_event=200.2 message=Process is alive; no new result has arrived.
[2026-09-17T08:29:32+00:00] +   220.2s heartbeat: activity=references target_7 case 1/4; waiting for counted simulator progress seconds_since_event=56.9 message=Process is alive; no new result has arrived.
[2026-09-17T08:29:32+00:00] +   220.2s heartbeat: activity=waiting for corrected control cases; details in references/run.log seconds_since_event=220.2 message=Process is alive; no new result has arrived.
[2026-09-17T08:29:52+00:00] +   240.2s heartbeat: activity=references target_7 case 1/4; waiting for counted simulator progress seconds_since_event=77 message=Process is alive; no new result has arrived.
[2026-09-17T08:29:52+00:00] +   240.2s heartbeat: activity=waiting for corrected control cases; details in references/run.log seconds_since_event=240.2 message=Process is alive; no new result has arrived.
[2026-09-17T08:30:12+00:00] +   260.2s heartbeat: activity=waiting for corrected control cases; details in references/run.log seconds_since_event=260.2 message=Process is alive; no new result has arrived.
[2026-09-17T08:30:12+00:00] +   260.2s heartbeat: activity=references target_7 case 1/4; waiting for counted simulator progress seconds_since_event=97 message=Process is alive; no new result has arrived.
[2026-09-17T08:30:32+00:00] +   280.2s heartbeat: activity=references target_7 case 1/4; waiting for counted simulator progress seconds_since_event=117 message=Process is alive; no new result has arrived.
[2026-09-17T08:30:32+00:00] +   280.2s heartbeat: activity=waiting for corrected control cases; details in references/run.log seconds_since_event=280.2 message=Process is alive; no new result has arrived.
[2026-09-17T08:30:43+00:00] +   291.4s case_complete: stage=references method=target_7 case_index=0 offline_error=2.6282 elapsed_seconds=128.17 completed=12
[2026-09-17T08:30:44+00:00] +   291.4s case_start: stage=references method=target_8 case_index=0 completed=12
[2026-09-17T08:30:52+00:00] +   300.2s heartbeat: activity=waiting for corrected control cases; details in references/run.log seconds_since_event=300.2 message=Process is alive; no new result has arrived.
[2026-09-17T08:31:12+00:00] +   320.2s heartbeat: activity=references target_8 case 1/4; waiting for counted simulator progress seconds_since_event=28.8 message=Process is alive; no new result has arrived.
[2026-09-17T08:31:12+00:00] +   320.2s heartbeat: activity=waiting for corrected control cases; details in references/run.log seconds_since_event=320.3 message=Process is alive; no new result has arrived.
[2026-09-17T08:31:32+00:00] +   340.2s heartbeat: activity=references target_8 case 1/4; waiting for counted simulator progress seconds_since_event=48.8 message=Process is alive; no new result has arrived.
[2026-09-17T08:31:32+00:00] +   340.3s heartbeat: activity=waiting for corrected control cases; details in references/run.log seconds_since_event=340.3 message=Process is alive; no new result has arrived.
[2026-09-17T08:31:52+00:00] +   360.2s heartbeat: activity=references target_8 case 1/4; waiting for counted simulator progress seconds_since_event=68.8 message=Process is alive; no new result has arrived.
[2026-09-17T08:31:52+00:00] +   360.3s heartbeat: activity=waiting for corrected control cases; details in references/run.log seconds_since_event=360.3 message=Process is alive; no new result has arrived.
[2026-09-17T08:32:12+00:00] +   380.2s heartbeat: activity=references target_8 case 1/4; waiting for counted simulator progress seconds_since_event=88.8 message=Process is alive; no new result has arrived.
[2026-09-17T08:32:12+00:00] +   380.3s heartbeat: activity=waiting for corrected control cases; details in references/run.log seconds_since_event=380.3 message=Process is alive; no new result has arrived.
[2026-09-17T08:32:28+00:00] +   395.5s case_complete: stage=references method=target_8 case_index=0 offline_error=3.1579 elapsed_seconds=104.08 completed=13
[2026-09-17T08:32:29+00:00] +   397.0s case_start: stage=references method=target_6 case_index=1 completed=15
[2026-09-17T08:32:32+00:00] +   400.3s heartbeat: activity=waiting for corrected control cases; details in references/run.log seconds_since_event=400.3 message=Process is alive; no new result has arrived.
[2026-09-17T08:32:52+00:00] +   420.3s heartbeat: activity=references target_6 case 2/4; waiting for counted simulator progress seconds_since_event=23.2 message=Process is alive; no new result has arrived.
[2026-09-17T08:32:52+00:00] +   420.3s heartbeat: activity=waiting for corrected control cases; details in references/run.log seconds_since_event=420.3 message=Process is alive; no new result has arrived.
[2026-09-17T08:33:12+00:00] +   440.3s heartbeat: activity=waiting for corrected control cases; details in references/run.log seconds_since_event=440.3 message=Process is alive; no new result has arrived.
[2026-09-17T08:33:12+00:00] +   440.3s heartbeat: activity=references target_6 case 2/4; waiting for counted simulator progress seconds_since_event=43.2 message=Process is alive; no new result has arrived.
[2026-09-17T08:33:32+00:00] +   460.3s heartbeat: activity=references target_6 case 2/4; waiting for counted simulator progress seconds_since_event=63.2 message=Process is alive; no new result has arrived.
[2026-09-17T08:33:32+00:00] +   460.3s heartbeat: activity=waiting for corrected control cases; details in references/run.log seconds_since_event=460.3 message=Process is alive; no new result has arrived.
[2026-09-17T08:33:52+00:00] +   480.3s heartbeat: activity=references target_6 case 2/4; waiting for counted simulator progress seconds_since_event=83.3 message=Process is alive; no new result has arrived.
[2026-09-17T08:33:52+00:00] +   480.3s heartbeat: activity=waiting for corrected control cases; details in references/run.log seconds_since_event=480.3 message=Process is alive; no new result has arrived.
[2026-09-17T08:34:12+00:00] +   500.3s heartbeat: activity=references target_6 case 2/4; waiting for counted simulator progress seconds_since_event=103.3 message=Process is alive; no new result has arrived.
[2026-09-17T08:34:12+00:00] +   500.3s heartbeat: activity=waiting for corrected control cases; details in references/run.log seconds_since_event=500.3 message=Process is alive; no new result has arrived.
[2026-09-17T08:34:19+00:00] +   506.4s case_complete: stage=references method=target_6 case_index=1 offline_error=2.194 elapsed_seconds=109.36 completed=16
[2026-09-17T08:34:19+00:00] +   506.4s case_start: stage=references method=target_7 case_index=1 completed=16
[2026-09-17T08:34:32+00:00] +   520.4s heartbeat: activity=waiting for corrected control cases; details in references/run.log seconds_since_event=520.4 message=Process is alive; no new result has arrived.
[2026-09-17T08:34:52+00:00] +   540.3s heartbeat: activity=references target_7 case 2/4; waiting for counted simulator progress seconds_since_event=33.9 message=Process is alive; no new result has arrived.
[2026-09-17T08:34:52+00:00] +   540.4s heartbeat: activity=waiting for corrected control cases; details in references/run.log seconds_since_event=540.4 message=Process is alive; no new result has arrived.
[2026-09-17T08:35:12+00:00] +   560.3s heartbeat: activity=references target_7 case 2/4; waiting for counted simulator progress seconds_since_event=53.9 message=Process is alive; no new result has arrived.
[2026-09-17T08:35:12+00:00] +   560.4s heartbeat: activity=waiting for corrected control cases; details in references/run.log seconds_since_event=560.4 message=Process is alive; no new result has arrived.
[2026-09-17T08:35:32+00:00] +   580.4s heartbeat: activity=references target_7 case 2/4; waiting for counted simulator progress seconds_since_event=73.9 message=Process is alive; no new result has arrived.
[2026-09-17T08:35:32+00:00] +   580.4s heartbeat: activity=waiting for corrected control cases; details in references/run.log seconds_since_event=580.4 message=Process is alive; no new result has arrived.
[2026-09-17T08:35:52+00:00] +   600.4s heartbeat: activity=references target_7 case 2/4; waiting for counted simulator progress seconds_since_event=93.9 message=Process is alive; no new result has arrived.
[2026-09-17T08:35:52+00:00] +   600.4s heartbeat: activity=waiting for corrected control cases; details in references/run.log seconds_since_event=600.4 message=Process is alive; no new result has arrived.
[2026-09-17T08:35:56+00:00] +   604.1s case_complete: stage=references method=target_7 case_index=1 offline_error=2.3226 elapsed_seconds=97.692 completed=17
[2026-09-17T08:35:56+00:00] +   604.1s case_start: stage=references method=target_8 case_index=1 completed=17
[2026-09-17T08:36:12+00:00] +   620.4s heartbeat: activity=waiting for corrected control cases; details in references/run.log seconds_since_event=620.4 message=Process is alive; no new result has arrived.
[2026-09-17T08:36:32+00:00] +   640.4s heartbeat: activity=waiting for corrected control cases; details in references/run.log seconds_since_event=640.4 message=Process is alive; no new result has arrived.
[2026-09-17T08:36:32+00:00] +   640.4s heartbeat: activity=references target_8 case 2/4; waiting for counted simulator progress seconds_since_event=36.2 message=Process is alive; no new result has arrived.
[2026-09-17T08:36:53+00:00] +   660.4s heartbeat: activity=references target_8 case 2/4; waiting for counted simulator progress seconds_since_event=56.3 message=Process is alive; no new result has arrived.
[2026-09-17T08:36:53+00:00] +   660.5s heartbeat: activity=waiting for corrected control cases; details in references/run.log seconds_since_event=660.4 message=Process is alive; no new result has arrived.
[2026-09-17T08:37:13+00:00] +   680.4s heartbeat: activity=references target_8 case 2/4; waiting for counted simulator progress seconds_since_event=76.3 message=Process is alive; no new result has arrived.
[2026-09-17T08:37:13+00:00] +   680.5s heartbeat: activity=waiting for corrected control cases; details in references/run.log seconds_since_event=680.5 message=Process is alive; no new result has arrived.
[2026-09-17T08:37:30+00:00] +   697.9s case_complete: stage=references method=target_8 case_index=1 offline_error=2.3454 elapsed_seconds=93.731 completed=18
[2026-09-17T08:37:31+00:00] +   699.1s case_start: stage=references method=target_6 case_index=2 completed=20
[2026-09-17T08:37:33+00:00] +   700.5s heartbeat: activity=waiting for corrected control cases; details in references/run.log seconds_since_event=700.5 message=Process is alive; no new result has arrived.
[2026-09-17T08:37:53+00:00] +   720.4s heartbeat: activity=references target_6 case 3/4; waiting for counted simulator progress seconds_since_event=21.4 message=Process is alive; no new result has arrived.
[2026-09-17T08:37:53+00:00] +   720.5s heartbeat: activity=waiting for corrected control cases; details in references/run.log seconds_since_event=720.5 message=Process is alive; no new result has arrived.
[2026-09-17T08:38:13+00:00] +   740.5s heartbeat: activity=references target_6 case 3/4; waiting for counted simulator progress seconds_since_event=41.4 message=Process is alive; no new result has arrived.
[2026-09-17T08:38:13+00:00] +   740.5s heartbeat: activity=waiting for corrected control cases; details in references/run.log seconds_since_event=740.5 message=Process is alive; no new result has arrived.
[2026-09-17T08:38:33+00:00] +   760.5s heartbeat: activity=waiting for corrected control cases; details in references/run.log seconds_since_event=760.5 message=Process is alive; no new result has arrived.
[2026-09-17T08:38:33+00:00] +   760.5s heartbeat: activity=references target_6 case 3/4; waiting for counted simulator progress seconds_since_event=61.4 message=Process is alive; no new result has arrived.
[2026-09-17T08:38:53+00:00] +   780.5s heartbeat: activity=waiting for corrected control cases; details in references/run.log seconds_since_event=780.5 message=Process is alive; no new result has arrived.
[2026-09-17T08:38:53+00:00] +   780.5s heartbeat: activity=references target_6 case 3/4; waiting for counted simulator progress seconds_since_event=81.4 message=Process is alive; no new result has arrived.
[2026-09-17T08:39:08+00:00] +   795.4s case_complete: stage=references method=target_6 case_index=2 offline_error=1.9587 elapsed_seconds=96.351 completed=21
[2026-09-17T08:39:08+00:00] +   795.5s case_start: stage=references method=target_7 case_index=2 completed=21
[2026-09-17T08:39:13+00:00] +   800.5s heartbeat: activity=waiting for corrected control cases; details in references/run.log seconds_since_event=800.5 message=Process is alive; no new result has arrived.
[2026-09-17T08:39:33+00:00] +   820.5s heartbeat: activity=references target_7 case 3/4; waiting for counted simulator progress seconds_since_event=25 message=Process is alive; no new result has arrived.
[2026-09-17T08:39:33+00:00] +   820.5s heartbeat: activity=waiting for corrected control cases; details in references/run.log seconds_since_event=820.5 message=Process is alive; no new result has arrived.
[2026-09-17T08:39:53+00:00] +   840.5s heartbeat: activity=waiting for corrected control cases; details in references/run.log seconds_since_event=840.5 message=Process is alive; no new result has arrived.
[2026-09-17T08:39:53+00:00] +   840.5s heartbeat: activity=references target_7 case 3/4; waiting for counted simulator progress seconds_since_event=45.1 message=Process is alive; no new result has arrived.
[2026-09-17T08:40:13+00:00] +   860.6s heartbeat: activity=waiting for corrected control cases; details in references/run.log seconds_since_event=860.6 message=Process is alive; no new result has arrived.
[2026-09-17T08:40:13+00:00] +   860.5s heartbeat: activity=references target_7 case 3/4; waiting for counted simulator progress seconds_since_event=65.1 message=Process is alive; no new result has arrived.
[2026-09-17T08:40:33+00:00] +   880.5s heartbeat: activity=references target_7 case 3/4; waiting for counted simulator progress seconds_since_event=85.1 message=Process is alive; no new result has arrived.
[2026-09-17T08:40:33+00:00] +   880.6s heartbeat: activity=waiting for corrected control cases; details in references/run.log seconds_since_event=880.6 message=Process is alive; no new result has arrived.
[2026-09-17T08:40:37+00:00] +   885.0s case_complete: stage=references method=target_7 case_index=2 offline_error=2.0316 elapsed_seconds=89.545 completed=22
[2026-09-17T08:40:37+00:00] +   885.0s case_start: stage=references method=target_8 case_index=2 completed=22
[2026-09-17T08:40:53+00:00] +   900.6s heartbeat: activity=waiting for corrected control cases; details in references/run.log seconds_since_event=900.6 message=Process is alive; no new result has arrived.
[2026-09-17T08:41:13+00:00] +   920.5s heartbeat: activity=references target_8 case 3/4; waiting for counted simulator progress seconds_since_event=35.5 message=Process is alive; no new result has arrived.
[2026-09-17T08:41:13+00:00] +   920.6s heartbeat: activity=waiting for corrected control cases; details in references/run.log seconds_since_event=920.6 message=Process is alive; no new result has arrived.
[2026-09-17T08:41:33+00:00] +   940.6s heartbeat: activity=references target_8 case 3/4; waiting for counted simulator progress seconds_since_event=55.5 message=Process is alive; no new result has arrived.
[2026-09-17T08:41:33+00:00] +   940.6s heartbeat: activity=waiting for corrected control cases; details in references/run.log seconds_since_event=940.6 message=Process is alive; no new result has arrived.
[2026-09-17T08:41:53+00:00] +   960.6s heartbeat: activity=waiting for corrected control cases; details in references/run.log seconds_since_event=960.6 message=Process is alive; no new result has arrived.
[2026-09-17T08:41:53+00:00] +   960.6s heartbeat: activity=references target_8 case 3/4; waiting for counted simulator progress seconds_since_event=75.6 message=Process is alive; no new result has arrived.
[2026-09-17T08:42:06+00:00] +   974.3s case_complete: stage=references method=target_8 case_index=2 offline_error=2.3568 elapsed_seconds=89.282 completed=23
[2026-09-17T08:42:08+00:00] +   975.5s case_start: stage=references method=target_6 case_index=3 completed=25
[2026-09-17T08:42:13+00:00] +   980.6s heartbeat: activity=waiting for corrected control cases; details in references/run.log seconds_since_event=980.6 message=Process is alive; no new result has arrived.
[2026-09-17T08:42:33+00:00] +  1000.6s heartbeat: activity=references target_6 case 4/4; waiting for counted simulator progress seconds_since_event=25.2 message=Process is alive; no new result has arrived.
[2026-09-17T08:42:33+00:00] +  1000.7s heartbeat: activity=waiting for corrected control cases; details in references/run.log seconds_since_event=1000.7 message=Process is alive; no new result has arrived.
[2026-09-17T08:42:53+00:00] +  1020.6s heartbeat: activity=references target_6 case 4/4; waiting for counted simulator progress seconds_since_event=45.2 message=Process is alive; no new result has arrived.
[2026-09-17T08:42:53+00:00] +  1020.7s heartbeat: activity=waiting for corrected control cases; details in references/run.log seconds_since_event=1020.7 message=Process is alive; no new result has arrived.
[2026-09-17T08:43:13+00:00] +  1040.6s heartbeat: activity=references target_6 case 4/4; waiting for counted simulator progress seconds_since_event=65.2 message=Process is alive; no new result has arrived.
[2026-09-17T08:43:13+00:00] +  1040.7s heartbeat: activity=waiting for corrected control cases; details in references/run.log seconds_since_event=1040.7 message=Process is alive; no new result has arrived.
[2026-09-17T08:43:33+00:00] +  1060.7s heartbeat: activity=references target_6 case 4/4; waiting for counted simulator progress seconds_since_event=85.2 message=Process is alive; no new result has arrived.
[2026-09-17T08:43:33+00:00] +  1060.7s heartbeat: activity=waiting for corrected control cases; details in references/run.log seconds_since_event=1060.7 message=Process is alive; no new result has arrived.
[2026-09-17T08:43:36+00:00] +  1063.7s case_complete: stage=references method=target_6 case_index=3 offline_error=2.4833 elapsed_seconds=88.21 completed=26
[2026-09-17T08:43:36+00:00] +  1063.7s case_start: stage=references method=target_7 case_index=3 completed=26
[2026-09-17T08:43:53+00:00] +  1080.7s heartbeat: activity=waiting for corrected control cases; details in references/run.log seconds_since_event=1080.7 message=Process is alive; no new result has arrived.
[2026-09-17T08:44:13+00:00] +  1100.7s heartbeat: activity=references target_7 case 4/4; waiting for counted simulator progress seconds_since_event=37 message=Process is alive; no new result has arrived.
[2026-09-17T08:44:13+00:00] +  1100.7s heartbeat: activity=waiting for corrected control cases; details in references/run.log seconds_since_event=1100.7 message=Process is alive; no new result has arrived.
[2026-09-17T08:44:33+00:00] +  1120.7s heartbeat: activity=references target_7 case 4/4; waiting for counted simulator progress seconds_since_event=57 message=Process is alive; no new result has arrived.
[2026-09-17T08:44:33+00:00] +  1120.7s heartbeat: activity=waiting for corrected control cases; details in references/run.log seconds_since_event=1120.7 message=Process is alive; no new result has arrived.
[2026-09-17T08:44:53+00:00] +  1140.7s heartbeat: activity=references target_7 case 4/4; waiting for counted simulator progress seconds_since_event=77 message=Process is alive; no new result has arrived.
[2026-09-17T08:44:53+00:00] +  1140.8s heartbeat: activity=waiting for corrected control cases; details in references/run.log seconds_since_event=1140.7 message=Process is alive; no new result has arrived.
[2026-09-17T08:45:05+00:00] +  1152.5s case_complete: stage=references method=target_7 case_index=3 offline_error=2.4273 elapsed_seconds=88.811 completed=27
[2026-09-17T08:45:05+00:00] +  1152.5s case_start: stage=references method=target_8 case_index=3 completed=27
[2026-09-17T08:45:13+00:00] +  1160.8s heartbeat: activity=waiting for corrected control cases; details in references/run.log seconds_since_event=1160.8 message=Process is alive; no new result has arrived.
[2026-09-17T08:45:33+00:00] +  1180.7s heartbeat: activity=references target_8 case 4/4; waiting for counted simulator progress seconds_since_event=28.2 message=Process is alive; no new result has arrived.
[2026-09-17T08:45:33+00:00] +  1180.8s heartbeat: activity=waiting for corrected control cases; details in references/run.log seconds_since_event=1180.8 message=Process is alive; no new result has arrived.
[2026-09-17T08:45:53+00:00] +  1200.7s heartbeat: activity=references target_8 case 4/4; waiting for counted simulator progress seconds_since_event=48.2 message=Process is alive; no new result has arrived.
[2026-09-17T08:45:53+00:00] +  1200.8s heartbeat: activity=waiting for corrected control cases; details in references/run.log seconds_since_event=1200.8 message=Process is alive; no new result has arrived.
[2026-09-17T08:46:13+00:00] +  1220.7s heartbeat: activity=references target_8 case 4/4; waiting for counted simulator progress seconds_since_event=68.2 message=Process is alive; no new result has arrived.
[2026-09-17T08:46:13+00:00] +  1220.8s heartbeat: activity=waiting for corrected control cases; details in references/run.log seconds_since_event=1220.8 message=Process is alive; no new result has arrived.
[2026-09-17T08:46:33+00:00] +  1240.7s heartbeat: activity=references target_8 case 4/4; waiting for counted simulator progress seconds_since_event=88.2 message=Process is alive; no new result has arrived.
[2026-09-17T08:46:33+00:00] +  1240.8s heartbeat: activity=waiting for corrected control cases; details in references/run.log seconds_since_event=1240.8 message=Process is alive; no new result has arrived.
[2026-09-17T08:46:33+00:00] +  1241.2s case_complete: stage=references method=target_8 case_index=3 offline_error=2.4871 elapsed_seconds=88.651 completed=28
[2026-09-17T08:46:33+00:00] +  1241.2s stage_complete: stage=references new_executions=20 objective_queries=10000000
[2026-09-17T08:46:33+00:00] +  1241.3s runtime_forecast: computed_at=2026-09-17T08:46:33.851533+00:00 first_case_seconds=100.59 observed_case_seconds=[100.588363, 101.17151, 103.810238, 105.647219, 140.965499, 107.810612, 109.259665, 102.002051, 161.708139, 128.180138, 104.090227, 109.370699, 97.698903, 93.742294, 96.363281, 89.554003, 89.291836, 88.220974, 88.821352, 88.659762] conservative_case_seconds=218.31 historical_max_native_wrapper_seconds=200.24 mutation_novelty_meta_allowance_seconds=600.73 drain_seconds=120 complete_descendant_admission_seconds=1594 research_seconds_remaining=2811.1 affordable_serial_descendants_now=1 campaign_remaining_case_runtime_hours_at_conservative_rate=20.254 note=Feasibility uses elapsed time and recorded latency, never reference scores; future campaign/fresh work need not fit this session.
