[2026-09-15T09:42:19+00:00] +     0.0s study_started: study=book_mpsO_5neutral_reconstruction_v1 cases=3 budget_per_case=500000 policy=corrected baseline directory=results/reconstruction_v1
[2026-09-15T09:42:19+00:00] +     0.0s case_started: case=1 total_cases=3 environment_seed=101 optimizer_seed=1101
[2026-09-15T09:42:19+00:00] +     0.0s run_started: case_index=1 config={'dimension': 5, 'npeaks': 10, 'period': 5000, 'move_severity': 1.0, 'correlation': 0.0, 'budget': 500000, 'environment_seed': 101, 'optimizer_seed': 1101, 'particles_per_swarm': 5, 'nexcess': 1, 'trace_interval': 500, 'snapshot_interval': 0, 'progress_interval': 5000, 'bounds': [0.0, 100.0], 'height_severity': 7.0, 'width_severity': 1.0, 'chi': 0.729843788, 'c': 2.05} baseline=book_mpsO_5_plus_0 budget=500000
[2026-09-15T09:42:19+00:00] +     0.1s environment_change: case_index=1 evaluations=5000 completed_environment=0 environment_offline_error=1.2432 environment_initial_error=105.48 environment_final_error=1.4228e-06 first_evaluation=1 environment_evaluations=5000 offline_error=1.2432 swarm_count=3
[2026-09-15T09:42:19+00:00] +     0.1s environment_change: case_index=1 evaluations=10000 completed_environment=1 environment_offline_error=14.467 environment_initial_error=181.22 environment_final_error=14.275 first_evaluation=5001 environment_evaluations=5000 offline_error=7.8553 swarm_count=3
[2026-09-15T09:42:19+00:00] +     0.2s environment_change: case_index=1 evaluations=15000 completed_environment=2 environment_offline_error=8.421 environment_initial_error=151.89 environment_final_error=8.2077 first_evaluation=10001 environment_evaluations=5000 offline_error=8.0439 swarm_count=3
[2026-09-15T09:42:19+00:00] +     0.3s environment_change: case_index=1 evaluations=20000 completed_environment=3 environment_offline_error=5.9504 environment_initial_error=7.3885 environment_final_error=5.8712 first_evaluation=15001 environment_evaluations=5000 offline_error=7.5205 swarm_count=4
[2026-09-15T09:42:19+00:00] +     0.4s environment_change: case_index=1 evaluations=25000 completed_environment=4 environment_offline_error=2.4086 environment_initial_error=232.04 environment_final_error=2.1124 first_evaluation=20001 environment_evaluations=5000 offline_error=6.4981 swarm_count=4
[2026-09-15T09:42:19+00:00] +     0.5s environment_change: case_index=1 evaluations=30000 completed_environment=5 environment_offline_error=6.3322 environment_initial_error=268.77 environment_final_error=6.0378 first_evaluation=25001 environment_evaluations=5000 offline_error=6.4705 swarm_count=4
[2026-09-15T09:42:19+00:00] +     0.5s environment_change: case_index=1 evaluations=35000 completed_environment=6 environment_offline_error=11.108 environment_initial_error=13.665 environment_final_error=10.999 first_evaluation=30001 environment_evaluations=5000 offline_error=7.1329 swarm_count=4
[2026-09-15T09:42:19+00:00] +     0.6s environment_change: case_index=1 evaluations=40000 completed_environment=7 environment_offline_error=11.837 environment_initial_error=137.14 environment_final_error=11.603 first_evaluation=35001 environment_evaluations=5000 offline_error=7.7209 swarm_count=4
[2026-09-15T09:42:19+00:00] +     0.7s environment_change: case_index=1 evaluations=45000 completed_environment=8 environment_offline_error=7.7031 environment_initial_error=19.652 environment_final_error=0.31204 first_evaluation=40001 environment_evaluations=5000 offline_error=7.719 swarm_count=6
[2026-09-15T09:42:19+00:00] +     0.8s environment_change: case_index=1 evaluations=50000 completed_environment=9 environment_offline_error=0.085732 environment_initial_error=19.299 environment_final_error=0.0012967 first_evaluation=45001 environment_evaluations=5000 offline_error=6.9556 swarm_count=6
[2026-09-15T09:42:19+00:00] +     0.8s environment_change: case_index=1 evaluations=55000 completed_environment=10 environment_offline_error=0.51018 environment_initial_error=32.083 environment_final_error=0.33644 first_evaluation=50001 environment_evaluations=5000 offline_error=6.3697 swarm_count=6
[2026-09-15T09:42:20+00:00] +     0.9s environment_change: case_index=1 evaluations=60000 completed_environment=11 environment_offline_error=0.18217 environment_initial_error=24.53 environment_final_error=0.00028425 first_evaluation=55001 environment_evaluations=5000 offline_error=5.8541 swarm_count=6
[2026-09-15T09:42:20+00:00] +     1.0s environment_change: case_index=1 evaluations=65000 completed_environment=12 environment_offline_error=0.55905 environment_initial_error=230.2 environment_final_error=0.0010491 first_evaluation=60001 environment_evaluations=5000 offline_error=5.4468 swarm_count=7
[2026-09-15T09:42:20+00:00] +     1.1s environment_change: case_index=1 evaluations=70000 completed_environment=13 environment_offline_error=8.733 environment_initial_error=131.77 environment_final_error=8.3935 first_evaluation=65001 environment_evaluations=5000 offline_error=5.6815 swarm_count=7
[2026-09-15T09:42:20+00:00] +     1.2s environment_change: case_index=1 evaluations=75000 completed_environment=14 environment_offline_error=10.568 environment_initial_error=39.464 environment_final_error=10.286 first_evaluation=70001 environment_evaluations=5000 offline_error=6.0073 swarm_count=7
[2026-09-15T09:42:20+00:00] +     1.2s environment_change: case_index=1 evaluations=80000 completed_environment=15 environment_offline_error=6.6017 environment_initial_error=41.408 environment_final_error=1.92 first_evaluation=75001 environment_evaluations=5000 offline_error=6.0444 swarm_count=8
[2026-09-15T09:42:20+00:00] +     1.3s environment_change: case_index=1 evaluations=85000 completed_environment=16 environment_offline_error=1.2094 environment_initial_error=3.64 environment_final_error=0.085219 first_evaluation=80001 environment_evaluations=5000 offline_error=5.76 swarm_count=8
[2026-09-15T09:42:20+00:00] +     1.4s environment_change: case_index=1 evaluations=90000 completed_environment=17 environment_offline_error=0.19935 environment_initial_error=14.579 environment_final_error=0.00085472 first_evaluation=85001 environment_evaluations=5000 offline_error=5.4511 swarm_count=8
[2026-09-15T09:42:20+00:00] +     1.5s environment_change: case_index=1 evaluations=95000 completed_environment=18 environment_offline_error=9.5022 environment_initial_error=18.383 environment_final_error=9.0426 first_evaluation=90001 environment_evaluations=5000 offline_error=5.6643 swarm_count=8
[2026-09-15T09:42:20+00:00] +     1.6s environment_change: case_index=1 evaluations=100000 completed_environment=19 environment_offline_error=7.4365 environment_initial_error=29.791 environment_final_error=7.1031 first_evaluation=95001 environment_evaluations=5000 offline_error=5.7529 swarm_count=8
[2026-09-15T09:42:20+00:00] +     1.6s environment_change: case_index=1 evaluations=105000 completed_environment=20 environment_offline_error=4.0176 environment_initial_error=31 environment_final_error=2.6453 first_evaluation=100001 environment_evaluations=5000 offline_error=5.6703 swarm_count=8
[2026-09-15T09:42:20+00:00] +     1.7s environment_change: case_index=1 evaluations=110000 completed_environment=21 environment_offline_error=1.1028 environment_initial_error=26.904 environment_final_error=0.0090309 first_evaluation=105001 environment_evaluations=5000 offline_error=5.4627 swarm_count=8
[2026-09-15T09:42:20+00:00] +     1.8s environment_change: case_index=1 evaluations=115000 completed_environment=22 environment_offline_error=0.80655 environment_initial_error=30.651 environment_final_error=0.010567 first_evaluation=110001 environment_evaluations=5000 offline_error=5.2602 swarm_count=8
[2026-09-15T09:42:20+00:00] +     1.9s environment_change: case_index=1 evaluations=120000 completed_environment=23 environment_offline_error=0.45473 environment_initial_error=22.982 environment_final_error=0.0050844 first_evaluation=115001 environment_evaluations=5000 offline_error=5.06 swarm_count=8
[2026-09-15T09:42:21+00:00] +     2.0s environment_change: case_index=1 evaluations=125000 completed_environment=24 environment_offline_error=0.516 environment_initial_error=28.531 environment_final_error=0.016062 first_evaluation=120001 environment_evaluations=5000 offline_error=4.8782 swarm_count=8
[2026-09-15T09:42:21+00:00] +     2.1s environment_change: case_index=1 evaluations=130000 completed_environment=25 environment_offline_error=0.35784 environment_initial_error=8.5987 environment_final_error=0.0062016 first_evaluation=125001 environment_evaluations=5000 offline_error=4.7044 swarm_count=8
[2026-09-15T09:42:21+00:00] +     2.1s environment_change: case_index=1 evaluations=135000 completed_environment=26 environment_offline_error=0.88406 environment_initial_error=27.885 environment_final_error=0.033634 first_evaluation=130001 environment_evaluations=5000 offline_error=4.5629 swarm_count=8
[2026-09-15T09:42:21+00:00] +     2.2s environment_change: case_index=1 evaluations=140000 completed_environment=27 environment_offline_error=0.33817 environment_initial_error=21.875 environment_final_error=0.00020691 first_evaluation=135001 environment_evaluations=5000 offline_error=4.412 swarm_count=8
[2026-09-15T09:42:21+00:00] +     2.3s environment_change: case_index=1 evaluations=145000 completed_environment=28 environment_offline_error=0.63317 environment_initial_error=23.979 environment_final_error=0.0038191 first_evaluation=140001 environment_evaluations=5000 offline_error=4.2817 swarm_count=8
[2026-09-15T09:42:21+00:00] +     2.4s environment_change: case_index=1 evaluations=150000 completed_environment=29 environment_offline_error=0.3011 environment_initial_error=26.543 environment_final_error=0.00043012 first_evaluation=145001 environment_evaluations=5000 offline_error=4.149 swarm_count=8
[2026-09-15T09:42:21+00:00] +     2.5s environment_change: case_index=1 evaluations=155000 completed_environment=30 environment_offline_error=0.17735 environment_initial_error=11.893 environment_final_error=0.0047714 first_evaluation=150001 environment_evaluations=5000 offline_error=4.0209 swarm_count=8
[2026-09-15T09:42:21+00:00] +     2.6s environment_change: case_index=1 evaluations=160000 completed_environment=31 environment_offline_error=0.41222 environment_initial_error=11.25 environment_final_error=0.003426 first_evaluation=155001 environment_evaluations=5000 offline_error=3.9081 swarm_count=8
[2026-09-15T09:42:21+00:00] +     2.6s environment_change: case_index=1 evaluations=165000 completed_environment=32 environment_offline_error=0.6832 environment_initial_error=5.6222 environment_final_error=0.010993 first_evaluation=160001 environment_evaluations=5000 offline_error=3.8104 swarm_count=9
[2026-09-15T09:42:21+00:00] +     2.7s environment_change: case_index=1 evaluations=170000 completed_environment=33 environment_offline_error=0.32306 environment_initial_error=6.117 environment_final_error=0.0070097 first_evaluation=165001 environment_evaluations=5000 offline_error=3.7078 swarm_count=8
[2026-09-15T09:42:21+00:00] +     2.8s environment_change: case_index=1 evaluations=175000 completed_environment=34 environment_offline_error=0.49651 environment_initial_error=15.947 environment_final_error=0.040123 first_evaluation=170001 environment_evaluations=5000 offline_error=3.6161 swarm_count=8
[2026-09-15T09:42:21+00:00] +     2.9s environment_change: case_index=1 evaluations=180000 completed_environment=35 environment_offline_error=0.29455 environment_initial_error=2.377 environment_final_error=0.0019439 first_evaluation=175001 environment_evaluations=5000 offline_error=3.5238 swarm_count=8
[2026-09-15T09:42:22+00:00] +     3.0s environment_change: case_index=1 evaluations=185000 completed_environment=36 environment_offline_error=0.38582 environment_initial_error=25.61 environment_final_error=0.0077624 first_evaluation=180001 environment_evaluations=5000 offline_error=3.439 swarm_count=8
[2026-09-15T09:42:22+00:00] +     3.0s environment_change: case_index=1 evaluations=190000 completed_environment=37 environment_offline_error=0.22893 environment_initial_error=29.061 environment_final_error=0.00080799 first_evaluation=185001 environment_evaluations=5000 offline_error=3.3545 swarm_count=8
[2026-09-15T09:42:22+00:00] +     3.1s environment_change: case_index=1 evaluations=195000 completed_environment=38 environment_offline_error=0.66233 environment_initial_error=148.11 environment_final_error=0.31349 first_evaluation=190001 environment_evaluations=5000 offline_error=3.2855 swarm_count=8
[2026-09-15T09:42:22+00:00] +     3.2s environment_change: case_index=1 evaluations=200000 completed_environment=39 environment_offline_error=3.9317 environment_initial_error=24.016 environment_final_error=3.6287 first_evaluation=195001 environment_evaluations=5000 offline_error=3.3016 swarm_count=8
[2026-09-15T09:42:22+00:00] +     3.2s environment_change: case_index=1 evaluations=205000 completed_environment=40 environment_offline_error=0.474 environment_initial_error=13.317 environment_final_error=0.0032317 first_evaluation=200001 environment_evaluations=5000 offline_error=3.2327 swarm_count=8
[2026-09-15T09:42:22+00:00] +     3.3s environment_change: case_index=1 evaluations=210000 completed_environment=41 environment_offline_error=0.62265 environment_initial_error=92.842 environment_final_error=0.045545 first_evaluation=205001 environment_evaluations=5000 offline_error=3.1705 swarm_count=8
[2026-09-15T09:42:22+00:00] +     3.4s environment_change: case_index=1 evaluations=215000 completed_environment=42 environment_offline_error=0.20104 environment_initial_error=27.71 environment_final_error=0.0034452 first_evaluation=210001 environment_evaluations=5000 offline_error=3.1015 swarm_count=8
[2026-09-15T09:42:22+00:00] +     3.5s environment_change: case_index=1 evaluations=220000 completed_environment=43 environment_offline_error=0.31746 environment_initial_error=14.506 environment_final_error=0.0077469 first_evaluation=215001 environment_evaluations=5000 offline_error=3.0382 swarm_count=8
[2026-09-15T09:42:22+00:00] +     3.6s environment_change: case_index=1 evaluations=225000 completed_environment=44 environment_offline_error=0.20707 environment_initial_error=35.52 environment_final_error=0.0095882 first_evaluation=220001 environment_evaluations=5000 offline_error=2.9753 swarm_count=8
[2026-09-15T09:42:22+00:00] +     3.6s environment_change: case_index=1 evaluations=230000 completed_environment=45 environment_offline_error=0.28505 environment_initial_error=12.825 environment_final_error=0.0050889 first_evaluation=225001 environment_evaluations=5000 offline_error=2.9168 swarm_count=8
[2026-09-15T09:42:22+00:00] +     3.7s environment_change: case_index=1 evaluations=235000 completed_environment=46 environment_offline_error=0.8465 environment_initial_error=30.932 environment_final_error=0.10005 first_evaluation=230001 environment_evaluations=5000 offline_error=2.8728 swarm_count=8
[2026-09-15T09:42:22+00:00] +     3.8s environment_change: case_index=1 evaluations=240000 completed_environment=47 environment_offline_error=0.44471 environment_initial_error=27.197 environment_final_error=0.0025172 first_evaluation=235001 environment_evaluations=5000 offline_error=2.8222 swarm_count=8
[2026-09-15T09:42:22+00:00] +     3.9s environment_change: case_index=1 evaluations=245000 completed_environment=48 environment_offline_error=1.2572 environment_initial_error=15.822 environment_final_error=0.096705 first_evaluation=240001 environment_evaluations=5000 offline_error=2.7902 swarm_count=8
[2026-09-15T09:42:23+00:00] +     4.0s environment_change: case_index=1 evaluations=250000 completed_environment=49 environment_offline_error=1.3542 environment_initial_error=9.1288 environment_final_error=0.0038934 first_evaluation=245001 environment_evaluations=5000 offline_error=2.7615 swarm_count=8
[2026-09-15T09:42:23+00:00] +     4.0s environment_change: case_index=1 evaluations=255000 completed_environment=50 environment_offline_error=0.31353 environment_initial_error=17.15 environment_final_error=0.0011142 first_evaluation=250001 environment_evaluations=5000 offline_error=2.7135 swarm_count=8
[2026-09-15T09:42:23+00:00] +     4.1s environment_change: case_index=1 evaluations=260000 completed_environment=51 environment_offline_error=0.17902 environment_initial_error=16.146 environment_final_error=0.0012484 first_evaluation=255001 environment_evaluations=5000 offline_error=2.6648 swarm_count=8
[2026-09-15T09:42:23+00:00] +     4.2s environment_change: case_index=1 evaluations=265000 completed_environment=52 environment_offline_error=0.64222 environment_initial_error=34.232 environment_final_error=0.013215 first_evaluation=260001 environment_evaluations=5000 offline_error=2.6266 swarm_count=8
[2026-09-15T09:42:23+00:00] +     4.3s environment_change: case_index=1 evaluations=270000 completed_environment=53 environment_offline_error=0.43189 environment_initial_error=30.194 environment_final_error=0.0024617 first_evaluation=265001 environment_evaluations=5000 offline_error=2.586 swarm_count=8
[2026-09-15T09:42:23+00:00] +     4.3s environment_change: case_index=1 evaluations=275000 completed_environment=54 environment_offline_error=0.17404 environment_initial_error=30.882 environment_final_error=0.00091039 first_evaluation=270001 environment_evaluations=5000 offline_error=2.5421 swarm_count=8
[2026-09-15T09:42:23+00:00] +     4.4s environment_change: case_index=1 evaluations=280000 completed_environment=55 environment_offline_error=0.34067 environment_initial_error=65.871 environment_final_error=0.016948 first_evaluation=275001 environment_evaluations=5000 offline_error=2.5028 swarm_count=8
[2026-09-15T09:42:23+00:00] +     4.5s environment_change: case_index=1 evaluations=285000 completed_environment=56 environment_offline_error=0.44215 environment_initial_error=15.34 environment_final_error=0.004708 first_evaluation=280001 environment_evaluations=5000 offline_error=2.4667 swarm_count=8
[2026-09-15T09:42:23+00:00] +     4.6s environment_change: case_index=1 evaluations=290000 completed_environment=57 environment_offline_error=0.71878 environment_initial_error=30.002 environment_final_error=0.059897 first_evaluation=285001 environment_evaluations=5000 offline_error=2.4365 swarm_count=9
[2026-09-15T09:42:23+00:00] +     4.7s environment_change: case_index=1 evaluations=295000 completed_environment=58 environment_offline_error=1.1849 environment_initial_error=109.59 environment_final_error=0.010185 first_evaluation=290001 environment_evaluations=5000 offline_error=2.4153 swarm_count=9
[2026-09-15T09:42:23+00:00] +     4.8s environment_change: case_index=1 evaluations=300000 completed_environment=59 environment_offline_error=0.27083 environment_initial_error=67.615 environment_final_error=0.0018023 first_evaluation=295001 environment_evaluations=5000 offline_error=2.3796 swarm_count=9
[2026-09-15T09:42:23+00:00] +     4.8s environment_change: case_index=1 evaluations=305000 completed_environment=60 environment_offline_error=0.63531 environment_initial_error=11.279 environment_final_error=0.059635 first_evaluation=300001 environment_evaluations=5000 offline_error=2.351 swarm_count=9
[2026-09-15T09:42:23+00:00] +     4.9s environment_change: case_index=1 evaluations=310000 completed_environment=61 environment_offline_error=0.77404 environment_initial_error=20.947 environment_final_error=0.026503 first_evaluation=305001 environment_evaluations=5000 offline_error=2.3255 swarm_count=9
[2026-09-15T09:42:24+00:00] +     5.0s environment_change: case_index=1 evaluations=315000 completed_environment=62 environment_offline_error=0.74183 environment_initial_error=36.449 environment_final_error=0.029485 first_evaluation=310001 environment_evaluations=5000 offline_error=2.3004 swarm_count=9
[2026-09-15T09:42:24+00:00] +     5.1s environment_change: case_index=1 evaluations=320000 completed_environment=63 environment_offline_error=0.90467 environment_initial_error=28.62 environment_final_error=0.015982 first_evaluation=315001 environment_evaluations=5000 offline_error=2.2786 swarm_count=9
[2026-09-15T09:42:24+00:00] +     5.2s environment_change: case_index=1 evaluations=325000 completed_environment=64 environment_offline_error=0.52654 environment_initial_error=1.8227 environment_final_error=0.011017 first_evaluation=320001 environment_evaluations=5000 offline_error=2.2516 swarm_count=9
[2026-09-15T09:42:24+00:00] +     5.2s environment_change: case_index=1 evaluations=330000 completed_environment=65 environment_offline_error=0.91069 environment_initial_error=17.021 environment_final_error=0.0061327 first_evaluation=325001 environment_evaluations=5000 offline_error=2.2313 swarm_count=9
[2026-09-15T09:42:24+00:00] +     5.3s environment_change: case_index=1 evaluations=335000 completed_environment=66 environment_offline_error=0.63234 environment_initial_error=28.166 environment_final_error=0.004733 first_evaluation=330001 environment_evaluations=5000 offline_error=2.2075 swarm_count=9
[2026-09-15T09:42:24+00:00] +     5.4s environment_change: case_index=1 evaluations=340000 completed_environment=67 environment_offline_error=0.65868 environment_initial_error=7.9982 environment_final_error=0.0067449 first_evaluation=335001 environment_evaluations=5000 offline_error=2.1847 swarm_count=10
[2026-09-15T09:42:24+00:00] +     5.5s environment_change: case_index=1 evaluations=345000 completed_environment=68 environment_offline_error=0.72494 environment_initial_error=96.807 environment_final_error=0.0024488 first_evaluation=340001 environment_evaluations=5000 offline_error=2.1635 swarm_count=9
[2026-09-15T09:42:24+00:00] +     5.6s environment_change: case_index=1 evaluations=350000 completed_environment=69 environment_offline_error=0.39582 environment_initial_error=70.275 environment_final_error=0.0017326 first_evaluation=345001 environment_evaluations=5000 offline_error=2.1383 swarm_count=9
[2026-09-15T09:42:24+00:00] +     5.7s environment_change: case_index=1 evaluations=355000 completed_environment=70 environment_offline_error=0.33269 environment_initial_error=6.8863 environment_final_error=0.0052808 first_evaluation=350001 environment_evaluations=5000 offline_error=2.1128 swarm_count=9
[2026-09-15T09:42:24+00:00] +     5.7s environment_change: case_index=1 evaluations=360000 completed_environment=71 environment_offline_error=0.56374 environment_initial_error=3.9442 environment_final_error=0.093755 first_evaluation=355001 environment_evaluations=5000 offline_error=2.0913 swarm_count=9
[2026-09-15T09:42:24+00:00] +     5.8s environment_change: case_index=1 evaluations=365000 completed_environment=72 environment_offline_error=0.55747 environment_initial_error=35.455 environment_final_error=0.0058439 first_evaluation=360001 environment_evaluations=5000 offline_error=2.0703 swarm_count=9
[2026-09-15T09:42:24+00:00] +     5.9s environment_change: case_index=1 evaluations=370000 completed_environment=73 environment_offline_error=0.74536 environment_initial_error=44.016 environment_final_error=0.068242 first_evaluation=365001 environment_evaluations=5000 offline_error=2.0524 swarm_count=10
[2026-09-15T09:42:25+00:00] +     6.0s environment_change: case_index=1 evaluations=375000 completed_environment=74 environment_offline_error=0.72474 environment_initial_error=17.947 environment_final_error=0.076624 first_evaluation=370001 environment_evaluations=5000 offline_error=2.0347 swarm_count=10
[2026-09-15T09:42:25+00:00] +     6.1s environment_change: case_index=1 evaluations=380000 completed_environment=75 environment_offline_error=1.6674 environment_initial_error=164.21 environment_final_error=0.19707 first_evaluation=375001 environment_evaluations=5000 offline_error=2.0299 swarm_count=10
[2026-09-15T09:42:25+00:00] +     6.2s environment_change: case_index=1 evaluations=385000 completed_environment=76 environment_offline_error=0.41713 environment_initial_error=244.37 environment_final_error=0.0092089 first_evaluation=380001 environment_evaluations=5000 offline_error=2.0089 swarm_count=10
[2026-09-15T09:42:25+00:00] +     6.2s environment_change: case_index=1 evaluations=390000 completed_environment=77 environment_offline_error=0.35215 environment_initial_error=24.948 environment_final_error=0.084269 first_evaluation=385001 environment_evaluations=5000 offline_error=1.9877 swarm_count=10
[2026-09-15T09:42:25+00:00] +     6.3s environment_change: case_index=1 evaluations=395000 completed_environment=78 environment_offline_error=0.153 environment_initial_error=34.584 environment_final_error=0.0031477 first_evaluation=390001 environment_evaluations=5000 offline_error=1.9645 swarm_count=10
[2026-09-15T09:42:25+00:00] +     6.4s environment_change: case_index=1 evaluations=400000 completed_environment=79 environment_offline_error=0.74242 environment_initial_error=16.562 environment_final_error=0.21214 first_evaluation=395001 environment_evaluations=5000 offline_error=1.9492 swarm_count=10
[2026-09-15T09:42:25+00:00] +     6.5s environment_change: case_index=1 evaluations=405000 completed_environment=80 environment_offline_error=1.058 environment_initial_error=38.885 environment_final_error=0.039319 first_evaluation=400001 environment_evaluations=5000 offline_error=1.9382 swarm_count=10
[2026-09-15T09:42:25+00:00] +     6.6s environment_change: case_index=1 evaluations=410000 completed_environment=81 environment_offline_error=0.25706 environment_initial_error=1.5391 environment_final_error=0.0065506 first_evaluation=405001 environment_evaluations=5000 offline_error=1.9177 swarm_count=10
[2026-09-15T09:42:25+00:00] +     6.7s environment_change: case_index=1 evaluations=415000 completed_environment=82 environment_offline_error=0.39329 environment_initial_error=36.773 environment_final_error=0.0026424 first_evaluation=410001 environment_evaluations=5000 offline_error=1.8993 swarm_count=9
[2026-09-15T09:42:25+00:00] +     6.8s environment_change: case_index=1 evaluations=420000 completed_environment=83 environment_offline_error=0.81411 environment_initial_error=6.6136 environment_final_error=0.045768 first_evaluation=415001 environment_evaluations=5000 offline_error=1.8864 swarm_count=9
[2026-09-15T09:42:25+00:00] +     6.8s environment_change: case_index=1 evaluations=425000 completed_environment=84 environment_offline_error=0.12332 environment_initial_error=16.221 environment_final_error=0.00045865 first_evaluation=420001 environment_evaluations=5000 offline_error=1.8657 swarm_count=9
[2026-09-15T09:42:26+00:00] +     6.9s environment_change: case_index=1 evaluations=430000 completed_environment=85 environment_offline_error=0.25364 environment_initial_error=8.2188 environment_final_error=0.0019047 first_evaluation=425001 environment_evaluations=5000 offline_error=1.8469 swarm_count=9
[2026-09-15T09:42:26+00:00] +     7.0s environment_change: case_index=1 evaluations=435000 completed_environment=86 environment_offline_error=1.7752 environment_initial_error=55.792 environment_final_error=1.4568 first_evaluation=430001 environment_evaluations=5000 offline_error=1.8461 swarm_count=8
[2026-09-15T09:42:26+00:00] +     7.1s environment_change: case_index=1 evaluations=440000 completed_environment=87 environment_offline_error=0.56699 environment_initial_error=31.041 environment_final_error=0.083599 first_evaluation=435001 environment_evaluations=5000 offline_error=1.8315 swarm_count=8
[2026-09-15T09:42:26+00:00] +     7.2s environment_change: case_index=1 evaluations=445000 completed_environment=88 environment_offline_error=2.228 environment_initial_error=36.698 environment_final_error=2.0695 first_evaluation=440001 environment_evaluations=5000 offline_error=1.836 swarm_count=8
[2026-09-15T09:42:26+00:00] +     7.2s environment_change: case_index=1 evaluations=450000 completed_environment=89 environment_offline_error=3.7383 environment_initial_error=19.209 environment_final_error=3.1547 first_evaluation=445001 environment_evaluations=5000 offline_error=1.8571 swarm_count=8
[2026-09-15T09:42:26+00:00] +     7.3s environment_change: case_index=1 evaluations=455000 completed_environment=90 environment_offline_error=6.9432 environment_initial_error=28.294 environment_final_error=6.7077 first_evaluation=450001 environment_evaluations=5000 offline_error=1.913 swarm_count=8
[2026-09-15T09:42:26+00:00] +     7.4s environment_change: case_index=1 evaluations=460000 completed_environment=91 environment_offline_error=7.2039 environment_initial_error=12.774 environment_final_error=5.9716 first_evaluation=455001 environment_evaluations=5000 offline_error=1.9705 swarm_count=8
[2026-09-15T09:42:26+00:00] +     7.5s environment_change: case_index=1 evaluations=465000 completed_environment=92 environment_offline_error=5.7162 environment_initial_error=15.771 environment_final_error=4.8671 first_evaluation=460001 environment_evaluations=5000 offline_error=2.0108 swarm_count=8
[2026-09-15T09:42:26+00:00] +     7.6s environment_change: case_index=1 evaluations=470000 completed_environment=93 environment_offline_error=13.664 environment_initial_error=26.662 environment_final_error=12.602 first_evaluation=465001 environment_evaluations=5000 offline_error=2.1348 swarm_count=8
[2026-09-15T09:42:26+00:00] +     7.7s environment_change: case_index=1 evaluations=475000 completed_environment=94 environment_offline_error=10.392 environment_initial_error=26.35 environment_final_error=9.8891 first_evaluation=470001 environment_evaluations=5000 offline_error=2.2217 swarm_count=8
[2026-09-15T09:42:26+00:00] +     7.7s environment_change: case_index=1 evaluations=480000 completed_environment=95 environment_offline_error=9.1033 environment_initial_error=31.481 environment_final_error=8.1491 first_evaluation=475001 environment_evaluations=5000 offline_error=2.2934 swarm_count=8
[2026-09-15T09:42:26+00:00] +     7.8s environment_change: case_index=1 evaluations=485000 completed_environment=96 environment_offline_error=12.488 environment_initial_error=30.952 environment_final_error=11.29 first_evaluation=480001 environment_evaluations=5000 offline_error=2.3985 swarm_count=8
[2026-09-15T09:42:26+00:00] +     7.9s environment_change: case_index=1 evaluations=490000 completed_environment=97 environment_offline_error=3.6058 environment_initial_error=36.762 environment_final_error=3.0372 first_evaluation=485001 environment_evaluations=5000 offline_error=2.4108 swarm_count=8
[2026-09-15T09:42:27+00:00] +     8.0s environment_change: case_index=1 evaluations=495000 completed_environment=98 environment_offline_error=4.3062 environment_initial_error=38.544 environment_final_error=3.5777 first_evaluation=490001 environment_evaluations=5000 offline_error=2.43 swarm_count=8
[2026-09-15T09:42:27+00:00] +     8.1s environment_change: case_index=1 evaluations=500000 completed_environment=99 environment_offline_error=0.95847 environment_initial_error=33.054 environment_final_error=0.0028772 first_evaluation=495001 environment_evaluations=5000 offline_error=2.4152 swarm_count=8
[2026-09-15T09:42:27+00:00] +     8.1s run_completed: case_index=1 evaluations=500000 offline_error=2.4152 response_count=761 swarm_count=8
[2026-09-15T09:42:27+00:00] +     8.1s case_completed: case=1 offline_error=2.4152 wall_time_s=8.0504 checkpoint=results/reconstruction_v1/case_000.json
[2026-09-15T09:42:27+00:00] +     8.1s case_started: case=2 total_cases=3 environment_seed=202 optimizer_seed=1202
[2026-09-15T09:42:27+00:00] +     8.1s run_started: case_index=2 config={'dimension': 5, 'npeaks': 10, 'period': 5000, 'move_severity': 1.0, 'correlation': 0.0, 'budget': 500000, 'environment_seed': 202, 'optimizer_seed': 1202, 'particles_per_swarm': 5, 'nexcess': 1, 'trace_interval': 500, 'snapshot_interval': 0, 'progress_interval': 5000, 'bounds': [0.0, 100.0], 'height_severity': 7.0, 'width_severity': 1.0, 'chi': 0.729843788, 'c': 2.05} baseline=book_mpsO_5_plus_0 budget=500000
[2026-09-15T09:42:27+00:00] +     8.2s environment_change: case_index=2 evaluations=5000 completed_environment=0 environment_offline_error=4.4916 environment_initial_error=279.49 environment_final_error=0.00074669 first_evaluation=1 environment_evaluations=5000 offline_error=4.4916 swarm_count=5
[2026-09-15T09:42:27+00:00] +     8.3s environment_change: case_index=2 evaluations=10000 completed_environment=1 environment_offline_error=0.87759 environment_initial_error=32.209 environment_final_error=0.00076914 first_evaluation=5001 environment_evaluations=5000 offline_error=2.6846 swarm_count=7
[2026-09-15T09:42:27+00:00] +     8.3s environment_change: case_index=2 evaluations=15000 completed_environment=2 environment_offline_error=0.69813 environment_initial_error=9.3699 environment_final_error=0.012283 first_evaluation=10001 environment_evaluations=5000 offline_error=2.0225 swarm_count=8
[2026-09-15T09:42:27+00:00] +     8.4s environment_change: case_index=2 evaluations=20000 completed_environment=3 environment_offline_error=0.43677 environment_initial_error=27.912 environment_final_error=0.065235 first_evaluation=15001 environment_evaluations=5000 offline_error=1.626 swarm_count=8
[2026-09-15T09:42:27+00:00] +     8.5s environment_change: case_index=2 evaluations=25000 completed_environment=4 environment_offline_error=0.29402 environment_initial_error=8.1463 environment_final_error=0.0025072 first_evaluation=20001 environment_evaluations=5000 offline_error=1.3596 swarm_count=8
[2026-09-15T09:42:27+00:00] +     8.6s environment_change: case_index=2 evaluations=30000 completed_environment=5 environment_offline_error=0.91086 environment_initial_error=44.614 environment_final_error=0.021313 first_evaluation=25001 environment_evaluations=5000 offline_error=1.2848 swarm_count=8
[2026-09-15T09:42:27+00:00] +     8.7s environment_change: case_index=2 evaluations=35000 completed_environment=6 environment_offline_error=0.33239 environment_initial_error=31.327 environment_final_error=0.0015172 first_evaluation=30001 environment_evaluations=5000 offline_error=1.1488 swarm_count=8
[2026-09-15T09:42:27+00:00] +     8.8s environment_change: case_index=2 evaluations=40000 completed_environment=7 environment_offline_error=1.3514 environment_initial_error=41.89 environment_final_error=0.019534 first_evaluation=35001 environment_evaluations=5000 offline_error=1.1741 swarm_count=9
[2026-09-15T09:42:27+00:00] +     8.9s environment_change: case_index=2 evaluations=45000 completed_environment=8 environment_offline_error=2.7287 environment_initial_error=153.07 environment_final_error=0.31987 first_evaluation=40001 environment_evaluations=5000 offline_error=1.3468 swarm_count=9
[2026-09-15T09:42:28+00:00] +     8.9s environment_change: case_index=2 evaluations=50000 completed_environment=9 environment_offline_error=0.74577 environment_initial_error=37.783 environment_final_error=0.13322 first_evaluation=45001 environment_evaluations=5000 offline_error=1.2867 swarm_count=9
[2026-09-15T09:42:28+00:00] +     9.0s environment_change: case_index=2 evaluations=55000 completed_environment=10 environment_offline_error=0.30196 environment_initial_error=30.627 environment_final_error=0.0033198 first_evaluation=50001 environment_evaluations=5000 offline_error=1.1972 swarm_count=9
[2026-09-15T09:42:28+00:00] +     9.1s environment_change: case_index=2 evaluations=60000 completed_environment=11 environment_offline_error=0.76225 environment_initial_error=21.096 environment_final_error=0.037551 first_evaluation=55001 environment_evaluations=5000 offline_error=1.1609 swarm_count=9
[2026-09-15T09:42:28+00:00] +     9.2s environment_change: case_index=2 evaluations=65000 completed_environment=12 environment_offline_error=0.28144 environment_initial_error=24.087 environment_final_error=0.0019153 first_evaluation=60001 environment_evaluations=5000 offline_error=1.0933 swarm_count=9
[2026-09-15T09:42:28+00:00] +     9.2s environment_change: case_index=2 evaluations=70000 completed_environment=13 environment_offline_error=0.1894 environment_initial_error=25.025 environment_final_error=0.00057306 first_evaluation=65001 environment_evaluations=5000 offline_error=1.0287 swarm_count=9
[2026-09-15T09:42:28+00:00] +     9.3s environment_change: case_index=2 evaluations=75000 completed_environment=14 environment_offline_error=0.51086 environment_initial_error=86.433 environment_final_error=0.14346 first_evaluation=70001 environment_evaluations=5000 offline_error=0.99421 swarm_count=9
[2026-09-15T09:42:28+00:00] +     9.4s environment_change: case_index=2 evaluations=80000 completed_environment=15 environment_offline_error=3.9391 environment_initial_error=12.217 environment_final_error=3.6288 first_evaluation=75001 environment_evaluations=5000 offline_error=1.1783 swarm_count=9
[2026-09-15T09:42:28+00:00] +     9.5s environment_change: case_index=2 evaluations=85000 completed_environment=16 environment_offline_error=0.56127 environment_initial_error=45.624 environment_final_error=0.023073 first_evaluation=80001 environment_evaluations=5000 offline_error=1.142 swarm_count=9
[2026-09-15T09:42:28+00:00] +     9.6s environment_change: case_index=2 evaluations=90000 completed_environment=17 environment_offline_error=0.88697 environment_initial_error=163.38 environment_final_error=0.028004 first_evaluation=85001 environment_evaluations=5000 offline_error=1.1278 swarm_count=9
[2026-09-15T09:42:28+00:00] +     9.7s environment_change: case_index=2 evaluations=95000 completed_environment=18 environment_offline_error=0.5072 environment_initial_error=8.3429 environment_final_error=0.0057422 first_evaluation=90001 environment_evaluations=5000 offline_error=1.0951 swarm_count=9
[2026-09-15T09:42:28+00:00] +     9.8s environment_change: case_index=2 evaluations=100000 completed_environment=19 environment_offline_error=7.58 environment_initial_error=36.955 environment_final_error=0.98125 first_evaluation=95001 environment_evaluations=5000 offline_error=1.4194 swarm_count=9
[2026-09-15T09:42:28+00:00] +     9.8s environment_change: case_index=2 evaluations=105000 completed_environment=20 environment_offline_error=0.73638 environment_initial_error=22.703 environment_final_error=0.024681 first_evaluation=100001 environment_evaluations=5000 offline_error=1.3869 swarm_count=10
[2026-09-15T09:42:28+00:00] +     9.9s environment_change: case_index=2 evaluations=110000 completed_environment=21 environment_offline_error=0.3109 environment_initial_error=24.81 environment_final_error=0.0017494 first_evaluation=105001 environment_evaluations=5000 offline_error=1.338 swarm_count=10
[2026-09-15T09:42:29+00:00] +    10.0s environment_change: case_index=2 evaluations=115000 completed_environment=22 environment_offline_error=0.44038 environment_initial_error=41.805 environment_final_error=0.019837 first_evaluation=110001 environment_evaluations=5000 offline_error=1.2989 swarm_count=10
[2026-09-15T09:42:29+00:00] +    10.1s environment_change: case_index=2 evaluations=120000 completed_environment=23 environment_offline_error=0.55566 environment_initial_error=30.181 environment_final_error=0.0035743 first_evaluation=115001 environment_evaluations=5000 offline_error=1.268 swarm_count=10
[2026-09-15T09:42:29+00:00] +    10.1s environment_change: case_index=2 evaluations=125000 completed_environment=24 environment_offline_error=0.60053 environment_initial_error=19.447 environment_final_error=0.15742 first_evaluation=120001 environment_evaluations=5000 offline_error=1.2413 swarm_count=10
[2026-09-15T09:42:29+00:00] +    10.2s environment_change: case_index=2 evaluations=130000 completed_environment=25 environment_offline_error=0.44474 environment_initial_error=17.926 environment_final_error=0.013583 first_evaluation=125001 environment_evaluations=5000 offline_error=1.2106 swarm_count=10
[2026-09-15T09:42:29+00:00] +    10.3s environment_change: case_index=2 evaluations=135000 completed_environment=26 environment_offline_error=0.86968 environment_initial_error=218.89 environment_final_error=0.0045629 first_evaluation=130001 environment_evaluations=5000 offline_error=1.198 swarm_count=10
[2026-09-15T09:42:29+00:00] +    10.4s environment_change: case_index=2 evaluations=140000 completed_environment=27 environment_offline_error=0.39071 environment_initial_error=12.338 environment_final_error=0.0082957 first_evaluation=135001 environment_evaluations=5000 offline_error=1.1692 swarm_count=10
[2026-09-15T09:42:29+00:00] +    10.4s environment_change: case_index=2 evaluations=145000 completed_environment=28 environment_offline_error=1.1 environment_initial_error=35.907 environment_final_error=0.18741 first_evaluation=140001 environment_evaluations=5000 offline_error=1.1668 swarm_count=10
[2026-09-15T09:42:29+00:00] +    10.5s environment_change: case_index=2 evaluations=150000 completed_environment=29 environment_offline_error=1.0912 environment_initial_error=11.015 environment_final_error=0.020599 first_evaluation=145001 environment_evaluations=5000 offline_error=1.1643 swarm_count=10
[2026-09-15T09:42:29+00:00] +    10.6s environment_change: case_index=2 evaluations=155000 completed_environment=30 environment_offline_error=0.93877 environment_initial_error=19.969 environment_final_error=0.049969 first_evaluation=150001 environment_evaluations=5000 offline_error=1.157 swarm_count=10
[2026-09-15T09:42:29+00:00] +    10.7s environment_change: case_index=2 evaluations=160000 completed_environment=31 environment_offline_error=0.79406 environment_initial_error=3.2478 environment_final_error=0.049062 first_evaluation=155001 environment_evaluations=5000 offline_error=1.1456 swarm_count=10
[2026-09-15T09:42:29+00:00] +    10.8s environment_change: case_index=2 evaluations=165000 completed_environment=32 environment_offline_error=0.93344 environment_initial_error=36.962 environment_final_error=0.029457 first_evaluation=160001 environment_evaluations=5000 offline_error=1.1392 swarm_count=10
[2026-09-15T09:42:29+00:00] +    10.9s environment_change: case_index=2 evaluations=170000 completed_environment=33 environment_offline_error=0.41474 environment_initial_error=15.755 environment_final_error=0.010012 first_evaluation=165001 environment_evaluations=5000 offline_error=1.1179 swarm_count=10
[2026-09-15T09:42:30+00:00] +    11.0s environment_change: case_index=2 evaluations=175000 completed_environment=34 environment_offline_error=0.3798 environment_initial_error=182.89 environment_final_error=0.0076752 first_evaluation=170001 environment_evaluations=5000 offline_error=1.0968 swarm_count=10
[2026-09-15T09:42:30+00:00] +    11.1s environment_change: case_index=2 evaluations=180000 completed_environment=35 environment_offline_error=0.55915 environment_initial_error=30.766 environment_final_error=0.056804 first_evaluation=175001 environment_evaluations=5000 offline_error=1.0819 swarm_count=10
[2026-09-15T09:42:30+00:00] +    11.1s environment_change: case_index=2 evaluations=185000 completed_environment=36 environment_offline_error=0.95917 environment_initial_error=25.294 environment_final_error=0.02692 first_evaluation=180001 environment_evaluations=5000 offline_error=1.0786 swarm_count=10
[2026-09-15T09:42:30+00:00] +    11.2s environment_change: case_index=2 evaluations=190000 completed_environment=37 environment_offline_error=1.0902 environment_initial_error=6.7994 environment_final_error=0.024702 first_evaluation=185001 environment_evaluations=5000 offline_error=1.0789 swarm_count=10
[2026-09-15T09:42:30+00:00] +    11.3s environment_change: case_index=2 evaluations=195000 completed_environment=38 environment_offline_error=0.87627 environment_initial_error=40.114 environment_final_error=0.027602 first_evaluation=190001 environment_evaluations=5000 offline_error=1.0737 swarm_count=10
[2026-09-15T09:42:30+00:00] +    11.3s environment_change: case_index=2 evaluations=200000 completed_environment=39 environment_offline_error=2.4092 environment_initial_error=6.3714 environment_final_error=1.3761 first_evaluation=195001 environment_evaluations=5000 offline_error=1.1071 swarm_count=10
[2026-09-15T09:42:30+00:00] +    11.4s environment_change: case_index=2 evaluations=205000 completed_environment=40 environment_offline_error=0.62963 environment_initial_error=24.425 environment_final_error=0.024344 first_evaluation=200001 environment_evaluations=5000 offline_error=1.0954 swarm_count=10
[2026-09-15T09:42:30+00:00] +    11.5s environment_change: case_index=2 evaluations=210000 completed_environment=41 environment_offline_error=0.48364 environment_initial_error=27.627 environment_final_error=0.00041831 first_evaluation=205001 environment_evaluations=5000 offline_error=1.0809 swarm_count=10
[2026-09-15T09:42:30+00:00] +    11.6s environment_change: case_index=2 evaluations=215000 completed_environment=42 environment_offline_error=0.49043 environment_initial_error=27.489 environment_final_error=0.0069122 first_evaluation=210001 environment_evaluations=5000 offline_error=1.0671 swarm_count=10
[2026-09-15T09:42:30+00:00] +    11.7s environment_change: case_index=2 evaluations=220000 completed_environment=43 environment_offline_error=0.39673 environment_initial_error=15.019 environment_final_error=0.023863 first_evaluation=215001 environment_evaluations=5000 offline_error=1.0519 swarm_count=10
[2026-09-15T09:42:30+00:00] +    11.8s environment_change: case_index=2 evaluations=225000 completed_environment=44 environment_offline_error=0.55268 environment_initial_error=37.677 environment_final_error=0.010854 first_evaluation=220001 environment_evaluations=5000 offline_error=1.0408 swarm_count=10
[2026-09-15T09:42:30+00:00] +    11.9s environment_change: case_index=2 evaluations=230000 completed_environment=45 environment_offline_error=0.47931 environment_initial_error=32.336 environment_final_error=0.0047606 first_evaluation=225001 environment_evaluations=5000 offline_error=1.0286 swarm_count=10
[2026-09-15T09:42:31+00:00] +    11.9s environment_change: case_index=2 evaluations=235000 completed_environment=46 environment_offline_error=0.84557 environment_initial_error=23.384 environment_final_error=0.020459 first_evaluation=230001 environment_evaluations=5000 offline_error=1.0247 swarm_count=10
[2026-09-15T09:42:31+00:00] +    12.0s environment_change: case_index=2 evaluations=240000 completed_environment=47 environment_offline_error=1.1137 environment_initial_error=7.4871 environment_final_error=0.011647 first_evaluation=235001 environment_evaluations=5000 offline_error=1.0265 swarm_count=11
[2026-09-15T09:42:31+00:00] +    12.1s environment_change: case_index=2 evaluations=245000 completed_environment=48 environment_offline_error=0.7291 environment_initial_error=4.7171 environment_final_error=0.043969 first_evaluation=240001 environment_evaluations=5000 offline_error=1.0205 swarm_count=11
[2026-09-15T09:42:31+00:00] +    12.2s environment_change: case_index=2 evaluations=250000 completed_environment=49 environment_offline_error=0.87398 environment_initial_error=25.709 environment_final_error=0.066371 first_evaluation=245001 environment_evaluations=5000 offline_error=1.0175 swarm_count=11
[2026-09-15T09:42:31+00:00] +    12.2s environment_change: case_index=2 evaluations=255000 completed_environment=50 environment_offline_error=0.82303 environment_initial_error=21.897 environment_final_error=0.011676 first_evaluation=250001 environment_evaluations=5000 offline_error=1.0137 swarm_count=11
[2026-09-15T09:42:31+00:00] +    12.3s environment_change: case_index=2 evaluations=260000 completed_environment=51 environment_offline_error=0.70868 environment_initial_error=38.742 environment_final_error=0.051811 first_evaluation=255001 environment_evaluations=5000 offline_error=1.0079 swarm_count=11
[2026-09-15T09:42:31+00:00] +    12.4s environment_change: case_index=2 evaluations=265000 completed_environment=52 environment_offline_error=0.99447 environment_initial_error=12.259 environment_final_error=0.01934 first_evaluation=260001 environment_evaluations=5000 offline_error=1.0076 swarm_count=11
[2026-09-15T09:42:31+00:00] +    12.5s environment_change: case_index=2 evaluations=270000 completed_environment=53 environment_offline_error=1.0933 environment_initial_error=22.853 environment_final_error=0.055163 first_evaluation=265001 environment_evaluations=5000 offline_error=1.0092 swarm_count=11
[2026-09-15T09:42:31+00:00] +    12.6s environment_change: case_index=2 evaluations=275000 completed_environment=54 environment_offline_error=1.3365 environment_initial_error=13.93 environment_final_error=0.45552 first_evaluation=270001 environment_evaluations=5000 offline_error=1.0152 swarm_count=11
[2026-09-15T09:42:31+00:00] +    12.7s environment_change: case_index=2 evaluations=280000 completed_environment=55 environment_offline_error=1.7477 environment_initial_error=19.875 environment_final_error=0.067132 first_evaluation=275001 environment_evaluations=5000 offline_error=1.0282 swarm_count=11
[2026-09-15T09:42:31+00:00] +    12.8s environment_change: case_index=2 evaluations=285000 completed_environment=56 environment_offline_error=1.2638 environment_initial_error=45.044 environment_final_error=0.5815 first_evaluation=280001 environment_evaluations=5000 offline_error=1.0324 swarm_count=11
[2026-09-15T09:42:31+00:00] +    12.8s environment_change: case_index=2 evaluations=290000 completed_environment=57 environment_offline_error=0.54961 environment_initial_error=13.703 environment_final_error=0.023869 first_evaluation=285001 environment_evaluations=5000 offline_error=1.024 swarm_count=11
[2026-09-15T09:42:32+00:00] +    12.9s environment_change: case_index=2 evaluations=295000 completed_environment=58 environment_offline_error=0.54936 environment_initial_error=46.169 environment_final_error=0.0030296 first_evaluation=290001 environment_evaluations=5000 offline_error=1.016 swarm_count=11
[2026-09-15T09:42:32+00:00] +    13.0s environment_change: case_index=2 evaluations=300000 completed_environment=59 environment_offline_error=0.79261 environment_initial_error=7.4583 environment_final_error=0.096377 first_evaluation=295001 environment_evaluations=5000 offline_error=1.0123 swarm_count=11
[2026-09-15T09:42:32+00:00] +    13.1s environment_change: case_index=2 evaluations=305000 completed_environment=60 environment_offline_error=0.74403 environment_initial_error=35.478 environment_final_error=0.05526 first_evaluation=300001 environment_evaluations=5000 offline_error=1.0079 swarm_count=11
[2026-09-15T09:42:32+00:00] +    13.2s environment_change: case_index=2 evaluations=310000 completed_environment=61 environment_offline_error=1.0414 environment_initial_error=23.063 environment_final_error=0.11168 first_evaluation=305001 environment_evaluations=5000 offline_error=1.0084 swarm_count=11
[2026-09-15T09:42:32+00:00] +    13.2s environment_change: case_index=2 evaluations=315000 completed_environment=62 environment_offline_error=0.48872 environment_initial_error=13.506 environment_final_error=0.027469 first_evaluation=310001 environment_evaluations=5000 offline_error=1.0002 swarm_count=11
[2026-09-15T09:42:32+00:00] +    13.3s environment_change: case_index=2 evaluations=320000 completed_environment=63 environment_offline_error=1.0774 environment_initial_error=11.818 environment_final_error=0.072766 first_evaluation=315001 environment_evaluations=5000 offline_error=1.0014 swarm_count=11
[2026-09-15T09:42:32+00:00] +    13.4s environment_change: case_index=2 evaluations=325000 completed_environment=64 environment_offline_error=0.64277 environment_initial_error=25.291 environment_final_error=0.0072645 first_evaluation=320001 environment_evaluations=5000 offline_error=0.99586 swarm_count=11
[2026-09-15T09:42:32+00:00] +    13.5s environment_change: case_index=2 evaluations=330000 completed_environment=65 environment_offline_error=0.46549 environment_initial_error=15.183 environment_final_error=0.011319 first_evaluation=325001 environment_evaluations=5000 offline_error=0.98782 swarm_count=11
[2026-09-15T09:42:32+00:00] +    13.6s environment_change: case_index=2 evaluations=335000 completed_environment=66 environment_offline_error=0.44893 environment_initial_error=33.341 environment_final_error=0.0028966 first_evaluation=330001 environment_evaluations=5000 offline_error=0.97978 swarm_count=11
[2026-09-15T09:42:32+00:00] +    13.6s environment_change: case_index=2 evaluations=340000 completed_environment=67 environment_offline_error=0.36708 environment_initial_error=42.813 environment_final_error=0.01003 first_evaluation=335001 environment_evaluations=5000 offline_error=0.97077 swarm_count=11
[2026-09-15T09:42:32+00:00] +    13.7s environment_change: case_index=2 evaluations=345000 completed_environment=68 environment_offline_error=0.25901 environment_initial_error=5.7193 environment_final_error=0.002016 first_evaluation=340001 environment_evaluations=5000 offline_error=0.96045 swarm_count=11
[2026-09-15T09:42:32+00:00] +    13.8s environment_change: case_index=2 evaluations=350000 completed_environment=69 environment_offline_error=0.64742 environment_initial_error=36.759 environment_final_error=0.019818 first_evaluation=345001 environment_evaluations=5000 offline_error=0.95598 swarm_count=11
[2026-09-15T09:42:32+00:00] +    13.9s environment_change: case_index=2 evaluations=355000 completed_environment=70 environment_offline_error=1.065 environment_initial_error=41.616 environment_final_error=0.037521 first_evaluation=350001 environment_evaluations=5000 offline_error=0.95752 swarm_count=11
[2026-09-15T09:42:33+00:00] +    14.0s environment_change: case_index=2 evaluations=360000 completed_environment=71 environment_offline_error=0.78876 environment_initial_error=94.388 environment_final_error=0.20638 first_evaluation=355001 environment_evaluations=5000 offline_error=0.95517 swarm_count=11
[2026-09-15T09:42:33+00:00] +    14.1s environment_change: case_index=2 evaluations=365000 completed_environment=72 environment_offline_error=0.74016 environment_initial_error=30.136 environment_final_error=0.021809 first_evaluation=360001 environment_evaluations=5000 offline_error=0.95223 swarm_count=11
[2026-09-15T09:42:33+00:00] +    14.1s environment_change: case_index=2 evaluations=370000 completed_environment=73 environment_offline_error=0.85782 environment_initial_error=3.983 environment_final_error=0.017178 first_evaluation=365001 environment_evaluations=5000 offline_error=0.95095 swarm_count=11
[2026-09-15T09:42:33+00:00] +    14.2s environment_change: case_index=2 evaluations=375000 completed_environment=74 environment_offline_error=0.50688 environment_initial_error=18.303 environment_final_error=0.0033173 first_evaluation=370001 environment_evaluations=5000 offline_error=0.94503 swarm_count=11
[2026-09-15T09:42:33+00:00] +    14.3s environment_change: case_index=2 evaluations=380000 completed_environment=75 environment_offline_error=1.4628 environment_initial_error=31.801 environment_final_error=0.022406 first_evaluation=375001 environment_evaluations=5000 offline_error=0.95184 swarm_count=11
[2026-09-15T09:42:33+00:00] +    14.4s environment_change: case_index=2 evaluations=385000 completed_environment=76 environment_offline_error=1.132 environment_initial_error=6.1475 environment_final_error=0.014076 first_evaluation=380001 environment_evaluations=5000 offline_error=0.95418 swarm_count=11
[2026-09-15T09:42:33+00:00] +    14.4s environment_change: case_index=2 evaluations=390000 completed_environment=77 environment_offline_error=0.19644 environment_initial_error=33.988 environment_final_error=0.014224 first_evaluation=385001 environment_evaluations=5000 offline_error=0.94447 swarm_count=11
[2026-09-15T09:42:33+00:00] +    14.5s environment_change: case_index=2 evaluations=395000 completed_environment=78 environment_offline_error=0.51372 environment_initial_error=22.267 environment_final_error=0.0066966 first_evaluation=390001 environment_evaluations=5000 offline_error=0.93902 swarm_count=11
[2026-09-15T09:42:33+00:00] +    14.6s environment_change: case_index=2 evaluations=400000 completed_environment=79 environment_offline_error=0.45217 environment_initial_error=25.451 environment_final_error=0.010642 first_evaluation=395001 environment_evaluations=5000 offline_error=0.93293 swarm_count=11
[2026-09-15T09:42:33+00:00] +    14.7s environment_change: case_index=2 evaluations=405000 completed_environment=80 environment_offline_error=0.40891 environment_initial_error=14.872 environment_final_error=0.026135 first_evaluation=400001 environment_evaluations=5000 offline_error=0.92646 swarm_count=11
[2026-09-15T09:42:33+00:00] +    14.8s environment_change: case_index=2 evaluations=410000 completed_environment=81 environment_offline_error=0.79699 environment_initial_error=38.466 environment_final_error=0.032101 first_evaluation=405001 environment_evaluations=5000 offline_error=0.92488 swarm_count=11
[2026-09-15T09:42:33+00:00] +    14.9s environment_change: case_index=2 evaluations=415000 completed_environment=82 environment_offline_error=0.56955 environment_initial_error=11.231 environment_final_error=0.034067 first_evaluation=410001 environment_evaluations=5000 offline_error=0.9206 swarm_count=11
[2026-09-15T09:42:34+00:00] +    14.9s environment_change: case_index=2 evaluations=420000 completed_environment=83 environment_offline_error=0.25176 environment_initial_error=31.365 environment_final_error=0.0085793 first_evaluation=415001 environment_evaluations=5000 offline_error=0.91264 swarm_count=11
[2026-09-15T09:42:34+00:00] +    15.0s environment_change: case_index=2 evaluations=425000 completed_environment=84 environment_offline_error=0.21048 environment_initial_error=33.39 environment_final_error=0.001424 first_evaluation=420001 environment_evaluations=5000 offline_error=0.90438 swarm_count=11
[2026-09-15T09:42:34+00:00] +    15.1s environment_change: case_index=2 evaluations=430000 completed_environment=85 environment_offline_error=0.71974 environment_initial_error=32.551 environment_final_error=0.062278 first_evaluation=425001 environment_evaluations=5000 offline_error=0.90223 swarm_count=11
[2026-09-15T09:42:34+00:00] +    15.2s environment_change: case_index=2 evaluations=435000 completed_environment=86 environment_offline_error=0.63864 environment_initial_error=23.206 environment_final_error=0.082692 first_evaluation=430001 environment_evaluations=5000 offline_error=0.8992 swarm_count=11
[2026-09-15T09:42:34+00:00] +    15.3s environment_change: case_index=2 evaluations=440000 completed_environment=87 environment_offline_error=0.38313 environment_initial_error=11.022 environment_final_error=0.0034153 first_evaluation=435001 environment_evaluations=5000 offline_error=0.89334 swarm_count=11
[2026-09-15T09:42:34+00:00] +    15.3s environment_change: case_index=2 evaluations=445000 completed_environment=88 environment_offline_error=0.38631 environment_initial_error=143.85 environment_final_error=0.015356 first_evaluation=440001 environment_evaluations=5000 offline_error=0.88764 swarm_count=11
[2026-09-15T09:42:34+00:00] +    15.4s environment_change: case_index=2 evaluations=450000 completed_environment=89 environment_offline_error=0.53708 environment_initial_error=38.789 environment_final_error=0.043951 first_evaluation=445001 environment_evaluations=5000 offline_error=0.88374 swarm_count=11
[2026-09-15T09:42:34+00:00] +    15.5s environment_change: case_index=2 evaluations=455000 completed_environment=90 environment_offline_error=0.44084 environment_initial_error=31.134 environment_final_error=0.034203 first_evaluation=450001 environment_evaluations=5000 offline_error=0.87888 swarm_count=11
[2026-09-15T09:42:34+00:00] +    15.6s environment_change: case_index=2 evaluations=460000 completed_environment=91 environment_offline_error=0.46258 environment_initial_error=39.828 environment_final_error=0.010736 first_evaluation=455001 environment_evaluations=5000 offline_error=0.87435 swarm_count=12
[2026-09-15T09:42:34+00:00] +    15.7s environment_change: case_index=2 evaluations=465000 completed_environment=92 environment_offline_error=0.55646 environment_initial_error=21.371 environment_final_error=0.0047993 first_evaluation=460001 environment_evaluations=5000 offline_error=0.87093 swarm_count=11
[2026-09-15T09:42:34+00:00] +    15.8s environment_change: case_index=2 evaluations=470000 completed_environment=93 environment_offline_error=0.11058 environment_initial_error=40.73 environment_final_error=0.0010929 first_evaluation=465001 environment_evaluations=5000 offline_error=0.86285 swarm_count=11
[2026-09-15T09:42:34+00:00] +    15.9s environment_change: case_index=2 evaluations=475000 completed_environment=94 environment_offline_error=0.78217 environment_initial_error=128.62 environment_final_error=0.01805 first_evaluation=470001 environment_evaluations=5000 offline_error=0.862 swarm_count=11
[2026-09-15T09:42:35+00:00] +    16.0s environment_change: case_index=2 evaluations=480000 completed_environment=95 environment_offline_error=0.58618 environment_initial_error=36.66 environment_final_error=0.042725 first_evaluation=475001 environment_evaluations=5000 offline_error=0.85912 swarm_count=11
[2026-09-15T09:42:35+00:00] +    16.0s environment_change: case_index=2 evaluations=485000 completed_environment=96 environment_offline_error=0.33465 environment_initial_error=10.961 environment_final_error=0.0078896 first_evaluation=480001 environment_evaluations=5000 offline_error=0.85372 swarm_count=11
[2026-09-15T09:42:35+00:00] +    16.1s environment_change: case_index=2 evaluations=490000 completed_environment=97 environment_offline_error=1.4451 environment_initial_error=114.87 environment_final_error=0.074414 first_evaluation=485001 environment_evaluations=5000 offline_error=0.85975 swarm_count=11
[2026-09-15T09:42:35+00:00] +    16.2s environment_change: case_index=2 evaluations=495000 completed_environment=98 environment_offline_error=0.64001 environment_initial_error=23.447 environment_final_error=0.013204 first_evaluation=490001 environment_evaluations=5000 offline_error=0.85753 swarm_count=11
[2026-09-15T09:42:35+00:00] +    16.3s environment_change: case_index=2 evaluations=500000 completed_environment=99 environment_offline_error=0.46925 environment_initial_error=36.761 environment_final_error=0.010497 first_evaluation=495001 environment_evaluations=5000 offline_error=0.85365 swarm_count=11
[2026-09-15T09:42:35+00:00] +    16.3s run_completed: case_index=2 evaluations=500000 offline_error=0.85365 response_count=991 swarm_count=11
[2026-09-15T09:42:35+00:00] +    16.3s case_completed: case=2 offline_error=0.85365 wall_time_s=8.1508 checkpoint=results/reconstruction_v1/case_001.json
[2026-09-15T09:42:35+00:00] +    16.3s case_started: case=3 total_cases=3 environment_seed=303 optimizer_seed=1303
[2026-09-15T09:42:35+00:00] +    16.3s run_started: case_index=3 config={'dimension': 5, 'npeaks': 10, 'period': 5000, 'move_severity': 1.0, 'correlation': 0.0, 'budget': 500000, 'environment_seed': 303, 'optimizer_seed': 1303, 'particles_per_swarm': 5, 'nexcess': 1, 'trace_interval': 500, 'snapshot_interval': 0, 'progress_interval': 5000, 'bounds': [0.0, 100.0], 'height_severity': 7.0, 'width_severity': 1.0, 'chi': 0.729843788, 'c': 2.05} baseline=book_mpsO_5_plus_0 budget=500000
[2026-09-15T09:42:35+00:00] +    16.4s environment_change: case_index=3 evaluations=5000 completed_environment=0 environment_offline_error=1.573 environment_initial_error=124.85 environment_final_error=1.548e-08 first_evaluation=1 environment_evaluations=5000 offline_error=1.573 swarm_count=3
[2026-09-15T09:42:35+00:00] +    16.5s environment_change: case_index=3 evaluations=10000 completed_environment=1 environment_offline_error=18.936 environment_initial_error=28.85 environment_final_error=17.871 first_evaluation=5001 environment_evaluations=5000 offline_error=10.254 swarm_count=4
[2026-09-15T09:42:35+00:00] +    16.6s environment_change: case_index=3 evaluations=15000 completed_environment=2 environment_offline_error=13.679 environment_initial_error=137.66 environment_final_error=13.24 first_evaluation=10001 environment_evaluations=5000 offline_error=11.396 swarm_count=4
[2026-09-15T09:42:35+00:00] +    16.6s environment_change: case_index=3 evaluations=20000 completed_environment=3 environment_offline_error=1.36 environment_initial_error=9.7108 environment_final_error=1.2678 first_evaluation=15001 environment_evaluations=5000 offline_error=8.8869 swarm_count=4
[2026-09-15T09:42:35+00:00] +    16.7s environment_change: case_index=3 evaluations=25000 completed_environment=4 environment_offline_error=6.2375 environment_initial_error=19.173 environment_final_error=5.9976 first_evaluation=20001 environment_evaluations=5000 offline_error=8.357 swarm_count=5
[2026-09-15T09:42:35+00:00] +    16.8s environment_change: case_index=3 evaluations=30000 completed_environment=5 environment_offline_error=3.6443 environment_initial_error=11.074 environment_final_error=2.9982 first_evaluation=25001 environment_evaluations=5000 offline_error=7.5716 swarm_count=5
[2026-09-15T09:42:35+00:00] +    16.9s environment_change: case_index=3 evaluations=35000 completed_environment=6 environment_offline_error=0.27359 environment_initial_error=27.104 environment_final_error=0.00032016 first_evaluation=30001 environment_evaluations=5000 offline_error=6.529 swarm_count=6
[2026-09-15T09:42:36+00:00] +    17.0s environment_change: case_index=3 evaluations=40000 completed_environment=7 environment_offline_error=0.23954 environment_initial_error=18.247 environment_final_error=5.1614e-05 first_evaluation=35001 environment_evaluations=5000 offline_error=5.7428 swarm_count=6
[2026-09-15T09:42:36+00:00] +    17.0s environment_change: case_index=3 evaluations=45000 completed_environment=8 environment_offline_error=8.3317 environment_initial_error=25.379 environment_final_error=8.1979 first_evaluation=40001 environment_evaluations=5000 offline_error=6.0305 swarm_count=6
[2026-09-15T09:42:36+00:00] +    17.1s environment_change: case_index=3 evaluations=50000 completed_environment=9 environment_offline_error=11.044 environment_initial_error=37.433 environment_final_error=10.951 first_evaluation=45001 environment_evaluations=5000 offline_error=6.5319 swarm_count=6
[2026-09-15T09:42:36+00:00] +    17.2s environment_change: case_index=3 evaluations=55000 completed_environment=10 environment_offline_error=13.35 environment_initial_error=29.119 environment_final_error=13.005 first_evaluation=50001 environment_evaluations=5000 offline_error=7.1517 swarm_count=6
[2026-09-15T09:42:36+00:00] +    17.3s environment_change: case_index=3 evaluations=60000 completed_environment=11 environment_offline_error=4.7891 environment_initial_error=21.914 environment_final_error=4.3806 first_evaluation=55001 environment_evaluations=5000 offline_error=6.9548 swarm_count=6
[2026-09-15T09:42:36+00:00] +    17.3s environment_change: case_index=3 evaluations=65000 completed_environment=12 environment_offline_error=5.1484 environment_initial_error=29.111 environment_final_error=0.92074 first_evaluation=60001 environment_evaluations=5000 offline_error=6.8159 swarm_count=7
[2026-09-15T09:42:36+00:00] +    17.4s environment_change: case_index=3 evaluations=70000 completed_environment=13 environment_offline_error=0.59448 environment_initial_error=39.791 environment_final_error=0.011973 first_evaluation=65001 environment_evaluations=5000 offline_error=6.3715 swarm_count=8
[2026-09-15T09:42:36+00:00] +    17.5s environment_change: case_index=3 evaluations=75000 completed_environment=14 environment_offline_error=0.71115 environment_initial_error=32.517 environment_final_error=0.0033103 first_evaluation=70001 environment_evaluations=5000 offline_error=5.9941 swarm_count=8
[2026-09-15T09:42:36+00:00] +    17.6s environment_change: case_index=3 evaluations=80000 completed_environment=15 environment_offline_error=0.76202 environment_initial_error=19.012 environment_final_error=0.0043274 first_evaluation=75001 environment_evaluations=5000 offline_error=5.6671 swarm_count=8
[2026-09-15T09:42:36+00:00] +    17.7s environment_change: case_index=3 evaluations=85000 completed_environment=16 environment_offline_error=0.34925 environment_initial_error=38.606 environment_final_error=0.0041416 first_evaluation=80001 environment_evaluations=5000 offline_error=5.3543 swarm_count=8
[2026-09-15T09:42:36+00:00] +    17.7s environment_change: case_index=3 evaluations=90000 completed_environment=17 environment_offline_error=0.69202 environment_initial_error=37.424 environment_final_error=0.0031406 first_evaluation=85001 environment_evaluations=5000 offline_error=5.0953 swarm_count=8
[2026-09-15T09:42:36+00:00] +    17.8s environment_change: case_index=3 evaluations=95000 completed_environment=18 environment_offline_error=0.73478 environment_initial_error=15.099 environment_final_error=0.0092525 first_evaluation=90001 environment_evaluations=5000 offline_error=4.8658 swarm_count=8
[2026-09-15T09:42:37+00:00] +    17.9s environment_change: case_index=3 evaluations=100000 completed_environment=19 environment_offline_error=0.76311 environment_initial_error=11.25 environment_final_error=0.13196 first_evaluation=95001 environment_evaluations=5000 offline_error=4.6607 swarm_count=9
[2026-09-15T09:42:37+00:00] +    18.0s environment_change: case_index=3 evaluations=105000 completed_environment=20 environment_offline_error=1.1465 environment_initial_error=37.88 environment_final_error=0.015473 first_evaluation=100001 environment_evaluations=5000 offline_error=4.4933 swarm_count=9
[2026-09-15T09:42:37+00:00] +    18.1s environment_change: case_index=3 evaluations=110000 completed_environment=21 environment_offline_error=0.86868 environment_initial_error=320.24 environment_final_error=0.035809 first_evaluation=105001 environment_evaluations=5000 offline_error=4.3286 swarm_count=9
[2026-09-15T09:42:37+00:00] +    18.1s environment_change: case_index=3 evaluations=115000 completed_environment=22 environment_offline_error=0.8898 environment_initial_error=240.22 environment_final_error=0.0044699 first_evaluation=110001 environment_evaluations=5000 offline_error=4.179 swarm_count=9
[2026-09-15T09:42:37+00:00] +    18.2s environment_change: case_index=3 evaluations=120000 completed_environment=23 environment_offline_error=1.2942 environment_initial_error=17.473 environment_final_error=0.0058138 first_evaluation=115001 environment_evaluations=5000 offline_error=4.0588 swarm_count=9
[2026-09-15T09:42:37+00:00] +    18.3s environment_change: case_index=3 evaluations=125000 completed_environment=24 environment_offline_error=1.4255 environment_initial_error=359.66 environment_final_error=0.015259 first_evaluation=120001 environment_evaluations=5000 offline_error=3.9535 swarm_count=9
[2026-09-15T09:42:37+00:00] +    18.4s environment_change: case_index=3 evaluations=130000 completed_environment=25 environment_offline_error=1.3459 environment_initial_error=23.364 environment_final_error=0.0094013 first_evaluation=125001 environment_evaluations=5000 offline_error=3.8532 swarm_count=9
[2026-09-15T09:42:37+00:00] +    18.5s environment_change: case_index=3 evaluations=135000 completed_environment=26 environment_offline_error=2.4031 environment_initial_error=24.165 environment_final_error=0.54058 first_evaluation=130001 environment_evaluations=5000 offline_error=3.7995 swarm_count=9
[2026-09-15T09:42:37+00:00] +    18.7s environment_change: case_index=3 evaluations=140000 completed_environment=27 environment_offline_error=1.0419 environment_initial_error=25.984 environment_final_error=0.011093 first_evaluation=135001 environment_evaluations=5000 offline_error=3.701 swarm_count=9
[2026-09-15T09:42:37+00:00] +    18.8s environment_change: case_index=3 evaluations=145000 completed_environment=28 environment_offline_error=0.86172 environment_initial_error=441.18 environment_final_error=0.0096001 first_evaluation=140001 environment_evaluations=5000 offline_error=3.6031 swarm_count=10
[2026-09-15T09:42:37+00:00] +    18.9s environment_change: case_index=3 evaluations=150000 completed_environment=29 environment_offline_error=0.91553 environment_initial_error=9.3028 environment_final_error=0.012345 first_evaluation=145001 environment_evaluations=5000 offline_error=3.5135 swarm_count=11
[2026-09-15T09:42:38+00:00] +    19.0s environment_change: case_index=3 evaluations=155000 completed_environment=30 environment_offline_error=0.63926 environment_initial_error=20.006 environment_final_error=0.0037776 first_evaluation=150001 environment_evaluations=5000 offline_error=3.4208 swarm_count=11
[2026-09-15T09:42:38+00:00] +    19.0s environment_change: case_index=3 evaluations=160000 completed_environment=31 environment_offline_error=0.80239 environment_initial_error=42.867 environment_final_error=0.055563 first_evaluation=155001 environment_evaluations=5000 offline_error=3.339 swarm_count=11
[2026-09-15T09:42:38+00:00] +    19.1s environment_change: case_index=3 evaluations=165000 completed_environment=32 environment_offline_error=0.648 environment_initial_error=19.211 environment_final_error=0.012821 first_evaluation=160001 environment_evaluations=5000 offline_error=3.2574 swarm_count=11
[2026-09-15T09:42:38+00:00] +    19.2s environment_change: case_index=3 evaluations=170000 completed_environment=33 environment_offline_error=0.93026 environment_initial_error=39.72 environment_final_error=0.18033 first_evaluation=165001 environment_evaluations=5000 offline_error=3.189 swarm_count=11
[2026-09-15T09:42:38+00:00] +    19.3s environment_change: case_index=3 evaluations=175000 completed_environment=34 environment_offline_error=1.013 environment_initial_error=5.4519 environment_final_error=0.080746 first_evaluation=170001 environment_evaluations=5000 offline_error=3.1268 swarm_count=11
[2026-09-15T09:42:38+00:00] +    19.3s environment_change: case_index=3 evaluations=180000 completed_environment=35 environment_offline_error=1.1604 environment_initial_error=26.971 environment_final_error=0.036612 first_evaluation=175001 environment_evaluations=5000 offline_error=3.0722 swarm_count=11
[2026-09-15T09:42:38+00:00] +    19.4s environment_change: case_index=3 evaluations=185000 completed_environment=36 environment_offline_error=1.3675 environment_initial_error=19.64 environment_final_error=0.016653 first_evaluation=180001 environment_evaluations=5000 offline_error=3.0261 swarm_count=11
[2026-09-15T09:42:38+00:00] +    19.5s environment_change: case_index=3 evaluations=190000 completed_environment=37 environment_offline_error=0.89136 environment_initial_error=13.501 environment_final_error=0.0298 first_evaluation=185001 environment_evaluations=5000 offline_error=2.9699 swarm_count=11
[2026-09-15T09:42:38+00:00] +    19.6s environment_change: case_index=3 evaluations=195000 completed_environment=38 environment_offline_error=0.89341 environment_initial_error=48.283 environment_final_error=0.081166 first_evaluation=190001 environment_evaluations=5000 offline_error=2.9167 swarm_count=11
[2026-09-15T09:42:38+00:00] +    19.6s environment_change: case_index=3 evaluations=200000 completed_environment=39 environment_offline_error=0.96961 environment_initial_error=37.227 environment_final_error=0.0070267 first_evaluation=195001 environment_evaluations=5000 offline_error=2.868 swarm_count=11
[2026-09-15T09:42:38+00:00] +    19.7s environment_change: case_index=3 evaluations=205000 completed_environment=40 environment_offline_error=1.5276 environment_initial_error=14.924 environment_final_error=0.03399 first_evaluation=200001 environment_evaluations=5000 offline_error=2.8353 swarm_count=11
[2026-09-15T09:42:38+00:00] +    19.8s environment_change: case_index=3 evaluations=210000 completed_environment=41 environment_offline_error=0.61116 environment_initial_error=346.84 environment_final_error=0.044461 first_evaluation=205001 environment_evaluations=5000 offline_error=2.7824 swarm_count=11
[2026-09-15T09:42:39+00:00] +    19.9s environment_change: case_index=3 evaluations=215000 completed_environment=42 environment_offline_error=1.7339 environment_initial_error=9.3159 environment_final_error=0.84438 first_evaluation=210001 environment_evaluations=5000 offline_error=2.758 swarm_count=11
[2026-09-15T09:42:39+00:00] +    20.0s environment_change: case_index=3 evaluations=220000 completed_environment=43 environment_offline_error=1.3198 environment_initial_error=24.467 environment_final_error=0.0039605 first_evaluation=215001 environment_evaluations=5000 offline_error=2.7253 swarm_count=11
[2026-09-15T09:42:39+00:00] +    20.1s environment_change: case_index=3 evaluations=225000 completed_environment=44 environment_offline_error=1.3401 environment_initial_error=31.04 environment_final_error=0.023747 first_evaluation=220001 environment_evaluations=5000 offline_error=2.6945 swarm_count=11
[2026-09-15T09:42:39+00:00] +    20.2s environment_change: case_index=3 evaluations=230000 completed_environment=45 environment_offline_error=1.4463 environment_initial_error=47.855 environment_final_error=0.028151 first_evaluation=225001 environment_evaluations=5000 offline_error=2.6674 swarm_count=11
[2026-09-15T09:42:39+00:00] +    20.2s environment_change: case_index=3 evaluations=235000 completed_environment=46 environment_offline_error=0.73001 environment_initial_error=11.925 environment_final_error=0.031882 first_evaluation=230001 environment_evaluations=5000 offline_error=2.6262 swarm_count=11
[2026-09-15T09:42:39+00:00] +    20.3s environment_change: case_index=3 evaluations=240000 completed_environment=47 environment_offline_error=1.2483 environment_initial_error=104.78 environment_final_error=0.076641 first_evaluation=235001 environment_evaluations=5000 offline_error=2.5975 swarm_count=11
[2026-09-15T09:42:39+00:00] +    20.4s environment_change: case_index=3 evaluations=245000 completed_environment=48 environment_offline_error=0.1697 environment_initial_error=35.037 environment_final_error=0.0052487 first_evaluation=240001 environment_evaluations=5000 offline_error=2.5479 swarm_count=11
[2026-09-15T09:42:39+00:00] +    20.5s environment_change: case_index=3 evaluations=250000 completed_environment=49 environment_offline_error=1.8668 environment_initial_error=19.446 environment_final_error=0.0084408 first_evaluation=245001 environment_evaluations=5000 offline_error=2.5343 swarm_count=11
[2026-09-15T09:42:39+00:00] +    20.6s environment_change: case_index=3 evaluations=255000 completed_environment=50 environment_offline_error=0.35115 environment_initial_error=35.068 environment_final_error=0.0059646 first_evaluation=250001 environment_evaluations=5000 offline_error=2.4915 swarm_count=11
[2026-09-15T09:42:39+00:00] +    20.6s environment_change: case_index=3 evaluations=260000 completed_environment=51 environment_offline_error=1.4023 environment_initial_error=47.128 environment_final_error=0.027824 first_evaluation=255001 environment_evaluations=5000 offline_error=2.4705 swarm_count=11
[2026-09-15T09:42:39+00:00] +    20.7s environment_change: case_index=3 evaluations=265000 completed_environment=52 environment_offline_error=0.9358 environment_initial_error=11.984 environment_final_error=0.05314 first_evaluation=260001 environment_evaluations=5000 offline_error=2.4416 swarm_count=11
[2026-09-15T09:42:39+00:00] +    20.8s environment_change: case_index=3 evaluations=270000 completed_environment=53 environment_offline_error=1.9496 environment_initial_error=15.21 environment_final_error=0.042843 first_evaluation=265001 environment_evaluations=5000 offline_error=2.4325 swarm_count=11
[2026-09-15T09:42:39+00:00] +    20.9s environment_change: case_index=3 evaluations=275000 completed_environment=54 environment_offline_error=1.7064 environment_initial_error=21.759 environment_final_error=0.02762 first_evaluation=270001 environment_evaluations=5000 offline_error=2.4193 swarm_count=11
[2026-09-15T09:42:40+00:00] +    21.0s environment_change: case_index=3 evaluations=280000 completed_environment=55 environment_offline_error=0.88936 environment_initial_error=13.052 environment_final_error=0.01671 first_evaluation=275001 environment_evaluations=5000 offline_error=2.392 swarm_count=11
[2026-09-15T09:42:40+00:00] +    21.1s environment_change: case_index=3 evaluations=285000 completed_environment=56 environment_offline_error=1.4984 environment_initial_error=43.688 environment_final_error=0.047618 first_evaluation=280001 environment_evaluations=5000 offline_error=2.3763 swarm_count=11
[2026-09-15T09:42:40+00:00] +    21.2s environment_change: case_index=3 evaluations=290000 completed_environment=57 environment_offline_error=2.9828 environment_initial_error=29.758 environment_final_error=0.083037 first_evaluation=285001 environment_evaluations=5000 offline_error=2.3867 swarm_count=11
[2026-09-15T09:42:40+00:00] +    21.2s environment_change: case_index=3 evaluations=295000 completed_environment=58 environment_offline_error=1.1343 environment_initial_error=17.103 environment_final_error=0.029473 first_evaluation=290001 environment_evaluations=5000 offline_error=2.3655 swarm_count=11
[2026-09-15T09:42:40+00:00] +    21.3s environment_change: case_index=3 evaluations=300000 completed_environment=59 environment_offline_error=2.2502 environment_initial_error=48.884 environment_final_error=0.036245 first_evaluation=295001 environment_evaluations=5000 offline_error=2.3636 swarm_count=11
[2026-09-15T09:42:40+00:00] +    21.4s environment_change: case_index=3 evaluations=305000 completed_environment=60 environment_offline_error=1.8133 environment_initial_error=30.529 environment_final_error=0.092968 first_evaluation=300001 environment_evaluations=5000 offline_error=2.3546 swarm_count=11
[2026-09-15T09:42:40+00:00] +    21.5s environment_change: case_index=3 evaluations=310000 completed_environment=61 environment_offline_error=0.97172 environment_initial_error=9.4708 environment_final_error=0.024826 first_evaluation=305001 environment_evaluations=5000 offline_error=2.3323 swarm_count=11
[2026-09-15T09:42:40+00:00] +    21.6s environment_change: case_index=3 evaluations=315000 completed_environment=62 environment_offline_error=0.83814 environment_initial_error=23.969 environment_final_error=0.056264 first_evaluation=310001 environment_evaluations=5000 offline_error=2.3085 swarm_count=11
[2026-09-15T09:42:40+00:00] +    21.6s environment_change: case_index=3 evaluations=320000 completed_environment=63 environment_offline_error=0.71408 environment_initial_error=34.835 environment_final_error=0.015109 first_evaluation=315001 environment_evaluations=5000 offline_error=2.2836 swarm_count=11
[2026-09-15T09:42:40+00:00] +    21.7s environment_change: case_index=3 evaluations=325000 completed_environment=64 environment_offline_error=1.7936 environment_initial_error=31.89 environment_final_error=0.064885 first_evaluation=320001 environment_evaluations=5000 offline_error=2.2761 swarm_count=11
[2026-09-15T09:42:40+00:00] +    21.8s environment_change: case_index=3 evaluations=330000 completed_environment=65 environment_offline_error=1.3895 environment_initial_error=16.707 environment_final_error=0.015583 first_evaluation=325001 environment_evaluations=5000 offline_error=2.2627 swarm_count=11
[2026-09-15T09:42:40+00:00] +    21.9s environment_change: case_index=3 evaluations=335000 completed_environment=66 environment_offline_error=2.3641 environment_initial_error=36.693 environment_final_error=0.22009 first_evaluation=330001 environment_evaluations=5000 offline_error=2.2642 swarm_count=11
[2026-09-15T09:42:41+00:00] +    22.0s environment_change: case_index=3 evaluations=340000 completed_environment=67 environment_offline_error=0.61448 environment_initial_error=12.47 environment_final_error=0.015286 first_evaluation=335001 environment_evaluations=5000 offline_error=2.2399 swarm_count=11
[2026-09-15T09:42:41+00:00] +    22.1s environment_change: case_index=3 evaluations=345000 completed_environment=68 environment_offline_error=1.4487 environment_initial_error=28.148 environment_final_error=0.017411 first_evaluation=340001 environment_evaluations=5000 offline_error=2.2284 swarm_count=11
[2026-09-15T09:42:41+00:00] +    22.1s environment_change: case_index=3 evaluations=350000 completed_environment=69 environment_offline_error=1.1864 environment_initial_error=15.512 environment_final_error=0.020306 first_evaluation=345001 environment_evaluations=5000 offline_error=2.2136 swarm_count=11
[2026-09-15T09:42:41+00:00] +    22.2s environment_change: case_index=3 evaluations=355000 completed_environment=70 environment_offline_error=0.76842 environment_initial_error=186.94 environment_final_error=0.008515 first_evaluation=350001 environment_evaluations=5000 offline_error=2.1932 swarm_count=11
[2026-09-15T09:42:41+00:00] +    22.3s environment_change: case_index=3 evaluations=360000 completed_environment=71 environment_offline_error=0.33334 environment_initial_error=27.32 environment_final_error=0.0047558 first_evaluation=355001 environment_evaluations=5000 offline_error=2.1674 swarm_count=11
[2026-09-15T09:42:41+00:00] +    22.4s environment_change: case_index=3 evaluations=365000 completed_environment=72 environment_offline_error=2.2314 environment_initial_error=9.9405 environment_final_error=0.15691 first_evaluation=360001 environment_evaluations=5000 offline_error=2.1683 swarm_count=11
[2026-09-15T09:42:41+00:00] +    22.4s environment_change: case_index=3 evaluations=370000 completed_environment=73 environment_offline_error=0.32928 environment_initial_error=3.635 environment_final_error=0.0071475 first_evaluation=365001 environment_evaluations=5000 offline_error=2.1434 swarm_count=11
[2026-09-15T09:42:41+00:00] +    22.5s environment_change: case_index=3 evaluations=375000 completed_environment=74 environment_offline_error=3.0931 environment_initial_error=7.2203 environment_final_error=0.46124 first_evaluation=370001 environment_evaluations=5000 offline_error=2.1561 swarm_count=11
[2026-09-15T09:42:41+00:00] +    22.6s environment_change: case_index=3 evaluations=380000 completed_environment=75 environment_offline_error=1.3372 environment_initial_error=9.0717 environment_final_error=0.11659 first_evaluation=375001 environment_evaluations=5000 offline_error=2.1453 swarm_count=11
[2026-09-15T09:42:41+00:00] +    22.7s environment_change: case_index=3 evaluations=385000 completed_environment=76 environment_offline_error=0.58753 environment_initial_error=52.571 environment_final_error=0.013413 first_evaluation=380001 environment_evaluations=5000 offline_error=2.1251 swarm_count=11
[2026-09-15T09:42:41+00:00] +    22.7s environment_change: case_index=3 evaluations=390000 completed_environment=77 environment_offline_error=0.67063 environment_initial_error=74.687 environment_final_error=0.0054334 first_evaluation=385001 environment_evaluations=5000 offline_error=2.1064 swarm_count=11
[2026-09-15T09:42:41+00:00] +    22.8s environment_change: case_index=3 evaluations=395000 completed_environment=78 environment_offline_error=0.69054 environment_initial_error=157.92 environment_final_error=0.015809 first_evaluation=390001 environment_evaluations=5000 offline_error=2.0885 swarm_count=11
[2026-09-15T09:42:41+00:00] +    22.9s environment_change: case_index=3 evaluations=400000 completed_environment=79 environment_offline_error=2.8775 environment_initial_error=6.5279 environment_final_error=0.10538 first_evaluation=395001 environment_evaluations=5000 offline_error=2.0984 swarm_count=11
[2026-09-15T09:42:42+00:00] +    23.0s environment_change: case_index=3 evaluations=405000 completed_environment=80 environment_offline_error=1.0538 environment_initial_error=100.29 environment_final_error=0.0088661 first_evaluation=400001 environment_evaluations=5000 offline_error=2.0855 swarm_count=11
[2026-09-15T09:42:42+00:00] +    23.1s environment_change: case_index=3 evaluations=410000 completed_environment=81 environment_offline_error=0.32382 environment_initial_error=26.57 environment_final_error=0.0028942 first_evaluation=405001 environment_evaluations=5000 offline_error=2.064 swarm_count=11
[2026-09-15T09:42:42+00:00] +    23.2s environment_change: case_index=3 evaluations=415000 completed_environment=82 environment_offline_error=0.29253 environment_initial_error=6.2502 environment_final_error=0.013131 first_evaluation=410001 environment_evaluations=5000 offline_error=2.0426 swarm_count=11
[2026-09-15T09:42:42+00:00] +    23.2s environment_change: case_index=3 evaluations=420000 completed_environment=83 environment_offline_error=0.37621 environment_initial_error=40.871 environment_final_error=0.026911 first_evaluation=415001 environment_evaluations=5000 offline_error=2.0228 swarm_count=11
[2026-09-15T09:42:42+00:00] +    23.3s environment_change: case_index=3 evaluations=425000 completed_environment=84 environment_offline_error=0.63684 environment_initial_error=222.36 environment_final_error=0.0077111 first_evaluation=420001 environment_evaluations=5000 offline_error=2.0065 swarm_count=11
[2026-09-15T09:42:42+00:00] +    23.4s environment_change: case_index=3 evaluations=430000 completed_environment=85 environment_offline_error=0.71734 environment_initial_error=273.85 environment_final_error=0.016442 first_evaluation=425001 environment_evaluations=5000 offline_error=1.9915 swarm_count=11
[2026-09-15T09:42:42+00:00] +    23.6s environment_change: case_index=3 evaluations=435000 completed_environment=86 environment_offline_error=0.42155 environment_initial_error=15.746 environment_final_error=0.0063511 first_evaluation=430001 environment_evaluations=5000 offline_error=1.9735 swarm_count=11
[2026-09-15T09:42:42+00:00] +    23.7s environment_change: case_index=3 evaluations=440000 completed_environment=87 environment_offline_error=0.27658 environment_initial_error=11.155 environment_final_error=0.026922 first_evaluation=435001 environment_evaluations=5000 offline_error=1.9542 swarm_count=11
[2026-09-15T09:42:42+00:00] +    23.8s environment_change: case_index=3 evaluations=445000 completed_environment=88 environment_offline_error=0.18667 environment_initial_error=16.261 environment_final_error=0.0010194 first_evaluation=440001 environment_evaluations=5000 offline_error=1.9343 swarm_count=11
[2026-09-15T09:42:42+00:00] +    23.9s environment_change: case_index=3 evaluations=450000 completed_environment=89 environment_offline_error=0.88394 environment_initial_error=28.873 environment_final_error=0.005905 first_evaluation=445001 environment_evaluations=5000 offline_error=1.9226 swarm_count=11
[2026-09-15T09:42:43+00:00] +    23.9s environment_change: case_index=3 evaluations=455000 completed_environment=90 environment_offline_error=1.0288 environment_initial_error=30.787 environment_final_error=0.012178 first_evaluation=450001 environment_evaluations=5000 offline_error=1.9128 swarm_count=11
[2026-09-15T09:42:43+00:00] +    24.0s environment_change: case_index=3 evaluations=460000 completed_environment=91 environment_offline_error=0.76784 environment_initial_error=31.362 environment_final_error=0.031332 first_evaluation=455001 environment_evaluations=5000 offline_error=1.9004 swarm_count=11
[2026-09-15T09:42:43+00:00] +    24.1s environment_change: case_index=3 evaluations=465000 completed_environment=92 environment_offline_error=1.3046 environment_initial_error=15.847 environment_final_error=0.063973 first_evaluation=460001 environment_evaluations=5000 offline_error=1.894 swarm_count=11
[2026-09-15T09:42:43+00:00] +    24.2s environment_change: case_index=3 evaluations=470000 completed_environment=93 environment_offline_error=0.83083 environment_initial_error=25.846 environment_final_error=0.0060865 first_evaluation=465001 environment_evaluations=5000 offline_error=1.8827 swarm_count=11
[2026-09-15T09:42:43+00:00] +    24.3s environment_change: case_index=3 evaluations=475000 completed_environment=94 environment_offline_error=0.82046 environment_initial_error=27.692 environment_final_error=0.080047 first_evaluation=470001 environment_evaluations=5000 offline_error=1.8715 swarm_count=11
[2026-09-15T09:42:43+00:00] +    24.3s environment_change: case_index=3 evaluations=480000 completed_environment=95 environment_offline_error=0.76915 environment_initial_error=31.719 environment_final_error=0.006064 first_evaluation=475001 environment_evaluations=5000 offline_error=1.86 swarm_count=11
[2026-09-15T09:42:43+00:00] +    24.4s environment_change: case_index=3 evaluations=485000 completed_environment=96 environment_offline_error=0.39873 environment_initial_error=9.5202 environment_final_error=0.0066096 first_evaluation=480001 environment_evaluations=5000 offline_error=1.8449 swarm_count=11
[2026-09-15T09:42:43+00:00] +    24.5s environment_change: case_index=3 evaluations=490000 completed_environment=97 environment_offline_error=1.471 environment_initial_error=44.208 environment_final_error=0.09517 first_evaluation=485001 environment_evaluations=5000 offline_error=1.8411 swarm_count=11
[2026-09-15T09:42:43+00:00] +    24.6s environment_change: case_index=3 evaluations=495000 completed_environment=98 environment_offline_error=1.6948 environment_initial_error=7.7685 environment_final_error=0.99863 first_evaluation=490001 environment_evaluations=5000 offline_error=1.8396 swarm_count=11
[2026-09-15T09:42:43+00:00] +    24.6s environment_change: case_index=3 evaluations=500000 completed_environment=99 environment_offline_error=1.7212 environment_initial_error=16.723 environment_final_error=0.13796 first_evaluation=495001 environment_evaluations=5000 offline_error=1.8384 swarm_count=11
[2026-09-15T09:42:43+00:00] +    24.6s run_completed: case_index=3 evaluations=500000 offline_error=1.8384 response_count=965 swarm_count=11
[2026-09-15T09:42:43+00:00] +    24.7s case_completed: case=3 offline_error=1.8384 wall_time_s=8.3126 checkpoint=results/reconstruction_v1/case_002.json
[2026-09-15T09:42:43+00:00] +    24.7s study_completed: study=book_mpsO_5neutral_reconstruction_v1 status=completed case_count=3 mean_offline_error=1.7024 sd_offline_error=0.78963 offline_errors=[2.4152457421111277, 0.8536489182034448, 1.838447288143174] model_calls=0 note=Baseline reconstruction; no evolutionary improvement is claimed.
