[2026-09-16T03:38:26+00:00] +     0.0s study_registered: searches=[{'search_index': 0, 'run': '/home/roland/actir/shinka-adaptive-swarms/results/joint_relocation_v3/evolution/search_0_seed_610001', 'search_seed': 610001}, {'search_index': 1, 'run': '/home/roland/actir/shinka-adaptive-swarms/results/joint_relocation_v3/evolution/search_1_seed_610002', 'search_seed': 610002}, {'search_index': 2, 'run': '/home/roland/actir/shinka-adaptive-swarms/results/joint_relocation_v3/evolution/search_2_seed_610003', 'search_seed': 610003}] signature=c71b38f1bb5746c49a64b04ae5cbf41415e6bb01933419e1d499fc42bfeec1b3 message=Prospective identities, controls and analysis recorded before research outcomes.
[2026-09-16T07:51:40+00:00] +     0.0s shortlists_frozen: unique_programs=9 per_search=[3, 3, 3]
[2026-09-16T08:35:47+00:00] +     0.0s selection_and_controls_frozen: overall=winner_search_2 selected_fixed=fixed_k5_r1 means={'winner_search_0': 3.341949643402311, 'winner_search_1': 3.393933871213411, 'winner_search_2': 3.305093565645893}
[2026-09-16T08:40:50+00:00] +     0.0s final_seed_inventory_started: roots=['configs', 'results', 'artifacts']
[2026-09-16T08:40:52+00:00] +     2.0s seed_inventory_progress: files=250 reserved_seeds=292
[2026-09-16T08:40:54+00:00] +     3.6s seed_inventory_progress: files=500 reserved_seeds=292
[2026-09-16T08:40:58+00:00] +     7.0s seed_inventory_progress: files=750 reserved_seeds=292
[2026-09-16T08:41:00+00:00] +     8.9s seed_inventory_progress: files=1000 reserved_seeds=292
[2026-09-16T08:41:03+00:00] +    11.3s seed_inventory_progress: files=1250 reserved_seeds=292
[2026-09-16T08:41:07+00:00] +    15.3s seed_inventory_progress: files=1500 reserved_seeds=292
[2026-09-16T08:41:09+00:00] +    17.2s seed_inventory_progress: files=1750 reserved_seeds=292
[2026-09-16T08:41:11+00:00] +    19.4s seed_inventory_progress: files=2000 reserved_seeds=292
[2026-09-16T08:41:13+00:00] +    22.0s seed_inventory_progress: files=2250 reserved_seeds=292
[2026-09-16T08:41:15+00:00] +    23.9s seed_inventory_progress: files=2500 reserved_seeds=302
[2026-09-16T08:41:18+00:00] +    26.3s seed_inventory_progress: files=2750 reserved_seeds=302
[2026-09-16T08:41:20+00:00] +    29.1s seed_inventory_progress: files=3000 reserved_seeds=302
[2026-09-16T08:41:23+00:00] +    31.9s seed_inventory_progress: files=3250 reserved_seeds=302
[2026-09-16T08:41:26+00:00] +    34.3s seed_inventory_progress: files=3500 reserved_seeds=302
[2026-09-16T08:41:29+00:00] +    37.3s seed_inventory_progress: files=3750 reserved_seeds=302
[2026-09-16T08:41:32+00:00] +    39.4s seed_inventory_progress: files=4000 reserved_seeds=344
[2026-09-16T08:41:35+00:00] +    42.1s seed_inventory_progress: files=4250 reserved_seeds=345
[2026-09-16T08:41:36+00:00] +    43.0s seed_inventory_progress: files=4500 reserved_seeds=345
[2026-09-16T08:41:37+00:00] +    44.9s seed_inventory_progress: files=4750 reserved_seeds=346
[2026-09-16T08:41:39+00:00] +    46.8s seed_inventory_progress: files=5000 reserved_seeds=346
[2026-09-16T08:41:42+00:00] +    49.5s seed_inventory_progress: files=5250 reserved_seeds=346
[2026-09-16T08:41:43+00:00] +    50.7s final_cases_generated: cases=80 unique_new_seed_values=160 selection_frozen_at=2026-09-16T08:35:46.931008+00:00
