Traceback (most recent call last):
  File "/home/roland/actir/shinka-adaptive-swarms/scripts/run_book_population.py", line 20, in <module>
    from adaptive_swarms.comparison import validate_pair
  File "/home/roland/actir/shinka-adaptive-swarms/src/adaptive_swarms/comparison.py", line 21, in <module>
    import numpy as np
ModuleNotFoundError: No module named 'numpy'
[2026-09-16T18:50:33+00:00] +     0.1s case_reused: method=target_5 case_index=0 artifact=/home/roland/actir/shinka-adaptive-swarms/results/book_mpso_population_v1/20260916T183731Z/references/target_5/case_000.json.gz
[2026-09-16T18:50:33+00:00] +     0.1s case_start: method=target_3 case_index=0 budget=500000
[2026-09-16T18:50:33+00:00] +     0.1s case_start: stage=references method=target_3 case_index=0 completed=8
[2026-09-16T18:50:35+00:00] +     1.3s case_progress: method=target_3 case_index=0 evaluations=50000 offline_error=5.0052
[2026-09-16T18:50:36+00:00] +     2.4s case_progress: method=target_3 case_index=0 evaluations=100000 offline_error=5.0822
[2026-09-16T18:50:37+00:00] +     3.6s case_progress: method=target_3 case_index=0 evaluations=150000 offline_error=3.5992
[2026-09-16T18:50:38+00:00] +     4.8s case_progress: method=target_3 case_index=0 evaluations=200000 offline_error=2.9252
[2026-09-16T18:50:39+00:00] +     6.0s case_progress: method=target_3 case_index=0 evaluations=250000 offline_error=2.5793
[2026-09-16T18:50:43+00:00] +     7.2s case_progress: method=target_3 case_index=0 evaluations=300000 offline_error=2.2476
[2026-09-16T18:50:44+00:00] +     8.4s case_progress: method=target_3 case_index=0 evaluations=350000 offline_error=2.1653
[2026-09-16T18:50:45+00:00] +     9.6s case_progress: method=target_3 case_index=0 evaluations=400000 offline_error=2.1021
[2026-09-16T18:50:46+00:00] +    10.8s case_progress: method=target_3 case_index=0 evaluations=450000 offline_error=1.9887
[2026-09-16T18:50:48+00:00] +    12.1s case_progress: method=target_3 case_index=0 evaluations=500000 offline_error=1.9307
[2026-09-16T18:50:48+00:00] +    12.5s case_complete: method=target_3 case_index=0 offline_error=1.9307 elapsed_seconds=12.314 completed=9
[2026-09-16T18:50:48+00:00] +    12.5s case_complete: stage=references method=target_3 case_index=0 offline_error=1.9307 elapsed_seconds=12.314 completed=9
[2026-09-16T18:50:48+00:00] +    12.5s case_start: method=target_7 case_index=0 budget=500000
[2026-09-16T18:50:48+00:00] +    12.5s case_start: stage=references method=target_7 case_index=0 completed=9
[2026-09-16T18:50:49+00:00] +    13.7s case_progress: method=target_7 case_index=0 evaluations=50000 offline_error=7.3551
[2026-09-16T18:50:50+00:00] +    15.0s case_progress: method=target_7 case_index=0 evaluations=100000 offline_error=7.5985
[2026-09-16T18:50:52+00:00] +    16.3s case_progress: method=target_7 case_index=0 evaluations=150000 offline_error=5.2257
[2026-09-16T18:50:53+00:00] +    17.6s case_progress: method=target_7 case_index=0 evaluations=200000 offline_error=4.1074
[2026-09-16T18:50:54+00:00] +    18.9s case_progress: method=target_7 case_index=0 evaluations=250000 offline_error=3.491
[2026-09-16T18:50:56+00:00] +    20.2s case_progress: method=target_7 case_index=0 evaluations=300000 offline_error=3.0048
[2026-09-16T18:50:57+00:00] +    21.6s case_progress: method=target_7 case_index=0 evaluations=350000 offline_error=2.8079
[2026-09-16T18:50:58+00:00] +    22.9s case_progress: method=target_7 case_index=0 evaluations=400000 offline_error=2.6606
[2026-09-16T18:51:00+00:00] +    24.2s case_progress: method=target_7 case_index=0 evaluations=450000 offline_error=2.4796
[2026-09-16T18:51:01+00:00] +    25.6s case_progress: method=target_7 case_index=0 evaluations=500000 offline_error=2.3692
[2026-09-16T18:51:01+00:00] +    25.9s case_complete: method=target_7 case_index=0 offline_error=2.3692 elapsed_seconds=13.455 completed=10
[2026-09-16T18:51:01+00:00] +    25.9s case_complete: stage=references method=target_7 case_index=0 offline_error=2.3692 elapsed_seconds=13.455 completed=10
[2026-09-16T18:51:01+00:00] +    26.0s case_reused: method=target_5 case_index=1 artifact=/home/roland/actir/shinka-adaptive-swarms/results/book_mpso_population_v1/20260916T183731Z/references/target_5/case_001.json.gz
[2026-09-16T18:51:01+00:00] +    26.0s case_start: method=target_3 case_index=1 budget=500000
[2026-09-16T18:51:01+00:00] +    26.0s case_start: stage=references method=target_3 case_index=1 completed=10
[2026-09-16T18:51:03+00:00] +    27.1s case_progress: method=target_3 case_index=1 evaluations=50000 offline_error=1.712
[2026-09-16T18:51:04+00:00] +    28.5s case_progress: method=target_3 case_index=1 evaluations=100000 offline_error=3.3182
[2026-09-16T18:51:05+00:00] +    29.8s case_progress: method=target_3 case_index=1 evaluations=150000 offline_error=2.4843
[2026-09-16T18:51:07+00:00] +    31.2s case_progress: method=target_3 case_index=1 evaluations=200000 offline_error=2.0523
[2026-09-16T18:51:08+00:00] +    32.5s case_progress: method=target_3 case_index=1 evaluations=250000 offline_error=1.9777
[2026-09-16T18:51:09+00:00] +    33.9s case_progress: method=target_3 case_index=1 evaluations=300000 offline_error=1.9856
[2026-09-16T18:51:11+00:00] +    35.1s case_progress: method=target_3 case_index=1 evaluations=350000 offline_error=1.8793
[2026-09-16T18:51:12+00:00] +    36.6s case_progress: method=target_3 case_index=1 evaluations=400000 offline_error=1.7676
[2026-09-16T18:51:13+00:00] +    38.0s case_progress: method=target_3 case_index=1 evaluations=450000 offline_error=2.1326
[2026-09-16T18:51:17+00:00] +    39.5s case_progress: method=target_3 case_index=1 evaluations=500000 offline_error=2.0222
[2026-09-16T18:51:17+00:00] +    39.8s case_complete: method=target_3 case_index=1 offline_error=2.0222 elapsed_seconds=13.833 completed=11
[2026-09-16T18:51:17+00:00] +    39.8s case_complete: stage=references method=target_3 case_index=1 offline_error=2.0222 elapsed_seconds=13.833 completed=11
[2026-09-16T18:51:18+00:00] +    39.8s case_start: method=target_7 case_index=1 budget=500000
[2026-09-16T18:51:18+00:00] +    39.8s case_start: stage=references method=target_7 case_index=1 completed=11
[2026-09-16T18:51:19+00:00] +    41.1s case_progress: method=target_7 case_index=1 evaluations=50000 offline_error=2.7969
[2026-09-16T18:51:20+00:00] +    42.7s case_progress: method=target_7 case_index=1 evaluations=100000 offline_error=4.6858
[2026-09-16T18:51:22+00:00] +    44.1s case_progress: method=target_7 case_index=1 evaluations=150000 offline_error=3.7097
[2026-09-16T18:51:23+00:00] +    45.8s case_progress: method=target_7 case_index=1 evaluations=200000 offline_error=2.9736
[2026-09-16T18:51:25+00:00] +    47.5s case_progress: method=target_7 case_index=1 evaluations=250000 offline_error=3.0438
[2026-09-16T18:51:27+00:00] +    49.0s case_progress: method=target_7 case_index=1 evaluations=300000 offline_error=2.8752
[2026-09-16T18:51:28+00:00] +    50.3s case_progress: method=target_7 case_index=1 evaluations=350000 offline_error=2.5869
[2026-09-16T18:51:30+00:00] +    52.0s case_progress: method=target_7 case_index=1 evaluations=400000 offline_error=2.3494
[2026-09-16T18:51:32+00:00] +    54.3s case_progress: method=target_7 case_index=1 evaluations=450000 offline_error=2.6506
[2026-09-16T18:51:35+00:00] +    56.9s case_progress: method=target_7 case_index=1 evaluations=500000 offline_error=2.5912
[2026-09-16T18:51:35+00:00] +    57.4s case_complete: method=target_7 case_index=1 offline_error=2.5912 elapsed_seconds=17.5 completed=12
[2026-09-16T18:51:35+00:00] +    57.4s case_complete: stage=references method=target_7 case_index=1 offline_error=2.5912 elapsed_seconds=17.5 completed=12
[2026-09-16T18:51:35+00:00] +    57.5s case_reused: method=target_5 case_index=2 artifact=/home/roland/actir/shinka-adaptive-swarms/results/book_mpso_population_v1/20260916T183731Z/references/target_5/case_002.json.gz
[2026-09-16T18:51:35+00:00] +    57.5s case_start: method=target_3 case_index=2 budget=500000
[2026-09-16T18:51:35+00:00] +    57.5s case_start: stage=references method=target_3 case_index=2 completed=12
[2026-09-16T18:51:38+00:00] +    60.0s case_progress: method=target_3 case_index=2 evaluations=50000 offline_error=3.1793
[2026-09-16T18:51:40+00:00] +    61.9s case_progress: method=target_3 case_index=2 evaluations=100000 offline_error=2.3559
[2026-09-16T18:51:42+00:00] +    64.6s case_progress: method=target_3 case_index=2 evaluations=150000 offline_error=1.9878
[2026-09-16T18:51:44+00:00] +    66.1s case_progress: method=target_3 case_index=2 evaluations=200000 offline_error=2.9712
[2026-09-16T18:51:45+00:00] +    67.3s case_progress: method=target_3 case_index=2 evaluations=250000 offline_error=3.1633
[2026-09-16T18:51:47+00:00] +    69.1s case_progress: method=target_3 case_index=2 evaluations=300000 offline_error=3.1218
[2026-09-16T18:51:51+00:00] +    71.0s case_progress: method=target_3 case_index=2 evaluations=350000 offline_error=2.7775
[2026-09-16T18:51:52+00:00] +    72.2s case_progress: method=target_3 case_index=2 evaluations=400000 offline_error=2.6075
[2026-09-16T18:51:53+00:00] +    73.6s case_progress: method=target_3 case_index=2 evaluations=450000 offline_error=2.4554
[2026-09-16T18:51:55+00:00] +    75.0s case_progress: method=target_3 case_index=2 evaluations=500000 offline_error=2.3421
[2026-09-16T18:51:55+00:00] +    75.4s case_complete: method=target_3 case_index=2 offline_error=2.3421 elapsed_seconds=17.848 completed=13
[2026-09-16T18:51:55+00:00] +    75.4s case_complete: stage=references method=target_3 case_index=2 offline_error=2.3421 elapsed_seconds=17.848 completed=13
[2026-09-16T18:51:55+00:00] +    75.4s case_start: method=target_7 case_index=2 budget=500000
[2026-09-16T18:51:55+00:00] +    75.4s case_start: stage=references method=target_7 case_index=2 completed=13
[2026-09-16T18:51:57+00:00] +    77.2s case_progress: method=target_7 case_index=2 evaluations=50000 offline_error=3.7383
[2026-09-16T18:51:59+00:00] +    78.7s case_progress: method=target_7 case_index=2 evaluations=100000 offline_error=2.1915
[2026-09-16T18:52:00+00:00] +    80.0s case_progress: method=target_7 case_index=2 evaluations=150000 offline_error=1.7556
[2026-09-16T18:52:02+00:00] +    81.6s case_progress: method=target_7 case_index=2 evaluations=200000 offline_error=2.0265
[2026-09-16T18:52:03+00:00] +    83.0s case_progress: method=target_7 case_index=2 evaluations=250000 offline_error=2.4973
[2026-09-16T18:52:04+00:00] +    84.5s case_progress: method=target_7 case_index=2 evaluations=300000 offline_error=2.43
[2026-09-16T18:52:06+00:00] +    86.1s case_progress: method=target_7 case_index=2 evaluations=350000 offline_error=2.2325
[2026-09-16T18:52:08+00:00] +    87.7s case_progress: method=target_7 case_index=2 evaluations=400000 offline_error=2.0987
[2026-09-16T18:52:09+00:00] +    89.1s case_progress: method=target_7 case_index=2 evaluations=450000 offline_error=1.9972
[2026-09-16T18:52:10+00:00] +    90.4s case_progress: method=target_7 case_index=2 evaluations=500000 offline_error=1.9214
[2026-09-16T18:52:11+00:00] +    90.7s case_complete: method=target_7 case_index=2 offline_error=1.9214 elapsed_seconds=15.332 completed=14
[2026-09-16T18:52:11+00:00] +    90.7s case_complete: stage=references method=target_7 case_index=2 offline_error=1.9214 elapsed_seconds=15.332 completed=14
[2026-09-16T18:52:11+00:00] +    90.8s case_reused: method=target_5 case_index=3 artifact=/home/roland/actir/shinka-adaptive-swarms/results/book_mpso_population_v1/20260916T183731Z/references/target_5/case_003.json.gz
[2026-09-16T18:52:11+00:00] +    90.8s case_start: method=target_3 case_index=3 budget=500000
[2026-09-16T18:52:11+00:00] +    90.8s case_start: stage=references method=target_3 case_index=3 completed=14
[2026-09-16T18:52:12+00:00] +    92.0s case_progress: method=target_3 case_index=3 evaluations=50000 offline_error=0.56863
[2026-09-16T18:52:13+00:00] +    93.2s case_progress: method=target_3 case_index=3 evaluations=100000 offline_error=0.53343
[2026-09-16T18:52:15+00:00] +    94.7s case_progress: method=target_3 case_index=3 evaluations=150000 offline_error=0.54386
[2026-09-16T18:52:16+00:00] +    96.4s case_progress: method=target_3 case_index=3 evaluations=200000 offline_error=0.65882
[2026-09-16T18:52:18+00:00] +    97.9s case_progress: method=target_3 case_index=3 evaluations=250000 offline_error=0.65968
[2026-09-16T18:52:19+00:00] +    99.1s case_progress: method=target_3 case_index=3 evaluations=300000 offline_error=0.63426
[2026-09-16T18:52:20+00:00] +   100.4s case_progress: method=target_3 case_index=3 evaluations=350000 offline_error=0.62468
[2026-09-16T18:52:22+00:00] +   101.7s case_progress: method=target_3 case_index=3 evaluations=400000 offline_error=0.6451
[2026-09-16T18:52:23+00:00] +   103.0s case_progress: method=target_3 case_index=3 evaluations=450000 offline_error=0.67201
[2026-09-16T18:52:26+00:00] +   104.3s case_progress: method=target_3 case_index=3 evaluations=500000 offline_error=0.72289
[2026-09-16T18:52:27+00:00] +   104.7s case_complete: method=target_3 case_index=3 offline_error=0.72289 elapsed_seconds=13.96 completed=15
[2026-09-16T18:52:27+00:00] +   104.7s case_complete: stage=references method=target_3 case_index=3 offline_error=0.72289 elapsed_seconds=13.96 completed=15
[2026-09-16T18:52:27+00:00] +   104.7s case_start: method=target_7 case_index=3 budget=500000
[2026-09-16T18:52:27+00:00] +   104.7s case_start: stage=references method=target_7 case_index=3 completed=15
[2026-09-16T18:52:28+00:00] +   106.0s case_progress: method=target_7 case_index=3 evaluations=50000 offline_error=0.53937
[2026-09-16T18:52:30+00:00] +   107.5s case_progress: method=target_7 case_index=3 evaluations=100000 offline_error=0.55491
[2026-09-16T18:52:31+00:00] +   108.8s case_progress: method=target_7 case_index=3 evaluations=150000 offline_error=0.5255
[2026-09-16T18:52:32+00:00] +   110.2s case_progress: method=target_7 case_index=3 evaluations=200000 offline_error=0.76988
[2026-09-16T18:52:34+00:00] +   111.6s case_progress: method=target_7 case_index=3 evaluations=250000 offline_error=0.72594
[2026-09-16T18:52:35+00:00] +   113.2s case_progress: method=target_7 case_index=3 evaluations=300000 offline_error=0.69735
[2026-09-16T18:52:37+00:00] +   115.0s case_progress: method=target_7 case_index=3 evaluations=350000 offline_error=0.68704
[2026-09-16T18:52:38+00:00] +   116.3s case_progress: method=target_7 case_index=3 evaluations=400000 offline_error=0.68201
[2026-09-16T18:52:40+00:00] +   117.9s case_progress: method=target_7 case_index=3 evaluations=450000 offline_error=0.68659
[2026-09-16T18:52:42+00:00] +   119.5s case_progress: method=target_7 case_index=3 evaluations=500000 offline_error=0.69135
[2026-09-16T18:52:42+00:00] +   120.1s case_complete: method=target_7 case_index=3 offline_error=0.69135 elapsed_seconds=15.342 completed=16
[2026-09-16T18:52:42+00:00] +   120.1s case_complete: stage=references method=target_7 case_index=3 offline_error=0.69135 elapsed_seconds=15.342 completed=16
[2026-09-16T18:52:42+00:00] +   120.2s case_reused: method=target_5 case_index=4 artifact=/home/roland/actir/shinka-adaptive-swarms/results/book_mpso_population_v1/20260916T183731Z/references/target_5/case_004.json.gz
[2026-09-16T18:52:42+00:00] +   120.2s case_start: method=target_3 case_index=4 budget=500000
[2026-09-16T18:52:42+00:00] +   120.2s case_start: stage=references method=target_3 case_index=4 completed=16
[2026-09-16T18:52:44+00:00] +   121.5s case_progress: method=target_3 case_index=4 evaluations=50000 offline_error=3.0932
[2026-09-16T18:52:45+00:00] +   123.0s case_progress: method=target_3 case_index=4 evaluations=100000 offline_error=2.214
[2026-09-16T18:52:47+00:00] +   124.5s case_progress: method=target_3 case_index=4 evaluations=150000 offline_error=2.0866
[2026-09-16T18:52:48+00:00] +   125.7s case_progress: method=target_3 case_index=4 evaluations=200000 offline_error=1.8501
[2026-09-16T18:52:49+00:00] +   127.0s case_progress: method=target_3 case_index=4 evaluations=250000 offline_error=1.593
[2026-09-16T18:52:50+00:00] +   128.3s case_progress: method=target_3 case_index=4 evaluations=300000 offline_error=1.6424
[2026-09-16T18:52:52+00:00] +   129.6s case_progress: method=target_3 case_index=4 evaluations=350000 offline_error=1.646
[2026-09-16T18:52:53+00:00] +   131.1s case_progress: method=target_3 case_index=4 evaluations=400000 offline_error=1.6049
[2026-09-16T18:52:54+00:00] +   132.4s case_progress: method=target_3 case_index=4 evaluations=450000 offline_error=1.6799
[2026-09-16T18:52:56+00:00] +   133.6s case_progress: method=target_3 case_index=4 evaluations=500000 offline_error=1.9568
[2026-09-16T18:52:56+00:00] +   134.0s case_complete: method=target_3 case_index=4 offline_error=1.9568 elapsed_seconds=13.821 completed=17
[2026-09-16T18:52:56+00:00] +   134.0s case_complete: stage=references method=target_3 case_index=4 offline_error=1.9568 elapsed_seconds=13.821 completed=17
[2026-09-16T18:52:56+00:00] +   134.0s case_start: method=target_7 case_index=4 budget=500000
[2026-09-16T18:52:56+00:00] +   134.0s case_start: stage=references method=target_7 case_index=4 completed=17
[2026-09-16T18:52:57+00:00] +   135.4s case_progress: method=target_7 case_index=4 evaluations=50000 offline_error=3.2768
[2026-09-16T18:53:01+00:00] +   136.7s case_progress: method=target_7 case_index=4 evaluations=100000 offline_error=2.063
[2026-09-16T18:53:03+00:00] +   138.2s case_progress: method=target_7 case_index=4 evaluations=150000 offline_error=1.9018
[2026-09-16T18:53:04+00:00] +   139.7s case_progress: method=target_7 case_index=4 evaluations=200000 offline_error=2.2083
[2026-09-16T18:53:06+00:00] +   141.2s case_progress: method=target_7 case_index=4 evaluations=250000 offline_error=1.8889
[2026-09-16T18:53:07+00:00] +   142.7s case_progress: method=target_7 case_index=4 evaluations=300000 offline_error=1.8899
[2026-09-16T18:53:09+00:00] +   144.4s case_progress: method=target_7 case_index=4 evaluations=350000 offline_error=1.87
[2026-09-16T18:53:10+00:00] +   146.1s case_progress: method=target_7 case_index=4 evaluations=400000 offline_error=1.7903
[2026-09-16T18:53:12+00:00] +   148.0s case_progress: method=target_7 case_index=4 evaluations=450000 offline_error=1.842
[2026-09-16T18:53:14+00:00] +   149.4s case_progress: method=target_7 case_index=4 evaluations=500000 offline_error=2.0968
[2026-09-16T18:53:14+00:00] +   149.8s case_complete: method=target_7 case_index=4 offline_error=2.0968 elapsed_seconds=15.755 completed=18
[2026-09-16T18:53:14+00:00] +   149.8s case_complete: stage=references method=target_7 case_index=4 offline_error=2.0968 elapsed_seconds=15.755 completed=18
[2026-09-16T18:53:14+00:00] +   149.8s case_reused: method=target_5 case_index=5 artifact=/home/roland/actir/shinka-adaptive-swarms/results/book_mpso_population_v1/20260916T183731Z/references/target_5/case_005.json.gz
[2026-09-16T18:53:14+00:00] +   149.8s case_start: method=target_3 case_index=5 budget=500000
[2026-09-16T18:53:14+00:00] +   149.8s case_start: stage=references method=target_3 case_index=5 completed=18
[2026-09-16T18:53:16+00:00] +   151.2s case_progress: method=target_3 case_index=5 evaluations=50000 offline_error=0.62542
[2026-09-16T18:53:18+00:00] +   153.3s case_progress: method=target_3 case_index=5 evaluations=100000 offline_error=0.72365
[2026-09-16T18:53:19+00:00] +   155.1s case_progress: method=target_3 case_index=5 evaluations=150000 offline_error=0.76995
[2026-09-16T18:53:21+00:00] +   156.5s case_progress: method=target_3 case_index=5 evaluations=200000 offline_error=1.3039
[2026-09-16T18:53:23+00:00] +   158.2s case_progress: method=target_3 case_index=5 evaluations=250000 offline_error=1.986
[2026-09-16T18:53:24+00:00] +   159.8s case_progress: method=target_3 case_index=5 evaluations=300000 offline_error=1.8687
[2026-09-16T18:53:26+00:00] +   161.2s case_progress: method=target_3 case_index=5 evaluations=350000 offline_error=1.7372
[2026-09-16T18:53:27+00:00] +   162.5s case_progress: method=target_3 case_index=5 evaluations=400000 offline_error=1.648
[2026-09-16T18:53:28+00:00] +   164.0s case_progress: method=target_3 case_index=5 evaluations=450000 offline_error=1.5812
[2026-09-16T18:53:30+00:00] +   165.3s case_progress: method=target_3 case_index=5 evaluations=500000 offline_error=1.5222
[2026-09-16T18:53:30+00:00] +   165.7s case_complete: method=target_3 case_index=5 offline_error=1.5222 elapsed_seconds=15.797 completed=19
[2026-09-16T18:53:30+00:00] +   165.7s case_complete: stage=references method=target_3 case_index=5 offline_error=1.5222 elapsed_seconds=15.797 completed=19
[2026-09-16T18:53:30+00:00] +   165.7s case_start: method=target_7 case_index=5 budget=500000
[2026-09-16T18:53:30+00:00] +   165.7s case_start: stage=references method=target_7 case_index=5 completed=19
[2026-09-16T18:53:31+00:00] +   167.0s case_progress: method=target_7 case_index=5 evaluations=50000 offline_error=0.7137
[2026-09-16T18:53:35+00:00] +   168.3s case_progress: method=target_7 case_index=5 evaluations=100000 offline_error=0.66576
[2026-09-16T18:53:36+00:00] +   169.7s case_progress: method=target_7 case_index=5 evaluations=150000 offline_error=0.58769
[2026-09-16T18:53:38+00:00] +   171.1s case_progress: method=target_7 case_index=5 evaluations=200000 offline_error=1.248
[2026-09-16T18:53:39+00:00] +   172.6s case_progress: method=target_7 case_index=5 evaluations=250000 offline_error=1.7786
[2026-09-16T18:53:40+00:00] +   173.9s case_progress: method=target_7 case_index=5 evaluations=300000 offline_error=1.7229
[2026-09-16T18:53:42+00:00] +   175.3s case_progress: method=target_7 case_index=5 evaluations=350000 offline_error=1.6246
[2026-09-16T18:53:43+00:00] +   176.7s case_progress: method=target_7 case_index=5 evaluations=400000 offline_error=1.5484
[2026-09-16T18:53:45+00:00] +   178.2s case_progress: method=target_7 case_index=5 evaluations=450000 offline_error=1.4705
[2026-09-16T18:53:46+00:00] +   179.8s case_progress: method=target_7 case_index=5 evaluations=500000 offline_error=1.4439
[2026-09-16T18:53:47+00:00] +   180.2s case_complete: method=target_7 case_index=5 offline_error=1.4439 elapsed_seconds=14.499 completed=20
[2026-09-16T18:53:47+00:00] +   180.2s case_complete: stage=references method=target_7 case_index=5 offline_error=1.4439 elapsed_seconds=14.499 completed=20
[2026-09-16T18:53:47+00:00] +   180.2s case_reused: method=target_5 case_index=6 artifact=/home/roland/actir/shinka-adaptive-swarms/results/book_mpso_population_v1/20260916T183731Z/references/target_5/case_006.json.gz
[2026-09-16T18:53:47+00:00] +   180.2s case_start: method=target_3 case_index=6 budget=500000
[2026-09-16T18:53:47+00:00] +   180.2s case_start: stage=references method=target_3 case_index=6 completed=20
[2026-09-16T18:53:48+00:00] +   181.7s case_progress: method=target_3 case_index=6 evaluations=50000 offline_error=5.3127
[2026-09-16T18:53:50+00:00] +   183.3s case_progress: method=target_3 case_index=6 evaluations=100000 offline_error=3.3252
[2026-09-16T18:53:51+00:00] +   184.7s case_progress: method=target_3 case_index=6 evaluations=150000 offline_error=2.706
[2026-09-16T18:53:53+00:00] +   186.2s case_progress: method=target_3 case_index=6 evaluations=200000 offline_error=2.668
[2026-09-16T18:53:54+00:00] +   187.7s case_progress: method=target_3 case_index=6 evaluations=250000 offline_error=2.3081
[2026-09-16T18:53:56+00:00] +   189.3s case_progress: method=target_3 case_index=6 evaluations=300000 offline_error=2.0309
[2026-09-16T18:53:57+00:00] +   190.6s case_progress: method=target_3 case_index=6 evaluations=350000 offline_error=1.8309
[2026-09-16T18:53:59+00:00] +   192.3s case_progress: method=target_3 case_index=6 evaluations=400000 offline_error=1.7484
[2026-09-16T18:54:01+00:00] +   194.2s case_progress: method=target_3 case_index=6 evaluations=450000 offline_error=1.6715
[2026-09-16T18:54:02+00:00] +   195.8s case_progress: method=target_3 case_index=6 evaluations=500000 offline_error=1.6314
[2026-09-16T18:54:03+00:00] +   196.3s case_complete: method=target_3 case_index=6 offline_error=1.6314 elapsed_seconds=16.027 completed=21
[2026-09-16T18:54:03+00:00] +   196.3s case_complete: stage=references method=target_3 case_index=6 offline_error=1.6314 elapsed_seconds=16.027 completed=21
[2026-09-16T18:54:03+00:00] +   196.3s case_start: method=target_7 case_index=6 budget=500000
[2026-09-16T18:54:03+00:00] +   196.3s case_start: stage=references method=target_7 case_index=6 completed=21
[2026-09-16T18:54:04+00:00] +   197.8s case_progress: method=target_7 case_index=6 evaluations=50000 offline_error=5.6088
[2026-09-16T18:54:09+00:00] +   200.5s case_progress: method=target_7 case_index=6 evaluations=100000 offline_error=3.4664
[2026-09-16T18:54:12+00:00] +   203.7s case_progress: method=target_7 case_index=6 evaluations=150000 offline_error=3.1507
[2026-09-16T18:54:15+00:00] +   206.3s case_progress: method=target_7 case_index=6 evaluations=200000 offline_error=2.7533
[2026-09-16T18:54:18+00:00] +   209.0s case_progress: method=target_7 case_index=6 evaluations=250000 offline_error=2.3369
[2026-09-16T18:54:20+00:00] +   211.7s case_progress: method=target_7 case_index=6 evaluations=300000 offline_error=2.0748
[2026-09-16T18:54:23+00:00] +   213.9s case_progress: method=target_7 case_index=6 evaluations=350000 offline_error=1.8866
[2026-09-16T18:54:26+00:00] +   216.9s case_progress: method=target_7 case_index=6 evaluations=400000 offline_error=1.7954
[2026-09-16T18:54:29+00:00] +   220.7s case_progress: method=target_7 case_index=6 evaluations=450000 offline_error=1.7359
[2026-09-16T18:54:32+00:00] +   223.4s case_progress: method=target_7 case_index=6 evaluations=500000 offline_error=1.7064
[2026-09-16T18:54:33+00:00] +   224.3s case_complete: method=target_7 case_index=6 offline_error=1.7064 elapsed_seconds=27.876 completed=22
[2026-09-16T18:54:33+00:00] +   224.3s case_complete: stage=references method=target_7 case_index=6 offline_error=1.7064 elapsed_seconds=27.876 completed=22
[2026-09-16T18:54:33+00:00] +   224.3s case_reused: method=target_5 case_index=7 artifact=/home/roland/actir/shinka-adaptive-swarms/results/book_mpso_population_v1/20260916T183731Z/references/target_5/case_007.json.gz
[2026-09-16T18:54:33+00:00] +   224.5s case_start: method=target_3 case_index=7 budget=500000
[2026-09-16T18:54:33+00:00] +   224.5s case_start: stage=references method=target_3 case_index=7 completed=22
[2026-09-16T18:54:35+00:00] +   226.1s case_progress: method=target_3 case_index=7 evaluations=50000 offline_error=2.5114
[2026-09-16T18:54:38+00:00] +   229.2s case_progress: method=target_3 case_index=7 evaluations=100000 offline_error=1.6523
[2026-09-16T18:54:40+00:00] +   231.6s case_progress: method=target_3 case_index=7 evaluations=150000 offline_error=1.3711
[2026-09-16T18:54:45+00:00] +   233.7s case_progress: method=target_3 case_index=7 evaluations=200000 offline_error=2.0431
[2026-09-16T18:54:47+00:00] +   236.1s case_progress: method=target_3 case_index=7 evaluations=250000 offline_error=2.2655
[2026-09-16T18:54:49+00:00] +   238.0s case_progress: method=target_3 case_index=7 evaluations=300000 offline_error=2.1754
[2026-09-16T18:54:52+00:00] +   241.4s case_progress: method=target_3 case_index=7 evaluations=350000 offline_error=2.6727
[2026-09-16T18:54:55+00:00] +   244.5s case_progress: method=target_3 case_index=7 evaluations=400000 offline_error=2.5206
[2026-09-16T18:54:58+00:00] +   246.8s case_progress: method=target_3 case_index=7 evaluations=450000 offline_error=2.3735
[2026-09-16T18:54:59+00:00] +   248.4s case_progress: method=target_3 case_index=7 evaluations=500000 offline_error=2.3224
[2026-09-16T18:55:00+00:00] +   249.1s case_complete: method=target_3 case_index=7 offline_error=2.3224 elapsed_seconds=24.535 completed=23
[2026-09-16T18:55:00+00:00] +   249.1s case_complete: stage=references method=target_3 case_index=7 offline_error=2.3224 elapsed_seconds=24.535 completed=23
[2026-09-16T18:55:00+00:00] +   249.1s case_start: method=target_7 case_index=7 budget=500000
[2026-09-16T18:55:00+00:00] +   249.1s case_start: stage=references method=target_7 case_index=7 completed=23
[2026-09-16T18:55:02+00:00] +   250.9s case_progress: method=target_7 case_index=7 evaluations=50000 offline_error=2.4416
[2026-09-16T18:55:04+00:00] +   252.7s case_progress: method=target_7 case_index=7 evaluations=100000 offline_error=1.5316
[2026-09-16T18:55:06+00:00] +   254.9s case_progress: method=target_7 case_index=7 evaluations=150000 offline_error=1.273
[2026-09-16T18:55:08+00:00] +   256.7s case_progress: method=target_7 case_index=7 evaluations=200000 offline_error=1.977
[2026-09-16T18:55:11+00:00] +   260.2s case_progress: method=target_7 case_index=7 evaluations=250000 offline_error=2.255
[2026-09-16T18:55:14+00:00] +   263.1s case_progress: method=target_7 case_index=7 evaluations=300000 offline_error=2.0684
[2026-09-16T18:55:19+00:00] +   265.6s case_progress: method=target_7 case_index=7 evaluations=350000 offline_error=2.5109
[2026-09-16T18:55:22+00:00] +   268.9s case_progress: method=target_7 case_index=7 evaluations=400000 offline_error=2.3963
[2026-09-16T18:55:25+00:00] +   271.6s case_progress: method=target_7 case_index=7 evaluations=450000 offline_error=2.2338
[2026-09-16T18:55:27+00:00] +   273.5s case_progress: method=target_7 case_index=7 evaluations=500000 offline_error=2.1531
[2026-09-16T18:55:27+00:00] +   273.9s case_complete: method=target_7 case_index=7 offline_error=2.1531 elapsed_seconds=24.856 completed=24
[2026-09-16T18:55:27+00:00] +   273.9s case_complete: stage=references method=target_7 case_index=7 offline_error=2.1531 elapsed_seconds=24.856 completed=24
[2026-09-16T18:55:27+00:00] +   273.9s stage_complete: stage=references new_executions=16 objective_queries=8000000
