[2026-09-16T18:40:57+00:00] +     0.0s session_started: message=Remote verified, clean checkout at requested commit. No active research controller or matching population artifacts. Existing viewers and embedding service retained. started_utc=2026-09-16T18:37:31+00:00 deadline_utc=2026-09-16T20:37:31+00:00 descendant_slots=6 logical_response_limit=36
[2026-09-16T18:49:22+00:00] +     0.0s references_registered: cases=8 methods=['target_5', 'target_3', 'target_7'] reused_development_identities=True maximum_new_executions=24 manifest=/home/roland/actir/shinka-adaptive-swarms/results/book_mpso_population_v1/20260916T183731Z/references/manifest.json
[2026-09-16T18:49:22+00:00] +     0.5s legacy_case_reused: method=target_5 case_index=0 new_objective_queries=0 artifact=/home/roland/actir/shinka-adaptive-swarms/results/book_mpso_population_v1/20260916T183731Z/references/target_5/case_000.json.gz
[2026-09-16T18:49:23+00:00] +     0.9s legacy_case_reused: method=target_5 case_index=1 new_objective_queries=0 artifact=/home/roland/actir/shinka-adaptive-swarms/results/book_mpso_population_v1/20260916T183731Z/references/target_5/case_001.json.gz
[2026-09-16T18:49:23+00:00] +     1.3s legacy_case_reused: method=target_5 case_index=2 new_objective_queries=0 artifact=/home/roland/actir/shinka-adaptive-swarms/results/book_mpso_population_v1/20260916T183731Z/references/target_5/case_002.json.gz
[2026-09-16T18:49:23+00:00] +     1.8s legacy_case_reused: method=target_5 case_index=3 new_objective_queries=0 artifact=/home/roland/actir/shinka-adaptive-swarms/results/book_mpso_population_v1/20260916T183731Z/references/target_5/case_003.json.gz
[2026-09-16T18:49:24+00:00] +     2.2s legacy_case_reused: method=target_5 case_index=4 new_objective_queries=0 artifact=/home/roland/actir/shinka-adaptive-swarms/results/book_mpso_population_v1/20260916T183731Z/references/target_5/case_004.json.gz
[2026-09-16T18:49:24+00:00] +     2.6s legacy_case_reused: method=target_5 case_index=5 new_objective_queries=0 artifact=/home/roland/actir/shinka-adaptive-swarms/results/book_mpso_population_v1/20260916T183731Z/references/target_5/case_005.json.gz
[2026-09-16T18:49:25+00:00] +     3.1s legacy_case_reused: method=target_5 case_index=6 new_objective_queries=0 artifact=/home/roland/actir/shinka-adaptive-swarms/results/book_mpso_population_v1/20260916T183731Z/references/target_5/case_006.json.gz
[2026-09-16T18:49:25+00:00] +     3.5s legacy_case_reused: method=target_5 case_index=7 new_objective_queries=0 artifact=/home/roland/actir/shinka-adaptive-swarms/results/book_mpso_population_v1/20260916T183731Z/references/target_5/case_007.json.gz
[2026-09-16T18:50:33+00:00] +     0.1s case_start: stage=references method=target_3 case_index=0 completed=8
[2026-09-16T18:50:48+00:00] +    12.5s case_complete: stage=references method=target_3 case_index=0 offline_error=1.9307 elapsed_seconds=12.314 completed=9
[2026-09-16T18:50:48+00:00] +    12.5s case_start: stage=references method=target_7 case_index=0 completed=9
[2026-09-16T18:51:01+00:00] +    25.9s case_complete: stage=references method=target_7 case_index=0 offline_error=2.3692 elapsed_seconds=13.455 completed=10
[2026-09-16T18:51:01+00:00] +    26.0s case_start: stage=references method=target_3 case_index=1 completed=10
[2026-09-16T18:51:17+00:00] +    39.8s case_complete: stage=references method=target_3 case_index=1 offline_error=2.0222 elapsed_seconds=13.833 completed=11
[2026-09-16T18:51:18+00:00] +    39.8s case_start: stage=references method=target_7 case_index=1 completed=11
[2026-09-16T18:51:35+00:00] +    57.4s case_complete: stage=references method=target_7 case_index=1 offline_error=2.5912 elapsed_seconds=17.5 completed=12
[2026-09-16T18:51:35+00:00] +    57.5s case_start: stage=references method=target_3 case_index=2 completed=12
[2026-09-16T18:51:55+00:00] +    75.4s case_complete: stage=references method=target_3 case_index=2 offline_error=2.3421 elapsed_seconds=17.848 completed=13
[2026-09-16T18:51:55+00:00] +    75.4s case_start: stage=references method=target_7 case_index=2 completed=13
[2026-09-16T18:52:11+00:00] +    90.7s case_complete: stage=references method=target_7 case_index=2 offline_error=1.9214 elapsed_seconds=15.332 completed=14
[2026-09-16T18:52:11+00:00] +    90.8s case_start: stage=references method=target_3 case_index=3 completed=14
[2026-09-16T18:52:27+00:00] +   104.7s case_complete: stage=references method=target_3 case_index=3 offline_error=0.72289 elapsed_seconds=13.96 completed=15
[2026-09-16T18:52:27+00:00] +   104.7s case_start: stage=references method=target_7 case_index=3 completed=15
[2026-09-16T18:52:29+00:00] +     0.0s controller_launch_recovered: message=Initial process exited during imports because launch resolved virtualenv symlink to base Python. Zero case attempts/queries; relaunched correct virtualenv path. failed_launch_queries=0 controller_pid=1016830
[2026-09-16T18:52:42+00:00] +   120.1s case_complete: stage=references method=target_7 case_index=3 offline_error=0.69135 elapsed_seconds=15.342 completed=16
[2026-09-16T18:52:42+00:00] +   120.2s case_start: stage=references method=target_3 case_index=4 completed=16
[2026-09-16T18:52:56+00:00] +   134.0s case_complete: stage=references method=target_3 case_index=4 offline_error=1.9568 elapsed_seconds=13.821 completed=17
[2026-09-16T18:52:56+00:00] +   134.0s case_start: stage=references method=target_7 case_index=4 completed=17
[2026-09-16T18:53:14+00:00] +   149.8s case_complete: stage=references method=target_7 case_index=4 offline_error=2.0968 elapsed_seconds=15.755 completed=18
[2026-09-16T18:53:14+00:00] +   149.8s case_start: stage=references method=target_3 case_index=5 completed=18
[2026-09-16T18:53:30+00:00] +   165.7s case_complete: stage=references method=target_3 case_index=5 offline_error=1.5222 elapsed_seconds=15.797 completed=19
[2026-09-16T18:53:30+00:00] +   165.7s case_start: stage=references method=target_7 case_index=5 completed=19
[2026-09-16T18:53:47+00:00] +   180.2s case_complete: stage=references method=target_7 case_index=5 offline_error=1.4439 elapsed_seconds=14.499 completed=20
[2026-09-16T18:53:47+00:00] +   180.2s case_start: stage=references method=target_3 case_index=6 completed=20
[2026-09-16T18:54:03+00:00] +   196.3s case_complete: stage=references method=target_3 case_index=6 offline_error=1.6314 elapsed_seconds=16.027 completed=21
[2026-09-16T18:54:03+00:00] +   196.3s case_start: stage=references method=target_7 case_index=6 completed=21
[2026-09-16T18:54:33+00:00] +   224.3s case_complete: stage=references method=target_7 case_index=6 offline_error=1.7064 elapsed_seconds=27.876 completed=22
[2026-09-16T18:54:33+00:00] +   224.5s case_start: stage=references method=target_3 case_index=7 completed=22
[2026-09-16T18:55:00+00:00] +   249.1s case_complete: stage=references method=target_3 case_index=7 offline_error=2.3224 elapsed_seconds=24.535 completed=23
[2026-09-16T18:55:00+00:00] +   249.1s case_start: stage=references method=target_7 case_index=7 completed=23
[2026-09-16T18:55:27+00:00] +   273.9s case_complete: stage=references method=target_7 case_index=7 offline_error=2.1531 elapsed_seconds=24.856 completed=24
[2026-09-16T18:55:27+00:00] +   273.9s stage_complete: stage=references new_executions=16 objective_queries=8000000
[2026-09-16T18:55:41+00:00] +     0.0s search_suite_frozen: suite=/home/roland/actir/shinka-adaptive-swarms/results/book_mpso_population_v1/20260916T183731Z/search_suite.json sha256=ec684d3df6f8b3b3b37e52b42b8d05a8663467145d156470b09f05e72f0efc16 seed_source_sha256=7e66f66ab613b6113eaea186f8c12af91a01c94d87b87822784bfc9396e4aebd exact_seed_cache_cases=8 reference_new_executions=16 reference_objective_queries=8000000
[2026-09-16T19:11:10+00:00] +     0.0s scientific_progress: activity=Native slot4 bounded proposal retry; three descendants complete elapsed_session_seconds=2019.9 control_means={'target3': 1.8063403372720876, 'target5': 1.7445687815149309, 'target7': 1.8716574077003667} native_descendant_means={'gen1': 2.05263705974142, 'gen2': 1.8082577784910272, 'gen3': 1.9528805851043245} interpretation=No completed descendant yet improves target5; conditional shrink/grow changed actual populations. Do not rank partial evaluations. native_progress=evolution/search_seed_650001/run.log
[2026-09-16T19:11:10+00:00] +     0.0s focused_final_regression_passed: checks=54 new_fixture_queries=11878 total_fixture_queries=23756 research_queries=0 model_calls=0 log=operations/final-focused-regression.log
[2026-09-16T19:15:12+00:00] +     0.0s four_descendant_scientific_review: at=2026-09-16T19:15:12.357241+00:00 stage=four_complete_descendants programs=[{'generation': 1, 'mean_error': 2.05263705974142, 'source': 'evolution/search_seed_650001/gen_1/main.py'}, {'generation': 2, 'mean_error': 1.8082577784910272, 'source': 'evolution/search_seed_650001/gen_2/main.py'}, {'generation': 3, 'mean_error': 1.9528805851043245, 'source': 'evolution/search_seed_650001/gen_3/main.py'}, {'generation': 4, 'mean_error': 2.008301179090116, 'source': 'evolution/search_seed_650001/gen_4/main.py'}] best_reference_mean=1.7446 finding=None improves target5. Constant shrinkage, fitness-conditioned shrinkage and loss-conditioned growth changed populations but did not improve mean tracking. Narrowing shrinkage did not remove large unfavorable histories. decision=Continue the remaining two original native slots; no extra generations, cases, task change or restart. uncertainty=Whether native proposals informed by measured losses and its pending meta review find a more useful allocation rule within this same frozen response space. The current three conditional descendants share compact/slow geometry gates; the space is not exhausted. p_value_gate=False
[2026-09-16T19:29:07+00:00] +     0.0s selection_frozen: generation=0 mean_offline_error=1.7446 selected_fixed_target=5 fresh_comparison_required=False source_sha256=7e66f66ab613b6113eaea186f8c12af91a01c94d87b87822784bfc9396e4aebd
[2026-09-16T19:30:05+00:00] +     0.0s native_and_selection_complete: terminal_slots=7 valid_descendants=6 physical_executions=64 objective_queries=32000000 native_requested_responses=27 selected_generation=0 fresh_condition=False source_review=source_review.json runtime={'native_first_event': '2026-09-16T18:56:31+00:00', 'native_last_event': '2026-09-16T19:28:42+00:00', 'native_UTC_timestamp_span_seconds': 1931.0, 'native_logged_monotonic_elapsed_seconds': 1804.35, 'difference_seconds': 126.65000000000009, 'interpretation': 'Both observed clocks are preserved. UTC timestamp span and the controller monotonic duration differ; do not silently substitute one or infer model token streaming. Session ceiling is checked conservatively against UTC deadline.'}
[2026-09-16T19:37:01+00:00] +     0.0s archive_started: destination=/home/roland/actir/shinka-adaptive-swarms/artifacts/book_mpso_population_v1/20260916T183731Z research_complete=True
