{
  "phase": "phase_a",
  "method_errors": {
    "c4_r1_retain": {
      "n": 8,
      "mean": 3.0418393199116895,
      "sd": 1.2696953341793826,
      "min": 1.1932560590297303,
      "max": 5.279007889391412,
      "values": [
        2.9903294740360162,
        2.4805679936734486,
        1.7512154001466103,
        1.1932560590297303,
        5.279007889391412,
        3.7555113146090804,
        3.5990416551657267,
        3.2857847732414904
      ]
    },
    "c4_r1p5_retain": {
      "n": 8,
      "mean": 3.0890881437046196,
      "sd": 1.187930612043338,
      "min": 1.2119910821348798,
      "max": 4.667916110126933,
      "values": [
        3.69359120995633,
        2.359011077241025,
        1.7573097437075942,
        1.2119910821348798,
        4.667916110126933,
        3.9826212482864793,
        3.6201149740252294,
        3.420149704158486
      ]
    },
    "c4_r1_reset": {
      "n": 8,
      "mean": 3.329122307723615,
      "sd": 1.3718760468639744,
      "min": 1.2051349241806804,
      "max": 5.071555099144371,
      "values": [
        4.593601466864583,
        2.7808184640925897,
        1.7087394792378923,
        1.2051349241806804,
        5.071555099144371,
        4.081258652169976,
        4.039579364783178,
        3.1522910113156484
      ]
    },
    "c4_r1p5_reset": {
      "n": 8,
      "mean": 3.332410134022245,
      "sd": 1.4293985416781723,
      "min": 1.2119762352315775,
      "max": 5.24165475528501,
      "values": [
        3.481434965105848,
        2.6063169996102022,
        1.7650261424479026,
        1.2119762352315775,
        5.24165475528501,
        3.9627581914568286,
        4.991623475862664,
        3.3984903071779273
      ]
    },
    "baseline": {
      "n": 8,
      "mean": 3.42359919537714,
      "sd": 1.243548998291169,
      "min": 1.505391065087887,
      "max": 5.005354785873583,
      "values": [
        4.508794948059597,
        3.5399081874095177,
        1.766901058447987,
        1.505391065087887,
        4.013076406291337,
        3.936799923366547,
        5.005354785873583,
        3.1125671884806665
      ]
    },
    "v3_selected": {
      "n": 8,
      "mean": 3.152139646469033,
      "sd": 1.159945398741791,
      "min": 1.2435834336893672,
      "max": 4.452210222429311,
      "values": [
        3.613455215981356,
        2.6554392809588037,
        1.740210165712642,
        1.2435834336893672,
        4.108894495274819,
        3.939511860698481,
        4.452210222429311,
        3.4638124970074857
      ]
    }
  },
  "paired_effects": {
    "c4_r1_retain_minus_baseline": {
      "method": "c4_r1_retain",
      "comparator": "baseline",
      "n": 8,
      "mean": -0.38175987546545087,
      "sd": 0.9260405387969493,
      "min": -1.5184654740235808,
      "max": 1.2659314831000748,
      "values": [
        -1.5184654740235808,
        -1.0593401937360691,
        -0.015685658301376693,
        -0.3121350060581567,
        1.2659314831000748,
        -0.18128860875746655,
        -1.406313130707856,
        0.17321758476082394
      ],
      "regimes": {
        "severity=1;period=2500": {
          "n": 2,
          "mean": -1.288902833879825,
          "sd": 0.3246505991054738,
          "min": -1.5184654740235808,
          "max": -1.0593401937360691,
          "values": [
            -1.5184654740235808,
            -1.0593401937360691
          ]
        },
        "severity=1;period=5000": {
          "n": 2,
          "mean": -0.1639103321797667,
          "sd": 0.20962134407714816,
          "min": -0.3121350060581567,
          "max": -0.015685658301376693,
          "values": [
            -0.015685658301376693,
            -0.3121350060581567
          ]
        },
        "severity=3;period=2500": {
          "n": 2,
          "mean": 0.5423214371713041,
          "sd": 1.0233391408218857,
          "min": -0.18128860875746655,
          "max": 1.2659314831000748,
          "values": [
            1.2659314831000748,
            -0.18128860875746655
          ]
        },
        "severity=3;period=5000": {
          "n": 2,
          "mean": -0.616547772973516,
          "sd": 1.1168968800003427,
          "min": -1.406313130707856,
          "max": 0.17321758476082394,
          "values": [
            -1.406313130707856,
            0.17321758476082394
          ]
        }
      },
      "equal_regime_mean": -0.38175987546545087,
      "improved_cases": 6,
      "worsened_cases": 2,
      "tied_cases": 0
    },
    "c4_r1p5_retain_minus_baseline": {
      "method": "c4_r1p5_retain",
      "comparator": "baseline",
      "n": 8,
      "mean": -0.3345110516725206,
      "sd": 0.7264867007951873,
      "min": -1.3852398118483533,
      "max": 0.654839703835596,
      "values": [
        -0.8152037381032669,
        -1.1808971101684929,
        -0.009591314740392765,
        -0.2933999829530072,
        0.654839703835596,
        0.045821324919932405,
        -1.3852398118483533,
        0.3075825156778196
      ],
      "regimes": {
        "severity=1;period=2500": {
          "n": 2,
          "mean": -0.9980504241358799,
          "sd": 0.2585842632222965,
          "min": -1.1808971101684929,
          "max": -0.8152037381032669,
          "values": [
            -0.8152037381032669,
            -1.1808971101684929
          ]
        },
        "severity=1;period=5000": {
          "n": 2,
          "mean": -0.15149564884669997,
          "sd": 0.20068303385266262,
          "min": -0.2933999829530072,
          "max": -0.009591314740392765,
          "values": [
            -0.009591314740392765,
            -0.2933999829530072
          ]
        },
        "severity=3;period=2500": {
          "n": 2,
          "mean": 0.3503305143777642,
          "sd": 0.43064102559850403,
          "min": 0.045821324919932405,
          "max": 0.654839703835596,
          "values": [
            0.654839703835596,
            0.045821324919932405
          ]
        },
        "severity=3;period=5000": {
          "n": 2,
          "mean": -0.5388286480852669,
          "sd": 1.1970061471377516,
          "min": -1.3852398118483533,
          "max": 0.3075825156778196,
          "values": [
            -1.3852398118483533,
            0.3075825156778196
          ]
        }
      },
      "equal_regime_mean": -0.3345110516725206,
      "improved_cases": 5,
      "worsened_cases": 3,
      "tied_cases": 0
    },
    "c4_r1_reset_minus_baseline": {
      "method": "c4_r1_reset",
      "comparator": "baseline",
      "n": 8,
      "mean": -0.0944768876535255,
      "sd": 0.6188796823240547,
      "min": -0.965775421090405,
      "max": 1.0584786928530336,
      "values": [
        0.08480651880498602,
        -0.759089723316928,
        -0.05816157921009468,
        -0.30025614090720665,
        1.0584786928530336,
        0.14445872880342892,
        -0.965775421090405,
        0.03972382283498188
      ],
      "regimes": {
        "severity=1;period=2500": {
          "n": 2,
          "mean": -0.337141602255971,
          "sd": 0.59672475542225,
          "min": -0.759089723316928,
          "max": 0.08480651880498602,
          "values": [
            0.08480651880498602,
            -0.759089723316928
          ]
        },
        "severity=1;period=5000": {
          "n": 2,
          "mean": -0.17920886005865067,
          "sd": 0.17118670626441287,
          "min": -0.30025614090720665,
          "max": -0.05816157921009468,
          "values": [
            -0.05816157921009468,
            -0.30025614090720665
          ]
        },
        "severity=3;period=2500": {
          "n": 2,
          "mean": 0.6014687108282313,
          "sd": 0.6463097147193599,
          "min": 0.14445872880342892,
          "max": 1.0584786928530336,
          "values": [
            1.0584786928530336,
            0.14445872880342892
          ]
        },
        "severity=3;period=5000": {
          "n": 2,
          "mean": -0.4630257991277116,
          "sd": 0.7109953338575875,
          "min": -0.965775421090405,
          "max": 0.03972382283498188,
          "values": [
            -0.965775421090405,
            0.03972382283498188
          ]
        }
      },
      "equal_regime_mean": -0.0944768876535255,
      "improved_cases": 4,
      "worsened_cases": 4,
      "tied_cases": 0
    },
    "c4_r1p5_reset_minus_baseline": {
      "method": "c4_r1p5_reset",
      "comparator": "baseline",
      "n": 8,
      "mean": -0.0911890613548953,
      "sd": 0.7110005453979257,
      "min": -1.0273599829537492,
      "max": 1.2285783489936728,
      "values": [
        -1.0273599829537492,
        -0.9335911877993155,
        -0.0018749160000843812,
        -0.2934148298563095,
        1.2285783489936728,
        0.025958268090281678,
        -0.013731310010919096,
        0.28592311869726084
      ],
      "regimes": {
        "severity=1;period=2500": {
          "n": 2,
          "mean": -0.9804755853765323,
          "sd": 0.06630455091739235,
          "min": -1.0273599829537492,
          "max": -0.9335911877993155,
          "values": [
            -1.0273599829537492,
            -0.9335911877993155
          ]
        },
        "severity=1;period=5000": {
          "n": 2,
          "mean": -0.14764487292819695,
          "sd": 0.2061498500742787,
          "min": -0.2934148298563095,
          "max": -0.0018749160000843812,
          "values": [
            -0.0018749160000843812,
            -0.2934148298563095
          ]
        },
        "severity=3;period=2500": {
          "n": 2,
          "mean": 0.6272683085419772,
          "sd": 0.8503808143979023,
          "min": 0.025958268090281678,
          "max": 1.2285783489936728,
          "values": [
            1.2285783489936728,
            0.025958268090281678
          ]
        },
        "severity=3;period=5000": {
          "n": 2,
          "mean": 0.13609590434317087,
          "sd": 0.2118876785521349,
          "min": -0.013731310010919096,
          "max": 0.28592311869726084,
          "values": [
            -0.013731310010919096,
            0.28592311869726084
          ]
        }
      },
      "equal_regime_mean": -0.0911890613548953,
      "improved_cases": 5,
      "worsened_cases": 3,
      "tied_cases": 0
    },
    "v3_selected_minus_baseline": {
      "method": "v3_selected",
      "comparator": "baseline",
      "n": 8,
      "mean": -0.2714595489081071,
      "sd": 0.4632466889856265,
      "min": -0.895339732078241,
      "max": 0.35124530852681923,
      "values": [
        -0.895339732078241,
        -0.8844689064507141,
        -0.026690892735344862,
        -0.2618076313985198,
        0.09581808898348143,
        0.002711937331933978,
        -0.5531445634442713,
        0.35124530852681923
      ],
      "regimes": {
        "severity=1;period=2500": {
          "n": 2,
          "mean": -0.8899043192644776,
          "sd": 0.007686834518320811,
          "min": -0.895339732078241,
          "max": -0.8844689064507141,
          "values": [
            -0.895339732078241,
            -0.8844689064507141
          ]
        },
        "severity=1;period=5000": {
          "n": 2,
          "mean": -0.14424926206693234,
          "sd": 0.16625264027919634,
          "min": -0.2618076313985198,
          "max": -0.026690892735344862,
          "values": [
            -0.026690892735344862,
            -0.2618076313985198
          ]
        },
        "severity=3;period=2500": {
          "n": 2,
          "mean": 0.049265013157707704,
          "sd": 0.06583599120299227,
          "min": 0.002711937331933978,
          "max": 0.09581808898348143,
          "values": [
            0.09581808898348143,
            0.002711937331933978
          ]
        },
        "severity=3;period=5000": {
          "n": 2,
          "mean": -0.10094962745872604,
          "sd": 0.6395002113071917,
          "min": -0.5531445634442713,
          "max": 0.35124530852681923,
          "values": [
            -0.5531445634442713,
            0.35124530852681923
          ]
        }
      },
      "equal_regime_mean": -0.2714595489081071,
      "improved_cases": 5,
      "worsened_cases": 3,
      "tied_cases": 0
    },
    "radius_effect_retain": {
      "method": "c4_r1p5_retain",
      "comparator": "c4_r1_retain",
      "n": 8,
      "mean": 0.04724882379293027,
      "sd": 0.3655508150225476,
      "min": -0.6110917792644788,
      "max": 0.7032617359203139,
      "values": [
        0.7032617359203139,
        -0.12155691643242372,
        0.006094343560983928,
        0.018735023105149518,
        -0.6110917792644788,
        0.22710993367739896,
        0.0210733188595027,
        0.13436493091699564
      ],
      "regimes": {
        "severity=1;period=2500": {
          "n": 2,
          "mean": 0.2908524097439451,
          "sd": 0.5832348623277703,
          "min": -0.12155691643242372,
          "max": 0.7032617359203139,
          "values": [
            0.7032617359203139,
            -0.12155691643242372
          ]
        },
        "severity=1;period=5000": {
          "n": 2,
          "mean": 0.012414683333066723,
          "sd": 0.008938310224485565,
          "min": 0.006094343560983928,
          "max": 0.018735023105149518,
          "values": [
            0.006094343560983928,
            0.018735023105149518
          ]
        },
        "severity=3;period=2500": {
          "n": 2,
          "mean": -0.1919909227935399,
          "sd": 0.5926981152233817,
          "min": -0.6110917792644788,
          "max": 0.22710993367739896,
          "values": [
            -0.6110917792644788,
            0.22710993367739896
          ]
        },
        "severity=3;period=5000": {
          "n": 2,
          "mean": 0.07771912488824917,
          "sd": 0.08010926713740889,
          "min": 0.0210733188595027,
          "max": 0.13436493091699564,
          "values": [
            0.0210733188595027,
            0.13436493091699564
          ]
        }
      },
      "equal_regime_mean": 0.04724882379293027,
      "improved_cases": 2,
      "worsened_cases": 6,
      "tied_cases": 0
    },
    "radius_effect_reset": {
      "method": "c4_r1p5_reset",
      "comparator": "c4_r1_reset",
      "n": 8,
      "mean": 0.0032878262986301976,
      "sd": 0.5707729017057754,
      "min": -1.1121665017587352,
      "max": 0.9520441110794859,
      "values": [
        -1.1121665017587352,
        -0.17450146448238746,
        0.0562866632100103,
        0.006841311050897136,
        0.17009965614063915,
        -0.11850046071314724,
        0.9520441110794859,
        0.24619929586227896
      ],
      "regimes": {
        "severity=1;period=2500": {
          "n": 2,
          "mean": -0.6433339831205613,
          "sd": 0.6630293063396424,
          "min": -1.1121665017587352,
          "max": -0.17450146448238746,
          "values": [
            -1.1121665017587352,
            -0.17450146448238746
          ]
        },
        "severity=1;period=5000": {
          "n": 2,
          "mean": 0.03156398713045372,
          "sd": 0.034963143809865815,
          "min": 0.006841311050897136,
          "max": 0.0562866632100103,
          "values": [
            0.0562866632100103,
            0.006841311050897136
          ]
        },
        "severity=3;period=2500": {
          "n": 2,
          "mean": 0.02579959771374596,
          "sd": 0.2040710996785424,
          "min": -0.11850046071314724,
          "max": 0.17009965614063915,
          "values": [
            0.17009965614063915,
            -0.11850046071314724
          ]
        },
        "severity=3;period=5000": {
          "n": 2,
          "mean": 0.5991217034708824,
          "sd": 0.49910765530545265,
          "min": 0.24619929586227896,
          "max": 0.9520441110794859,
          "values": [
            0.9520441110794859,
            0.24619929586227896
          ]
        }
      },
      "equal_regime_mean": 0.0032878262986301976,
      "improved_cases": 3,
      "worsened_cases": 5,
      "tied_cases": 0
    },
    "reset_effect_radius_1": {
      "method": "c4_r1_reset",
      "comparator": "c4_r1_retain",
      "n": 8,
      "mean": 0.2872829878119254,
      "sd": 0.5810540501976854,
      "min": -0.2074527902470411,
      "max": 1.6032719928285668,
      "values": [
        1.6032719928285668,
        0.3002504704191411,
        -0.04247592090871799,
        0.011878865150950046,
        -0.2074527902470411,
        0.32574733756089547,
        0.440537709617451,
        -0.13349376192584206
      ],
      "regimes": {
        "severity=1;period=2500": {
          "n": 2,
          "mean": 0.951761231623854,
          "sd": 0.9213753545277238,
          "min": 0.3002504704191411,
          "max": 1.6032719928285668,
          "values": [
            1.6032719928285668,
            0.3002504704191411
          ]
        },
        "severity=1;period=5000": {
          "n": 2,
          "mean": -0.015298527878883972,
          "sd": 0.03843463781273529,
          "min": -0.04247592090871799,
          "max": 0.011878865150950046,
          "values": [
            -0.04247592090871799,
            0.011878865150950046
          ]
        },
        "severity=3;period=2500": {
          "n": 2,
          "mean": 0.05914727365692718,
          "sd": 0.37702942610252577,
          "min": -0.2074527902470411,
          "max": 0.32574733756089547,
          "values": [
            -0.2074527902470411,
            0.32574733756089547
          ]
        },
        "severity=3;period=5000": {
          "n": 2,
          "mean": 0.15352197384580446,
          "sd": 0.4059015461427552,
          "min": -0.13349376192584206,
          "max": 0.440537709617451,
          "values": [
            0.440537709617451,
            -0.13349376192584206
          ]
        }
      },
      "equal_regime_mean": 0.2872829878119254,
      "improved_cases": 3,
      "worsened_cases": 5,
      "tied_cases": 0
    },
    "reset_effect_radius_1p5": {
      "method": "c4_r1p5_reset",
      "comparator": "c4_r1p5_retain",
      "n": 8,
      "mean": 0.24332199031762533,
      "sd": 0.5132056926509238,
      "min": -0.21215624485048235,
      "max": 1.3715085018374342,
      "values": [
        -0.21215624485048235,
        0.24730592236917737,
        0.007716398740308383,
        -1.4846903302334624e-05,
        0.5737386451580768,
        -0.019863056829650727,
        1.3715085018374342,
        -0.021659396980558743
      ],
      "regimes": {
        "severity=1;period=2500": {
          "n": 2,
          "mean": 0.01757483875934751,
          "sd": 0.32488881413968884,
          "min": -0.21215624485048235,
          "max": 0.24730592236917737,
          "values": [
            -0.21215624485048235,
            0.24730592236917737
          ]
        },
        "severity=1;period=5000": {
          "n": 2,
          "mean": 0.0038507759185030244,
          "sd": 0.005466816221616093,
          "min": -1.4846903302334624e-05,
          "max": 0.007716398740308383,
          "values": [
            0.007716398740308383,
            -1.4846903302334624e-05
          ]
        },
        "severity=3;period=2500": {
          "n": 2,
          "mean": 0.27693779416421305,
          "sd": 0.4197397887993983,
          "min": -0.019863056829650727,
          "max": 0.5737386451580768,
          "values": [
            0.5737386451580768,
            -0.019863056829650727
          ]
        },
        "severity=3;period=5000": {
          "n": 2,
          "mean": 0.6749245524284377,
          "sd": 0.9851184685856167,
          "min": -0.021659396980558743,
          "max": 1.3715085018374342,
          "values": [
            1.3715085018374342,
            -0.021659396980558743
          ]
        }
      },
      "equal_regime_mean": 0.24332199031762533,
      "improved_cases": 4,
      "worsened_cases": 4,
      "tied_cases": 0
    },
    "v3_minus_direct_constant_4_1p5": {
      "method": "v3_selected",
      "comparator": "c4_r1p5_retain",
      "n": 8,
      "mean": 0.06305150276441357,
      "sd": 0.3914132855605898,
      "min": -0.5590216148521145,
      "max": 0.832095248404082,
      "values": [
        -0.08013599397497417,
        0.2964282037177788,
        -0.017099577994952098,
        0.03159235155448736,
        -0.5590216148521145,
        -0.04310938758799843,
        0.832095248404082,
        0.043662792848999654
      ],
      "regimes": {
        "severity=1;period=2500": {
          "n": 2,
          "mean": 0.1081461048714023,
          "sd": 0.2662710977406173,
          "min": -0.08013599397497417,
          "max": 0.2964282037177788,
          "values": [
            -0.08013599397497417,
            0.2964282037177788
          ]
        },
        "severity=1;period=5000": {
          "n": 2,
          "mean": 0.007246386779767633,
          "sd": 0.03443039357346628,
          "min": -0.017099577994952098,
          "max": 0.03159235155448736,
          "values": [
            -0.017099577994952098,
            0.03159235155448736
          ]
        },
        "severity=3;period=2500": {
          "n": 2,
          "mean": -0.3010655012200565,
          "sd": 0.3648050343955117,
          "min": -0.5590216148521145,
          "max": -0.04310938758799843,
          "values": [
            -0.5590216148521145,
            -0.04310938758799843
          ]
        },
        "severity=3;period=5000": {
          "n": 2,
          "mean": 0.4378790206265408,
          "sd": 0.55750593583056,
          "min": 0.043662792848999654,
          "max": 0.832095248404082,
          "values": [
            0.832095248404082,
            0.043662792848999654
          ]
        }
      },
      "equal_regime_mean": 0.06305150276441357,
      "improved_cases": 4,
      "worsened_cases": 4,
      "tied_cases": 0
    },
    "radius_by_velocity_interaction": {
      "expression": "(r1.5_reset - r1_reset) - (r1.5_retain - r1_retain)",
      "interpretation": "Negative: increasing radius is more beneficial / less harmful with reset; not evidence of an overshoot mediator.",
      "n": 8,
      "mean": -0.043960997494300075,
      "sd": 0.8362076921498303,
      "min": -1.8154282376790492,
      "max": 0.9309707922199832,
      "values": [
        -1.8154282376790492,
        -0.052944548049963736,
        0.05019231964902637,
        -0.011893712054252381,
        0.7811914354051179,
        -0.3456103943905462,
        0.9309707922199832,
        0.11183436494528332
      ],
      "regimes": {
        "severity=1;period=2500": {
          "n": 2,
          "mean": -0.9341863928645064,
          "sd": 1.2462641686674127,
          "min": -1.8154282376790492,
          "max": -0.052944548049963736,
          "values": [
            -1.8154282376790492,
            -0.052944548049963736
          ]
        },
        "severity=1;period=5000": {
          "n": 2,
          "mean": 0.019149303797386996,
          "sd": 0.04390145403435138,
          "min": -0.011893712054252381,
          "max": 0.05019231964902637,
          "values": [
            0.05019231964902637,
            -0.011893712054252381
          ]
        },
        "severity=3;period=2500": {
          "n": 2,
          "mean": 0.21779052050728587,
          "sd": 0.796769214901924,
          "min": -0.3456103943905462,
          "max": 0.7811914354051179,
          "values": [
            0.7811914354051179,
            -0.3456103943905462
          ]
        },
        "severity=3;period=5000": {
          "n": 2,
          "mean": 0.5214025785826333,
          "sd": 0.5792169224428615,
          "min": 0.11183436494528332,
          "max": 0.9309707922199832,
          "values": [
            0.9309707922199832,
            0.11183436494528332
          ]
        }
      },
      "equal_regime_mean": -0.043960997494300075,
      "improved_cases": 4,
      "worsened_cases": 4,
      "tied_cases": 0
    }
  }
}
