[2026-09-16T11:42:05+00:00] +     0.1s case_start: method=c4_r1_retain case_index=0 budget=100000
[2026-09-16T11:42:05+00:00] +     0.0s case_start: stage=phase_a method=c4_r1_retain case_index=0 completed=0
[2026-09-16T11:42:08+00:00] +     2.6s case_complete: method=c4_r1_retain case_index=0 offline_error=2.9903 elapsed_seconds=2.5871 completed=1
[2026-09-16T11:42:08+00:00] +     2.6s case_complete: stage=phase_a method=c4_r1_retain case_index=0 offline_error=2.9903 elapsed_seconds=2.5871 completed=1
[2026-09-16T11:42:08+00:00] +     2.6s case_start: method=c4_r1p5_retain case_index=0 budget=100000
[2026-09-16T11:42:08+00:00] +     2.6s case_start: stage=phase_a method=c4_r1p5_retain case_index=0 completed=1
[2026-09-16T11:42:12+00:00] +     5.1s case_complete: method=c4_r1p5_retain case_index=0 offline_error=3.6936 elapsed_seconds=2.369 completed=2
[2026-09-16T11:42:12+00:00] +     5.1s case_complete: stage=phase_a method=c4_r1p5_retain case_index=0 offline_error=3.6936 elapsed_seconds=2.369 completed=2
[2026-09-16T11:42:12+00:00] +     5.2s case_start: method=c4_r1_reset case_index=0 budget=100000
[2026-09-16T11:42:12+00:00] +     5.2s case_start: stage=phase_a method=c4_r1_reset case_index=0 completed=2
[2026-09-16T11:42:14+00:00] +     7.2s case_complete: method=c4_r1_reset case_index=0 offline_error=4.5936 elapsed_seconds=1.9266 completed=3
[2026-09-16T11:42:14+00:00] +     7.2s case_complete: stage=phase_a method=c4_r1_reset case_index=0 offline_error=4.5936 elapsed_seconds=1.9266 completed=3
[2026-09-16T11:42:14+00:00] +     7.2s case_start: method=c4_r1p5_reset case_index=0 budget=100000
[2026-09-16T11:42:14+00:00] +     7.2s case_start: stage=phase_a method=c4_r1p5_reset case_index=0 completed=3
[2026-09-16T11:42:16+00:00] +     9.2s case_complete: method=c4_r1p5_reset case_index=0 offline_error=3.4814 elapsed_seconds=2.0092 completed=4
[2026-09-16T11:42:16+00:00] +     9.2s case_complete: stage=phase_a method=c4_r1p5_reset case_index=0 offline_error=3.4814 elapsed_seconds=2.0092 completed=4
[2026-09-16T11:42:16+00:00] +     9.2s case_start: method=baseline case_index=0 budget=100000
[2026-09-16T11:42:16+00:00] +     9.2s case_start: stage=phase_a method=baseline case_index=0 completed=4
[2026-09-16T11:42:18+00:00] +    11.8s case_complete: method=baseline case_index=0 offline_error=4.5088 elapsed_seconds=2.5019 completed=5
[2026-09-16T11:42:18+00:00] +    11.7s case_complete: stage=phase_a method=baseline case_index=0 offline_error=4.5088 elapsed_seconds=2.5019 completed=5
[2026-09-16T11:42:18+00:00] +    11.8s case_start: method=v3_selected case_index=0 budget=100000
[2026-09-16T11:42:18+00:00] +    11.8s case_start: stage=phase_a method=v3_selected case_index=0 completed=5
[2026-09-16T11:42:21+00:00] +    14.2s case_complete: method=v3_selected case_index=0 offline_error=3.6135 elapsed_seconds=2.3596 completed=6
[2026-09-16T11:42:21+00:00] +    14.2s case_complete: stage=phase_a method=v3_selected case_index=0 offline_error=3.6135 elapsed_seconds=2.3596 completed=6
[2026-09-16T11:42:21+00:00] +    14.2s paused_after_measurement: new_executions=6
