{
  "phase": "pilot",
  "method_errors": {
    "selected": {
      "n": 8,
      "mean": 3.5625804618107892,
      "sd": 2.0171459743382347,
      "min": 1.304547665225205,
      "max": 6.083314687993813,
      "values": [
        2.2298375241891186,
        2.0325912984902246,
        1.304547665225205,
        1.4000642686645288,
        4.480120667472097,
        6.083314687993813,
        5.454530333893961,
        5.515637248557366
      ]
    },
    "comparator": {
      "n": 8,
      "mean": 4.19285583268523,
      "sd": 3.4530492669434083,
      "min": 1.1220969303213126,
      "max": 11.713629819127517,
      "values": [
        2.426470950760077,
        2.0828469106370022,
        1.5276469207943275,
        1.1220969303213126,
        3.9474685312675075,
        5.303418801762647,
        5.419267796811451,
        11.713629819127517
      ]
    }
  },
  "paired_effects": {
    "selected_minus_comparator": {
      "method": "selected",
      "comparator": "comparator",
      "n": 8,
      "mean": -0.6302753708744412,
      "sd": 2.277171313835873,
      "min": -6.197992570570151,
      "max": 0.7798958862311656,
      "values": [
        -0.1966334265709584,
        -0.05025561214677765,
        -0.22309925556912247,
        0.2779673383432162,
        0.5326521362045891,
        0.7798958862311656,
        0.03526253708250948,
        -6.197992570570151
      ],
      "regimes": {
        "severity=1;period=2500": {
          "n": 2,
          "mean": -0.12344451935886802,
          "sd": 0.10350474519460423,
          "min": -0.1966334265709584,
          "max": -0.05025561214677765,
          "values": [
            -0.1966334265709584,
            -0.05025561214677765
          ]
        },
        "severity=1;period=5000": {
          "n": 2,
          "mean": 0.02743404138704686,
          "sd": 0.3543075863814607,
          "min": -0.22309925556912247,
          "max": 0.2779673383432162,
          "values": [
            -0.22309925556912247,
            0.2779673383432162
          ]
        },
        "severity=3;period=2500": {
          "n": 2,
          "mean": 0.6562740112178773,
          "sd": 0.17482773224978387,
          "min": 0.5326521362045891,
          "max": 0.7798958862311656,
          "values": [
            0.5326521362045891,
            0.7798958862311656
          ]
        },
        "severity=3;period=5000": {
          "n": 2,
          "mean": -3.081365016743821,
          "sd": 4.4075769554868796,
          "min": -6.197992570570151,
          "max": 0.03526253708250948,
          "values": [
            0.03526253708250948,
            -6.197992570570151
          ]
        }
      },
      "equal_regime_mean": -0.6302753708744412,
      "improved_cases": 4,
      "worsened_cases": 4,
      "tied_cases": 0,
      "descriptive_bootstrap_95_percent_interval": [
        -1.4720655835700662,
        0.2241230837714832
      ]
    }
  }
}
