[2026-09-16T12:09:30+00:00] +     0.0s case_start: method=selected case_index=0 budget=100000
[2026-09-16T12:09:30+00:00] +     0.0s case_start: stage=pilot method=selected case_index=0 completed=0
[2026-09-16T12:09:31+00:00] +     1.6s case_complete: method=selected case_index=0 offline_error=2.2298 elapsed_seconds=1.5776 completed=1
[2026-09-16T12:09:31+00:00] +     1.6s case_complete: stage=pilot method=selected case_index=0 offline_error=2.2298 elapsed_seconds=1.5776 completed=1
[2026-09-16T12:09:31+00:00] +     1.6s case_start: method=comparator case_index=0 budget=100000
[2026-09-16T12:09:31+00:00] +     1.6s case_start: stage=pilot method=comparator case_index=0 completed=1
[2026-09-16T12:09:33+00:00] +     3.1s case_complete: method=comparator case_index=0 offline_error=2.4265 elapsed_seconds=1.4417 completed=2
[2026-09-16T12:09:33+00:00] +     3.1s case_complete: stage=pilot method=comparator case_index=0 offline_error=2.4265 elapsed_seconds=1.4417 completed=2
[2026-09-16T12:09:33+00:00] +     3.1s case_start: method=selected case_index=1 budget=100000
[2026-09-16T12:09:33+00:00] +     3.1s case_start: stage=pilot method=selected case_index=1 completed=2
[2026-09-16T12:09:34+00:00] +     4.6s case_complete: method=selected case_index=1 offline_error=2.0326 elapsed_seconds=1.4945 completed=3
[2026-09-16T12:09:34+00:00] +     4.6s case_complete: stage=pilot method=selected case_index=1 offline_error=2.0326 elapsed_seconds=1.4945 completed=3
[2026-09-16T12:09:34+00:00] +     4.6s case_start: method=comparator case_index=1 budget=100000
[2026-09-16T12:09:34+00:00] +     4.6s case_start: stage=pilot method=comparator case_index=1 completed=3
[2026-09-16T12:09:36+00:00] +     6.1s case_complete: method=comparator case_index=1 offline_error=2.0828 elapsed_seconds=1.4701 completed=4
[2026-09-16T12:09:36+00:00] +     6.1s case_complete: stage=pilot method=comparator case_index=1 offline_error=2.0828 elapsed_seconds=1.4701 completed=4
[2026-09-16T12:09:36+00:00] +     6.1s case_start: method=selected case_index=2 budget=100000
[2026-09-16T12:09:36+00:00] +     6.1s case_start: stage=pilot method=selected case_index=2 completed=4
[2026-09-16T12:09:37+00:00] +     7.5s case_complete: method=selected case_index=2 offline_error=1.3045 elapsed_seconds=1.4582 completed=5
[2026-09-16T12:09:37+00:00] +     7.5s case_complete: stage=pilot method=selected case_index=2 offline_error=1.3045 elapsed_seconds=1.4582 completed=5
[2026-09-16T12:09:37+00:00] +     7.5s case_start: method=comparator case_index=2 budget=100000
[2026-09-16T12:09:37+00:00] +     7.5s case_start: stage=pilot method=comparator case_index=2 completed=5
[2026-09-16T12:09:39+00:00] +     9.0s case_complete: method=comparator case_index=2 offline_error=1.5276 elapsed_seconds=1.4533 completed=6
[2026-09-16T12:09:39+00:00] +     9.0s case_complete: stage=pilot method=comparator case_index=2 offline_error=1.5276 elapsed_seconds=1.4533 completed=6
[2026-09-16T12:09:39+00:00] +     9.0s case_start: method=selected case_index=3 budget=100000
[2026-09-16T12:09:39+00:00] +     9.0s case_start: stage=pilot method=selected case_index=3 completed=6
[2026-09-16T12:09:40+00:00] +    10.6s case_complete: method=selected case_index=3 offline_error=1.4001 elapsed_seconds=1.5746 completed=7
[2026-09-16T12:09:40+00:00] +    10.6s case_complete: stage=pilot method=selected case_index=3 offline_error=1.4001 elapsed_seconds=1.5746 completed=7
[2026-09-16T12:09:40+00:00] +    10.6s case_start: method=comparator case_index=3 budget=100000
[2026-09-16T12:09:40+00:00] +    10.6s case_start: stage=pilot method=comparator case_index=3 completed=7
[2026-09-16T12:09:42+00:00] +    12.1s case_complete: method=comparator case_index=3 offline_error=1.1221 elapsed_seconds=1.4539 completed=8
[2026-09-16T12:09:42+00:00] +    12.1s case_complete: stage=pilot method=comparator case_index=3 offline_error=1.1221 elapsed_seconds=1.4539 completed=8
[2026-09-16T12:09:42+00:00] +    12.1s case_start: method=selected case_index=4 budget=100000
[2026-09-16T12:09:42+00:00] +    12.1s case_start: stage=pilot method=selected case_index=4 completed=8
[2026-09-16T12:09:43+00:00] +    13.6s case_complete: method=selected case_index=4 offline_error=4.4801 elapsed_seconds=1.5247 completed=9
[2026-09-16T12:09:43+00:00] +    13.6s case_complete: stage=pilot method=selected case_index=4 offline_error=4.4801 elapsed_seconds=1.5247 completed=9
[2026-09-16T12:09:43+00:00] +    13.6s case_start: method=comparator case_index=4 budget=100000
[2026-09-16T12:09:43+00:00] +    13.6s case_start: stage=pilot method=comparator case_index=4 completed=9
[2026-09-16T12:09:46+00:00] +    15.1s case_complete: method=comparator case_index=4 offline_error=3.9475 elapsed_seconds=1.4944 completed=10
[2026-09-16T12:09:46+00:00] +    15.1s case_complete: stage=pilot method=comparator case_index=4 offline_error=3.9475 elapsed_seconds=1.4944 completed=10
[2026-09-16T12:09:46+00:00] +    15.1s case_start: method=selected case_index=5 budget=100000
[2026-09-16T12:09:46+00:00] +    15.1s case_start: stage=pilot method=selected case_index=5 completed=10
[2026-09-16T12:09:48+00:00] +    16.7s case_complete: method=selected case_index=5 offline_error=6.0833 elapsed_seconds=1.5784 completed=11
[2026-09-16T12:09:48+00:00] +    16.7s case_complete: stage=pilot method=selected case_index=5 offline_error=6.0833 elapsed_seconds=1.5784 completed=11
[2026-09-16T12:09:48+00:00] +    16.7s case_start: method=comparator case_index=5 budget=100000
[2026-09-16T12:09:48+00:00] +    16.7s case_start: stage=pilot method=comparator case_index=5 completed=11
[2026-09-16T12:09:49+00:00] +    18.2s case_complete: method=comparator case_index=5 offline_error=5.3034 elapsed_seconds=1.4622 completed=12
[2026-09-16T12:09:49+00:00] +    18.2s case_complete: stage=pilot method=comparator case_index=5 offline_error=5.3034 elapsed_seconds=1.4622 completed=12
[2026-09-16T12:09:49+00:00] +    18.2s case_start: method=selected case_index=6 budget=100000
[2026-09-16T12:09:49+00:00] +    18.2s case_start: stage=pilot method=selected case_index=6 completed=12
[2026-09-16T12:09:51+00:00] +    19.7s case_complete: method=selected case_index=6 offline_error=5.4545 elapsed_seconds=1.4881 completed=13
[2026-09-16T12:09:51+00:00] +    19.7s case_complete: stage=pilot method=selected case_index=6 offline_error=5.4545 elapsed_seconds=1.4881 completed=13
[2026-09-16T12:09:51+00:00] +    19.7s case_start: method=comparator case_index=6 budget=100000
[2026-09-16T12:09:51+00:00] +    19.7s case_start: stage=pilot method=comparator case_index=6 completed=13
[2026-09-16T12:09:52+00:00] +    21.2s case_complete: method=comparator case_index=6 offline_error=5.4193 elapsed_seconds=1.5133 completed=14
[2026-09-16T12:09:52+00:00] +    21.2s case_complete: stage=pilot method=comparator case_index=6 offline_error=5.4193 elapsed_seconds=1.5133 completed=14
[2026-09-16T12:09:52+00:00] +    21.2s case_start: method=selected case_index=7 budget=100000
[2026-09-16T12:09:52+00:00] +    21.2s case_start: stage=pilot method=selected case_index=7 completed=14
[2026-09-16T12:09:54+00:00] +    22.9s case_complete: method=selected case_index=7 offline_error=5.5156 elapsed_seconds=1.6515 completed=15
[2026-09-16T12:09:54+00:00] +    22.9s case_complete: stage=pilot method=selected case_index=7 offline_error=5.5156 elapsed_seconds=1.6515 completed=15
[2026-09-16T12:09:54+00:00] +    22.9s case_start: method=comparator case_index=7 budget=100000
[2026-09-16T12:09:54+00:00] +    22.9s case_start: stage=pilot method=comparator case_index=7 completed=15
[2026-09-16T12:09:55+00:00] +    24.4s case_complete: method=comparator case_index=7 offline_error=11.714 elapsed_seconds=1.5058 completed=16
[2026-09-16T12:09:55+00:00] +    24.4s case_complete: stage=pilot method=comparator case_index=7 offline_error=11.714 elapsed_seconds=1.5058 completed=16
[2026-09-16T12:09:55+00:00] +    24.4s stage_complete: stage=pilot new_executions=16 objective_queries=1600000
