[2026-09-16T11:34:34+00:00] +     0.0s sprint_started: run_id=20260916T113359Z start_utc=2026-09-16T11:33:59+00:00 deadline_utc=2026-09-16T14:33:59+00:00 reviewed_revision=9562e754e4f32c144e31bae04ad316b60031b79c initial_revision=9562e754e4f32c144e31bae04ad316b60031b79c initial_git_status= max_full_case_executions=168 max_full_objective_queries=16800000 native_logical_response_ceiling=60 small_fixtures_accounted_separately=True paid_fallback=False supervising_requested=Astra/Ultra; actual effort not independently observable through repository phase_allocations={'diagnostic': 48, 'native_search': 104, 'pilot': 16}
[2026-09-16T11:42:05+00:00] +     0.0s phase_a_launched: at=2026-09-16T11:42:05.028063+00:00 pid=896157 command=['/home/roland/actir/shinka-adaptive-swarms/.venv/bin/python', '-u', 'scripts/run_radius_velocity_sprint.py', 'run', '--run', '/home/roland/actir/shinka-adaptive-swarms/results/radius_velocity_sprint/20260916T113359Z', '--max-new-cases', '6'] previous_launch_failure=Resolving venv interpreter symlink selected base Python without numpy; failed during import, before any case started. previous_launch_objective_queries=0 previous_launch_case_attempts=0 correction=Preserve virtual environment executable path without symlink resolution.
[2026-09-16T11:42:05+00:00] +     0.0s case_start: stage=phase_a method=c4_r1_retain case_index=0 completed=0
[2026-09-16T11:42:08+00:00] +     2.6s case_complete: stage=phase_a method=c4_r1_retain case_index=0 offline_error=2.9903 elapsed_seconds=2.5871 completed=1
[2026-09-16T11:42:08+00:00] +     2.6s case_start: stage=phase_a method=c4_r1p5_retain case_index=0 completed=1
[2026-09-16T11:42:12+00:00] +     5.1s case_complete: stage=phase_a method=c4_r1p5_retain case_index=0 offline_error=3.6936 elapsed_seconds=2.369 completed=2
[2026-09-16T11:42:12+00:00] +     5.2s case_start: stage=phase_a method=c4_r1_reset case_index=0 completed=2
[2026-09-16T11:42:14+00:00] +     7.2s case_complete: stage=phase_a method=c4_r1_reset case_index=0 offline_error=4.5936 elapsed_seconds=1.9266 completed=3
[2026-09-16T11:42:14+00:00] +     7.2s case_start: stage=phase_a method=c4_r1p5_reset case_index=0 completed=3
[2026-09-16T11:42:16+00:00] +     9.2s case_complete: stage=phase_a method=c4_r1p5_reset case_index=0 offline_error=3.4814 elapsed_seconds=2.0092 completed=4
[2026-09-16T11:42:16+00:00] +     9.2s case_start: stage=phase_a method=baseline case_index=0 completed=4
[2026-09-16T11:42:18+00:00] +    11.7s case_complete: stage=phase_a method=baseline case_index=0 offline_error=4.5088 elapsed_seconds=2.5019 completed=5
[2026-09-16T11:42:18+00:00] +    11.8s case_start: stage=phase_a method=v3_selected case_index=0 completed=5
[2026-09-16T11:42:21+00:00] +    14.2s case_complete: stage=phase_a method=v3_selected case_index=0 offline_error=3.6135 elapsed_seconds=2.3596 completed=6
[2026-09-16T11:43:20+00:00] +     0.2s case_start: stage=phase_a method=c4_r1_retain case_index=1 completed=6
[2026-09-16T11:43:21+00:00] +     1.9s case_complete: stage=phase_a method=c4_r1_retain case_index=1 offline_error=2.4806 elapsed_seconds=1.687 completed=7
[2026-09-16T11:43:21+00:00] +     1.9s case_start: stage=phase_a method=c4_r1p5_retain case_index=1 completed=7
[2026-09-16T11:43:23+00:00] +     3.5s case_complete: stage=phase_a method=c4_r1p5_retain case_index=1 offline_error=2.359 elapsed_seconds=1.6462 completed=8
[2026-09-16T11:43:23+00:00] +     3.5s case_start: stage=phase_a method=c4_r1_reset case_index=1 completed=8
[2026-09-16T11:43:25+00:00] +     5.2s case_complete: stage=phase_a method=c4_r1_reset case_index=1 offline_error=2.7808 elapsed_seconds=1.6041 completed=9
[2026-09-16T11:43:25+00:00] +     5.2s case_start: stage=phase_a method=c4_r1p5_reset case_index=1 completed=9
[2026-09-16T11:43:26+00:00] +     6.8s case_complete: stage=phase_a method=c4_r1p5_reset case_index=1 offline_error=2.6063 elapsed_seconds=1.6563 completed=10
[2026-09-16T11:43:26+00:00] +     6.8s case_start: stage=phase_a method=baseline case_index=1 completed=10
[2026-09-16T11:43:28+00:00] +     8.5s case_complete: stage=phase_a method=baseline case_index=1 offline_error=3.5399 elapsed_seconds=1.659 completed=11
[2026-09-16T11:43:28+00:00] +     8.5s case_start: stage=phase_a method=v3_selected case_index=1 completed=11
[2026-09-16T11:43:30+00:00] +    10.1s case_complete: stage=phase_a method=v3_selected case_index=1 offline_error=2.6554 elapsed_seconds=1.5571 completed=12
[2026-09-16T11:43:30+00:00] +    10.1s case_start: stage=phase_a method=c4_r1_retain case_index=2 completed=12
[2026-09-16T11:43:31+00:00] +    11.6s case_complete: stage=phase_a method=c4_r1_retain case_index=2 offline_error=1.7512 elapsed_seconds=1.5229 completed=13
[2026-09-16T11:43:31+00:00] +    11.6s case_start: stage=phase_a method=c4_r1p5_retain case_index=2 completed=13
[2026-09-16T11:43:33+00:00] +    13.2s case_complete: stage=phase_a method=c4_r1p5_retain case_index=2 offline_error=1.7573 elapsed_seconds=1.5229 completed=14
[2026-09-16T11:43:33+00:00] +    13.2s case_start: stage=phase_a method=c4_r1_reset case_index=2 completed=14
[2026-09-16T11:43:34+00:00] +    14.7s case_complete: stage=phase_a method=c4_r1_reset case_index=2 offline_error=1.7087 elapsed_seconds=1.5446 completed=15
[2026-09-16T11:43:34+00:00] +    14.7s case_start: stage=phase_a method=c4_r1p5_reset case_index=2 completed=15
[2026-09-16T11:43:36+00:00] +    16.4s case_complete: stage=phase_a method=c4_r1p5_reset case_index=2 offline_error=1.765 elapsed_seconds=1.6755 completed=16
[2026-09-16T11:43:36+00:00] +    16.4s case_start: stage=phase_a method=baseline case_index=2 completed=16
[2026-09-16T11:43:37+00:00] +    18.0s case_complete: stage=phase_a method=baseline case_index=2 offline_error=1.7669 elapsed_seconds=1.5658 completed=17
[2026-09-16T11:43:37+00:00] +    18.0s case_start: stage=phase_a method=v3_selected case_index=2 completed=17
[2026-09-16T11:43:39+00:00] +    19.6s case_complete: stage=phase_a method=v3_selected case_index=2 offline_error=1.7402 elapsed_seconds=1.5315 completed=18
[2026-09-16T11:43:39+00:00] +    19.6s case_start: stage=phase_a method=c4_r1_retain case_index=3 completed=18
[2026-09-16T11:43:41+00:00] +    21.2s case_complete: stage=phase_a method=c4_r1_retain case_index=3 offline_error=1.1933 elapsed_seconds=1.5845 completed=19
[2026-09-16T11:43:41+00:00] +    21.2s case_start: stage=phase_a method=c4_r1p5_retain case_index=3 completed=19
[2026-09-16T11:43:42+00:00] +    22.8s case_complete: stage=phase_a method=c4_r1p5_retain case_index=3 offline_error=1.212 elapsed_seconds=1.6559 completed=20
[2026-09-16T11:43:42+00:00] +    22.8s case_start: stage=phase_a method=c4_r1_reset case_index=3 completed=20
[2026-09-16T11:43:44+00:00] +    24.4s case_complete: stage=phase_a method=c4_r1_reset case_index=3 offline_error=1.2051 elapsed_seconds=1.4964 completed=21
[2026-09-16T11:43:44+00:00] +    24.4s case_start: stage=phase_a method=c4_r1p5_reset case_index=3 completed=21
[2026-09-16T11:43:45+00:00] +    25.9s case_complete: stage=phase_a method=c4_r1p5_reset case_index=3 offline_error=1.212 elapsed_seconds=1.5822 completed=22
[2026-09-16T11:43:45+00:00] +    25.9s case_start: stage=phase_a method=baseline case_index=3 completed=22
[2026-09-16T11:43:47+00:00] +    27.5s case_complete: stage=phase_a method=baseline case_index=3 offline_error=1.5054 elapsed_seconds=1.5798 completed=23
[2026-09-16T11:43:47+00:00] +    27.6s case_start: stage=phase_a method=v3_selected case_index=3 completed=23
[2026-09-16T11:43:49+00:00] +    29.1s case_complete: stage=phase_a method=v3_selected case_index=3 offline_error=1.2436 elapsed_seconds=1.5394 completed=24
[2026-09-16T11:43:49+00:00] +    29.1s case_start: stage=phase_a method=c4_r1_retain case_index=4 completed=24
[2026-09-16T11:43:50+00:00] +    30.7s case_complete: stage=phase_a method=c4_r1_retain case_index=4 offline_error=5.279 elapsed_seconds=1.6259 completed=25
[2026-09-16T11:43:50+00:00] +    30.8s case_start: stage=phase_a method=c4_r1p5_retain case_index=4 completed=25
[2026-09-16T11:43:53+00:00] +    32.4s case_complete: stage=phase_a method=c4_r1p5_retain case_index=4 offline_error=4.6679 elapsed_seconds=1.6417 completed=26
[2026-09-16T11:43:53+00:00] +    32.4s case_start: stage=phase_a method=c4_r1_reset case_index=4 completed=26
[2026-09-16T11:43:55+00:00] +    34.1s case_complete: stage=phase_a method=c4_r1_reset case_index=4 offline_error=5.0716 elapsed_seconds=1.6682 completed=27
[2026-09-16T11:43:55+00:00] +    34.1s case_start: stage=phase_a method=c4_r1p5_reset case_index=4 completed=27
[2026-09-16T11:43:57+00:00] +    35.9s case_complete: stage=phase_a method=c4_r1p5_reset case_index=4 offline_error=5.2417 elapsed_seconds=1.7364 completed=28
[2026-09-16T11:43:57+00:00] +    35.9s case_start: stage=phase_a method=baseline case_index=4 completed=28
[2026-09-16T11:43:58+00:00] +    37.5s case_complete: stage=phase_a method=baseline case_index=4 offline_error=4.0131 elapsed_seconds=1.6366 completed=29
[2026-09-16T11:43:58+00:00] +    37.5s case_start: stage=phase_a method=v3_selected case_index=4 completed=29
[2026-09-16T11:44:00+00:00] +    39.5s case_complete: stage=phase_a method=v3_selected case_index=4 offline_error=4.1089 elapsed_seconds=1.9535 completed=30
[2026-09-16T11:44:00+00:00] +    39.5s case_start: stage=phase_a method=c4_r1_retain case_index=5 completed=30
[2026-09-16T11:44:03+00:00] +    42.2s case_complete: stage=phase_a method=c4_r1_retain case_index=5 offline_error=3.7555 elapsed_seconds=2.6074 completed=31
[2026-09-16T11:44:03+00:00] +    42.3s case_start: stage=phase_a method=c4_r1p5_retain case_index=5 completed=31
[2026-09-16T11:44:05+00:00] +    44.0s case_complete: stage=phase_a method=c4_r1p5_retain case_index=5 offline_error=3.9826 elapsed_seconds=1.6617 completed=32
[2026-09-16T11:44:05+00:00] +    44.0s case_start: stage=phase_a method=c4_r1_reset case_index=5 completed=32
[2026-09-16T11:44:07+00:00] +    45.7s case_complete: stage=phase_a method=c4_r1_reset case_index=5 offline_error=4.0813 elapsed_seconds=1.6574 completed=33
[2026-09-16T11:44:07+00:00] +    45.7s case_start: stage=phase_a method=c4_r1p5_reset case_index=5 completed=33
[2026-09-16T11:44:08+00:00] +    47.4s case_complete: stage=phase_a method=c4_r1p5_reset case_index=5 offline_error=3.9628 elapsed_seconds=1.6342 completed=34
[2026-09-16T11:44:08+00:00] +    47.4s case_start: stage=phase_a method=baseline case_index=5 completed=34
[2026-09-16T11:44:10+00:00] +    49.1s case_complete: stage=phase_a method=baseline case_index=5 offline_error=3.9368 elapsed_seconds=1.7525 completed=35
[2026-09-16T11:44:10+00:00] +    49.1s case_start: stage=phase_a method=v3_selected case_index=5 completed=35
[2026-09-16T11:44:12+00:00] +    50.8s case_complete: stage=phase_a method=v3_selected case_index=5 offline_error=3.9395 elapsed_seconds=1.6005 completed=36
[2026-09-16T11:44:12+00:00] +    50.8s case_start: stage=phase_a method=c4_r1_retain case_index=6 completed=36
[2026-09-16T11:44:13+00:00] +    52.3s case_complete: stage=phase_a method=c4_r1_retain case_index=6 offline_error=3.599 elapsed_seconds=1.5125 completed=37
[2026-09-16T11:44:13+00:00] +    52.3s case_start: stage=phase_a method=c4_r1p5_retain case_index=6 completed=37
[2026-09-16T11:44:15+00:00] +    53.8s case_complete: stage=phase_a method=c4_r1p5_retain case_index=6 offline_error=3.6201 elapsed_seconds=1.5124 completed=38
[2026-09-16T11:44:15+00:00] +    53.8s case_start: stage=phase_a method=c4_r1_reset case_index=6 completed=38
[2026-09-16T11:44:16+00:00] +    55.4s case_complete: stage=phase_a method=c4_r1_reset case_index=6 offline_error=4.0396 elapsed_seconds=1.5442 completed=39
[2026-09-16T11:44:16+00:00] +    55.4s case_start: stage=phase_a method=c4_r1p5_reset case_index=6 completed=39
[2026-09-16T11:44:18+00:00] +    57.0s case_complete: stage=phase_a method=c4_r1p5_reset case_index=6 offline_error=4.9916 elapsed_seconds=1.6252 completed=40
[2026-09-16T11:44:18+00:00] +    57.0s case_start: stage=phase_a method=baseline case_index=6 completed=40
[2026-09-16T11:44:20+00:00] +    58.6s case_complete: stage=phase_a method=baseline case_index=6 offline_error=5.0054 elapsed_seconds=1.5724 completed=41
[2026-09-16T11:44:20+00:00] +    58.6s case_start: stage=phase_a method=v3_selected case_index=6 completed=41
[2026-09-16T11:44:21+00:00] +    60.2s case_complete: stage=phase_a method=v3_selected case_index=6 offline_error=4.4522 elapsed_seconds=1.5338 completed=42
[2026-09-16T11:44:21+00:00] +    60.2s case_start: stage=phase_a method=c4_r1_retain case_index=7 completed=42
[2026-09-16T11:44:23+00:00] +    62.0s case_complete: stage=phase_a method=c4_r1_retain case_index=7 offline_error=3.2858 elapsed_seconds=1.8354 completed=43
[2026-09-16T11:44:23+00:00] +    62.0s case_start: stage=phase_a method=c4_r1p5_retain case_index=7 completed=43
[2026-09-16T11:44:26+00:00] +    63.6s case_complete: stage=phase_a method=c4_r1p5_retain case_index=7 offline_error=3.4201 elapsed_seconds=1.6093 completed=44
[2026-09-16T11:44:26+00:00] +    63.6s case_start: stage=phase_a method=c4_r1_reset case_index=7 completed=44
[2026-09-16T11:44:28+00:00] +    65.4s case_complete: stage=phase_a method=c4_r1_reset case_index=7 offline_error=3.1523 elapsed_seconds=1.7417 completed=45
[2026-09-16T11:44:28+00:00] +    65.4s case_start: stage=phase_a method=c4_r1p5_reset case_index=7 completed=45
[2026-09-16T11:44:29+00:00] +    67.2s case_complete: stage=phase_a method=c4_r1p5_reset case_index=7 offline_error=3.3985 elapsed_seconds=1.7436 completed=46
[2026-09-16T11:44:30+00:00] +    67.2s case_start: stage=phase_a method=baseline case_index=7 completed=46
[2026-09-16T11:44:31+00:00] +    69.0s case_complete: stage=phase_a method=baseline case_index=7 offline_error=3.1126 elapsed_seconds=1.8571 completed=47
[2026-09-16T11:44:31+00:00] +    69.0s case_start: stage=phase_a method=v3_selected case_index=7 completed=47
[2026-09-16T11:44:34+00:00] +    71.3s case_complete: stage=phase_a method=v3_selected case_index=7 offline_error=3.4638 elapsed_seconds=2.199 completed=48
[2026-09-16T11:44:34+00:00] +    71.3s stage_complete: stage=phase_a new_executions=48 objective_queries=4800000
[2026-09-16T11:47:16+00:00] +     0.0s phase_a_interpreted: interaction_mean=-0.043961 interaction_sd=0.83621 selected_fixed_seed=c4_r1_retain seed_mean_error=3.0418 interim=docs/sprints/radius_velocity_20260916/INTERIM.md search_suite=/home/roland/actir/shinka-adaptive-swarms/results/radius_velocity_sprint/20260916T113359Z/search-suite.json
[2026-09-16T11:48:57+00:00] +     0.0s native_search_launched: at=2026-09-16T11:48:57.890615+00:00 pid=900048 command=['timeout', '--signal=TERM', '--kill-after=30s', '7200s', '/home/roland/actir/shinka-adaptive-swarms/.venv/bin/python', '-u', 'scripts/run_evolution.py', '--task', 'radius_velocity_sprint', '--generations', '13', '--search-seed', '620001', '--suite', '/home/roland/actir/shinka-adaptive-swarms/results/radius_velocity_sprint/20260916T113359Z/search-suite.json', '--run-dir', '/home/roland/actir/shinka-adaptive-swarms/results/radius_velocity_sprint/20260916T113359Z/evolution/search_seed_620001', '--engine-profile', 'configs/shinka/radius_velocity_sprint.json', '--embedding-model', 'local/jina-code-v2-q8@http://127.0.0.1:8910/v1', '--model', 'gpt-6-astra', '--logical-response-limit', '60', '--proposal-timeout-seconds', '900', '--evaluation-timeout', '00:10:00'] implementation_commit=9a909f209030aa80144a385baf58123879357437 native_run=/home/roland/actir/shinka-adaptive-swarms/results/radius_velocity_sprint/20260916T113359Z/evolution/search_seed_620001 maximum_seconds_this_child=7200 timeout_scope=Sprint child only; at most120min fromlaunch, preserving at least~44minutes for interpretation/publication within180minsession. Normalcompletionearlierexpected; supervisingreviewcanstopearlier. planned_no_retry_logical_responses=43 response_ceiling=60 inner_effort_override=None inner_effective_effort=unverified provider/profile default; not supervising Ultra
[2026-09-16T11:59:47+00:00] +     0.0s science_inspection_8: activity=Reviewed actual native feedback before remaining slots valid_descendants=8 best_generation=3 best_development_error=2.8868 best_rule=count4/radius1.25/retain radius1p25_reset_minus_retain=0.38888 repeated_full_executions=8 logical_responses_requested_observed=27 response_ceiling=60 decision=Continue frozen native probe; retain all unfavorable and repeated work, no extra slots
[2026-09-16T12:07:37+00:00] +     0.0s pilot_selection_frozen: generation=3 source_sha256=726852b55db9a8ee90301b138f1252ee689ecbc5c5f5431417db4f2f113833e0 comparator=corrected_original_baseline pilot_cases_generated=False
[2026-09-16T12:08:00+00:00] +     0.0s pilot_seed_inventory_start: freeze_sha256=7bc8cf612669e5c8a1ad72f14a2a10a78488ddc58c7c3799d6ebf8f090251652
[2026-09-16T12:08:00+00:00] +     0.8s pilot_seed_inventory_progress: files=250 reserved_seed_values=28
[2026-09-16T12:08:02+00:00] +     2.0s pilot_seed_inventory_progress: files=500 reserved_seed_values=60
[2026-09-16T12:08:03+00:00] +     3.6s pilot_seed_inventory_progress: files=750 reserved_seed_values=60
[2026-09-16T12:08:06+00:00] +     4.9s pilot_seed_inventory_progress: files=1000 reserved_seed_values=60
[2026-09-16T12:08:07+00:00] +     6.3s pilot_seed_inventory_progress: files=1250 reserved_seed_values=60
[2026-09-16T12:08:09+00:00] +     7.8s pilot_seed_inventory_progress: files=1500 reserved_seed_values=60
[2026-09-16T12:08:10+00:00] +     9.0s pilot_seed_inventory_progress: files=1750 reserved_seed_values=60
[2026-09-16T12:08:11+00:00] +    10.6s pilot_seed_inventory_progress: files=2000 reserved_seed_values=60
[2026-09-16T12:08:13+00:00] +    12.2s pilot_seed_inventory_progress: files=2250 reserved_seed_values=60
[2026-09-16T12:08:14+00:00] +    13.3s pilot_seed_inventory_progress: files=2500 reserved_seed_values=398
[2026-09-16T12:08:16+00:00] +    15.3s pilot_seed_inventory_progress: files=2750 reserved_seed_values=435
[2026-09-16T12:08:18+00:00] +    17.2s pilot_seed_inventory_progress: files=3000 reserved_seed_values=470
[2026-09-16T12:08:20+00:00] +    18.9s pilot_seed_inventory_progress: files=3250 reserved_seed_values=542
[2026-09-16T12:08:22+00:00] +    20.9s pilot_seed_inventory_progress: files=3500 reserved_seed_values=542
[2026-09-16T12:08:24+00:00] +    23.0s pilot_seed_inventory_progress: files=3750 reserved_seed_values=542
[2026-09-16T12:08:26+00:00] +    25.0s pilot_seed_inventory_progress: files=4000 reserved_seed_values=542
[2026-09-16T12:08:27+00:00] +    26.4s pilot_seed_inventory_progress: files=4250 reserved_seed_values=543
[2026-09-16T12:08:29+00:00] +    27.7s pilot_seed_inventory_progress: files=4500 reserved_seed_values=584
[2026-09-16T12:08:31+00:00] +    29.9s pilot_seed_inventory_progress: files=4750 reserved_seed_values=586
[2026-09-16T12:08:33+00:00] +    32.0s pilot_seed_inventory_progress: files=5000 reserved_seed_values=586
[2026-09-16T12:08:34+00:00] +    32.7s pilot_seed_inventory_progress: files=5250 reserved_seed_values=587
[2026-09-16T12:08:39+00:00] +    37.0s pilot_seed_inventory_progress: files=5500 reserved_seed_values=587
[2026-09-16T12:08:42+00:00] +    39.1s pilot_seed_inventory_progress: files=5750 reserved_seed_values=587
[2026-09-16T12:08:43+00:00] +    40.4s pilot_seed_inventory_progress: files=6000 reserved_seed_values=587
[2026-09-16T12:08:44+00:00] +    42.1s pilot_seed_inventory_progress: files=6250 reserved_seed_values=587
[2026-09-16T12:08:46+00:00] +    43.8s pilot_seed_inventory_progress: files=6500 reserved_seed_values=587
[2026-09-16T12:08:47+00:00] +    44.9s pilot_seed_inventory_progress: files=6750 reserved_seed_values=587
[2026-09-16T12:08:49+00:00] +    46.4s pilot_seed_inventory_progress: files=7000 reserved_seed_values=587
[2026-09-16T12:08:50+00:00] +    47.9s pilot_seed_inventory_progress: files=7250 reserved_seed_values=587
[2026-09-16T12:08:52+00:00] +    49.3s pilot_seed_inventory_progress: files=7500 reserved_seed_values=587
[2026-09-16T12:08:54+00:00] +    51.4s pilot_seed_inventory_progress: files=7750 reserved_seed_values=587
[2026-09-16T12:08:56+00:00] +    53.3s pilot_seed_inventory_progress: files=8000 reserved_seed_values=587
[2026-09-16T12:08:58+00:00] +    55.2s pilot_seed_inventory_progress: files=8250 reserved_seed_values=587
[2026-09-16T12:09:00+00:00] +    57.2s pilot_seed_inventory_progress: files=8500 reserved_seed_values=587
[2026-09-16T12:09:02+00:00] +    59.2s pilot_seed_inventory_progress: files=8750 reserved_seed_values=587
[2026-09-16T12:09:04+00:00] +    61.4s pilot_seed_inventory_progress: files=9000 reserved_seed_values=587
[2026-09-16T12:09:07+00:00] +    64.8s pilot_seed_inventory_progress: files=9250 reserved_seed_values=591
[2026-09-16T12:09:10+00:00] +    67.7s pilot_seed_inventory_progress: files=9500 reserved_seed_values=591
[2026-09-16T12:09:13+00:00] +    69.4s pilot_seed_inventory_progress: files=9750 reserved_seed_values=591
[2026-09-16T12:09:15+00:00] +    71.8s pilot_seed_inventory_progress: files=10000 reserved_seed_values=591
[2026-09-16T12:09:16+00:00] +    71.8s pilot_cases_generated: generated_at=2026-09-16T12:09:15.997778+00:00 frozen_at=2026-09-16T12:07:37.685711+00:00 cases=8 previous_files_inspected=10020 previous_seed_values=591 manifest=results/radius_velocity_sprint/20260916T113359Z/pilot/manifest.json
[2026-09-16T12:09:30+00:00] +     0.0s case_start: stage=pilot method=selected case_index=0 completed=0
[2026-09-16T12:09:31+00:00] +     1.6s case_complete: stage=pilot method=selected case_index=0 offline_error=2.2298 elapsed_seconds=1.5776 completed=1
[2026-09-16T12:09:31+00:00] +     1.6s case_start: stage=pilot method=comparator case_index=0 completed=1
[2026-09-16T12:09:33+00:00] +     3.1s case_complete: stage=pilot method=comparator case_index=0 offline_error=2.4265 elapsed_seconds=1.4417 completed=2
[2026-09-16T12:09:33+00:00] +     3.1s case_start: stage=pilot method=selected case_index=1 completed=2
[2026-09-16T12:09:34+00:00] +     4.6s case_complete: stage=pilot method=selected case_index=1 offline_error=2.0326 elapsed_seconds=1.4945 completed=3
[2026-09-16T12:09:34+00:00] +     4.6s case_start: stage=pilot method=comparator case_index=1 completed=3
[2026-09-16T12:09:36+00:00] +     6.1s case_complete: stage=pilot method=comparator case_index=1 offline_error=2.0828 elapsed_seconds=1.4701 completed=4
[2026-09-16T12:09:36+00:00] +     6.1s case_start: stage=pilot method=selected case_index=2 completed=4
[2026-09-16T12:09:37+00:00] +     7.5s case_complete: stage=pilot method=selected case_index=2 offline_error=1.3045 elapsed_seconds=1.4582 completed=5
[2026-09-16T12:09:37+00:00] +     7.5s case_start: stage=pilot method=comparator case_index=2 completed=5
[2026-09-16T12:09:39+00:00] +     9.0s case_complete: stage=pilot method=comparator case_index=2 offline_error=1.5276 elapsed_seconds=1.4533 completed=6
[2026-09-16T12:09:39+00:00] +     9.0s case_start: stage=pilot method=selected case_index=3 completed=6
[2026-09-16T12:09:40+00:00] +    10.6s case_complete: stage=pilot method=selected case_index=3 offline_error=1.4001 elapsed_seconds=1.5746 completed=7
[2026-09-16T12:09:40+00:00] +    10.6s case_start: stage=pilot method=comparator case_index=3 completed=7
[2026-09-16T12:09:42+00:00] +    12.1s case_complete: stage=pilot method=comparator case_index=3 offline_error=1.1221 elapsed_seconds=1.4539 completed=8
[2026-09-16T12:09:42+00:00] +    12.1s case_start: stage=pilot method=selected case_index=4 completed=8
[2026-09-16T12:09:43+00:00] +    13.6s case_complete: stage=pilot method=selected case_index=4 offline_error=4.4801 elapsed_seconds=1.5247 completed=9
[2026-09-16T12:09:43+00:00] +    13.6s case_start: stage=pilot method=comparator case_index=4 completed=9
[2026-09-16T12:09:46+00:00] +    15.1s case_complete: stage=pilot method=comparator case_index=4 offline_error=3.9475 elapsed_seconds=1.4944 completed=10
[2026-09-16T12:09:46+00:00] +    15.1s case_start: stage=pilot method=selected case_index=5 completed=10
[2026-09-16T12:09:48+00:00] +    16.7s case_complete: stage=pilot method=selected case_index=5 offline_error=6.0833 elapsed_seconds=1.5784 completed=11
[2026-09-16T12:09:48+00:00] +    16.7s case_start: stage=pilot method=comparator case_index=5 completed=11
[2026-09-16T12:09:49+00:00] +    18.2s case_complete: stage=pilot method=comparator case_index=5 offline_error=5.3034 elapsed_seconds=1.4622 completed=12
[2026-09-16T12:09:49+00:00] +    18.2s case_start: stage=pilot method=selected case_index=6 completed=12
[2026-09-16T12:09:51+00:00] +    19.7s case_complete: stage=pilot method=selected case_index=6 offline_error=5.4545 elapsed_seconds=1.4881 completed=13
[2026-09-16T12:09:51+00:00] +    19.7s case_start: stage=pilot method=comparator case_index=6 completed=13
[2026-09-16T12:09:52+00:00] +    21.2s case_complete: stage=pilot method=comparator case_index=6 offline_error=5.4193 elapsed_seconds=1.5133 completed=14
[2026-09-16T12:09:52+00:00] +    21.2s case_start: stage=pilot method=selected case_index=7 completed=14
[2026-09-16T12:09:54+00:00] +    22.9s case_complete: stage=pilot method=selected case_index=7 offline_error=5.5156 elapsed_seconds=1.6515 completed=15
[2026-09-16T12:09:54+00:00] +    22.9s case_start: stage=pilot method=comparator case_index=7 completed=15
[2026-09-16T12:09:55+00:00] +    24.4s case_complete: stage=pilot method=comparator case_index=7 offline_error=11.714 elapsed_seconds=1.5058 completed=16
[2026-09-16T12:09:55+00:00] +    24.4s stage_complete: stage=pilot new_executions=16 objective_queries=1600000
[2026-09-16T12:11:04+00:00] +     0.0s numerical_study_complete: physical_full_cases=160 objective_queries=16000000 exact_seed_reuses=8 repeated_physical_cases_included=8 fixtures_queries=14000 model_logical_responses=45 remaining_work=independent analysis review, report, immutable archive and authorized GitHub publication
[2026-09-16T12:18:40+00:00] +     0.0s archive_started: destination=/home/roland/actir/shinka-adaptive-swarms/artifacts/radius_velocity_sprint/20260916T113359Z research_complete=True
