{
  "selected": {
    "generation": 1,
    "source_sha256": "621ed25d77cbba848077797583e317a92321342f3055745f67d4548ee37f4adf",
    "source": "evolution/search_seed_630001/gen_1/main.py",
    "case_mean_errors": [
      4.032990068333579,
      2.389688676543515,
      3.3616320090174168,
      4.294607769398746,
      5.282704337189006,
      3.824904235249442,
      2.2617169493894074,
      4.329263872938533
    ],
    "mean_offline_error": 3.7221884897574555
  },
  "method_errors": {
    "random": {
      "n": 8,
      "mean": 3.7221884897574555,
      "sd": 1.0196004859408518,
      "median": 3.92894715179151,
      "min": 2.2617169493894074,
      "max": 5.282704337189006,
      "values": [
        4.032990068333579,
        2.389688676543515,
        3.3616320090174168,
        4.294607769398746,
        5.282704337189006,
        3.824904235249442,
        2.2617169493894074,
        4.329263872938533
      ]
    },
    "heuristic": {
      "n": 8,
      "mean": 3.9016851938394685,
      "sd": 1.1271644289693086,
      "median": 3.920125641745004,
      "min": 2.4975796807968034,
      "max": 5.473700040349858,
      "values": [
        4.120103031422091,
        2.6520324942060083,
        2.4975796807968034,
        5.299675788255555,
        5.473700040349858,
        3.7201482520679168,
        3.095941801510384,
        4.354300462107133
      ]
    },
    "selected": {
      "n": 8,
      "mean": 3.7221884897574555,
      "sd": 1.0196004859408518,
      "median": 3.92894715179151,
      "min": 2.2617169493894074,
      "max": 5.282704337189006,
      "values": [
        4.032990068333579,
        2.389688676543515,
        3.3616320090174168,
        4.294607769398746,
        5.282704337189006,
        3.824904235249442,
        2.2617169493894074,
        4.329263872938533
      ]
    }
  },
  "comparisons": {
    "selected_minus_random": {
      "method": "selected",
      "comparator": "random",
      "n": 8,
      "mean": 0.0,
      "sd": 0.0,
      "median": 0.0,
      "min": 0.0,
      "max": 0.0,
      "values": [
        0.0,
        0.0,
        0.0,
        0.0,
        0.0,
        0.0,
        0.0,
        0.0
      ],
      "regimes": {
        "severity=1;period=2500": {
          "n": 2,
          "mean": 0.0,
          "sd": 0.0,
          "median": 0.0,
          "min": 0.0,
          "max": 0.0,
          "values": [
            0.0,
            0.0
          ]
        },
        "severity=1;period=5000": {
          "n": 2,
          "mean": 0.0,
          "sd": 0.0,
          "median": 0.0,
          "min": 0.0,
          "max": 0.0,
          "values": [
            0.0,
            0.0
          ]
        },
        "severity=3;period=2500": {
          "n": 2,
          "mean": 0.0,
          "sd": 0.0,
          "median": 0.0,
          "min": 0.0,
          "max": 0.0,
          "values": [
            0.0,
            0.0
          ]
        },
        "severity=3;period=5000": {
          "n": 2,
          "mean": 0.0,
          "sd": 0.0,
          "median": 0.0,
          "min": 0.0,
          "max": 0.0,
          "values": [
            0.0,
            0.0
          ]
        }
      },
      "descriptive_bootstrap_95_percent_interval": [
        0.0,
        0.0
      ],
      "equal_regime_mean": 0.0,
      "improved_cases": 0,
      "worsened_cases": 0,
      "tied_cases": 8,
      "largest_absolute_contribution": {
        "case_index": 0,
        "delta": 0.0,
        "contribution_to_eight_case_mean": 0.0,
        "retained": true
      }
    },
    "selected_minus_heuristic": {
      "method": "selected",
      "comparator": "heuristic",
      "n": 8,
      "mean": -0.17949670408201307,
      "sd": 0.5756263260331875,
      "median": -0.13905433312468185,
      "min": -1.005068018856809,
      "max": 0.8640523282206134,
      "values": [
        -0.08711296308851235,
        -0.26234381766249326,
        0.8640523282206134,
        -1.005068018856809,
        -0.19099570316085135,
        0.10475598318152501,
        -0.8342248521209767,
        -0.025036589168600187
      ],
      "regimes": {
        "severity=1;period=2500": {
          "n": 2,
          "mean": -0.1747283903755028,
          "sd": 0.12390692554237565,
          "median": -0.1747283903755028,
          "min": -0.26234381766249326,
          "max": -0.08711296308851235,
          "values": [
            -0.08711296308851235,
            -0.26234381766249326
          ]
        },
        "severity=1;period=5000": {
          "n": 2,
          "mean": -0.07050784531809784,
          "sd": 1.3216676722721987,
          "median": -0.07050784531809784,
          "min": -1.005068018856809,
          "max": 0.8640523282206134,
          "values": [
            0.8640523282206134,
            -1.005068018856809
          ]
        },
        "severity=3;period=2500": {
          "n": 2,
          "mean": -0.04311985998966317,
          "sd": 0.20912802296005115,
          "median": -0.04311985998966317,
          "min": -0.19099570316085135,
          "max": 0.10475598318152501,
          "values": [
            -0.19099570316085135,
            0.10475598318152501
          ]
        },
        "severity=3;period=5000": {
          "n": 2,
          "mean": -0.42963072064478847,
          "sd": 0.5721825079901887,
          "median": -0.42963072064478847,
          "min": -0.8342248521209767,
          "max": -0.025036589168600187,
          "values": [
            -0.8342248521209767,
            -0.025036589168600187
          ]
        }
      },
      "descriptive_bootstrap_95_percent_interval": [
        -0.514285280335738,
        0.1552918721717118
      ],
      "equal_regime_mean": -0.17949670408201307,
      "improved_cases": 6,
      "worsened_cases": 2,
      "tied_cases": 0,
      "largest_absolute_contribution": {
        "case_index": 3,
        "delta": -1.005068018856809,
        "contribution_to_eight_case_mean": -0.12563350235710113,
        "retained": true
      }
    },
    "heuristic_minus_random": {
      "method": "heuristic",
      "comparator": "random",
      "n": 8,
      "mean": 0.17949670408201307,
      "sd": 0.5756263260331875,
      "median": 0.13905433312468185,
      "min": -0.8640523282206134,
      "max": 1.005068018856809,
      "values": [
        0.08711296308851235,
        0.26234381766249326,
        -0.8640523282206134,
        1.005068018856809,
        0.19099570316085135,
        -0.10475598318152501,
        0.8342248521209767,
        0.025036589168600187
      ],
      "regimes": {
        "severity=1;period=2500": {
          "n": 2,
          "mean": 0.1747283903755028,
          "sd": 0.12390692554237565,
          "median": 0.1747283903755028,
          "min": 0.08711296308851235,
          "max": 0.26234381766249326,
          "values": [
            0.08711296308851235,
            0.26234381766249326
          ]
        },
        "severity=1;period=5000": {
          "n": 2,
          "mean": 0.07050784531809784,
          "sd": 1.3216676722721987,
          "median": 0.07050784531809784,
          "min": -0.8640523282206134,
          "max": 1.005068018856809,
          "values": [
            -0.8640523282206134,
            1.005068018856809
          ]
        },
        "severity=3;period=2500": {
          "n": 2,
          "mean": 0.04311985998966317,
          "sd": 0.20912802296005115,
          "median": 0.04311985998966317,
          "min": -0.10475598318152501,
          "max": 0.19099570316085135,
          "values": [
            0.19099570316085135,
            -0.10475598318152501
          ]
        },
        "severity=3;period=5000": {
          "n": 2,
          "mean": 0.42963072064478847,
          "sd": 0.5721825079901887,
          "median": 0.42963072064478847,
          "min": 0.025036589168600187,
          "max": 0.8342248521209767,
          "values": [
            0.8342248521209767,
            0.025036589168600187
          ]
        }
      },
      "descriptive_bootstrap_95_percent_interval": [
        -0.1552918721717118,
        0.514285280335738
      ],
      "equal_regime_mean": 0.17949670408201307,
      "improved_cases": 2,
      "worsened_cases": 6,
      "tied_cases": 0,
      "largest_absolute_contribution": {
        "case_index": 3,
        "delta": 1.005068018856809,
        "contribution_to_eight_case_mean": 0.12563350235710113,
        "retained": true
      }
    }
  }
}
