{
  "selected": {
    "generation": 7,
    "source_sha256": "10611ee221370c70172d45b7f4e9508254943f616918cff54e0011333c46f1a4",
    "source": "evolution/search_seed_630001/gen_7/main.py",
    "case_mean_errors": [
      4.064582158447586,
      2.5983045320220826,
      2.3680266885757564,
      4.190599949110683,
      5.491349126470967,
      3.913908837158315,
      2.05193654155926,
      3.861295237771834
    ],
    "mean_offline_error": 3.5675003838895605
  },
  "method_errors": {
    "random": {
      "n": 8,
      "mean": 3.7221884897574555,
      "sd": 1.0196004859408518,
      "median": 3.92894715179151,
      "min": 2.2617169493894074,
      "max": 5.282704337189006,
      "values": [
        4.032990068333579,
        2.389688676543515,
        3.3616320090174168,
        4.294607769398746,
        5.282704337189006,
        3.824904235249442,
        2.2617169493894074,
        4.329263872938533
      ]
    },
    "heuristic": {
      "n": 8,
      "mean": 3.9016851938394685,
      "sd": 1.1271644289693086,
      "median": 3.920125641745004,
      "min": 2.4975796807968034,
      "max": 5.473700040349858,
      "values": [
        4.120103031422091,
        2.6520324942060083,
        2.4975796807968034,
        5.299675788255555,
        5.473700040349858,
        3.7201482520679168,
        3.095941801510384,
        4.354300462107133
      ]
    },
    "selected": {
      "n": 8,
      "mean": 3.5675003838895605,
      "sd": 1.1475354386670957,
      "median": 3.8876020374650744,
      "min": 2.05193654155926,
      "max": 5.491349126470967,
      "values": [
        4.064582158447586,
        2.5983045320220826,
        2.3680266885757564,
        4.190599949110683,
        5.491349126470967,
        3.913908837158315,
        2.05193654155926,
        3.861295237771834
      ]
    }
  },
  "comparisons": {
    "selected_minus_random": {
      "method": "selected",
      "comparator": "random",
      "n": 8,
      "mean": -0.1546881058678951,
      "sd": 0.4080646734971824,
      "median": -0.03620786508702745,
      "min": -0.9936053204416604,
      "max": 0.20864478928196029,
      "values": [
        0.031592090114007654,
        0.20861585547856754,
        -0.9936053204416604,
        -0.10400782028806255,
        0.20864478928196029,
        0.08900460190887305,
        -0.2097804078301473,
        -0.4679686351666992
      ],
      "regimes": {
        "severity=1;period=2500": {
          "n": 2,
          "mean": 0.1201039727962876,
          "sd": 0.12517470492045657,
          "median": 0.1201039727962876,
          "min": 0.031592090114007654,
          "max": 0.20861585547856754,
          "values": [
            0.031592090114007654,
            0.20861585547856754
          ]
        },
        "severity=1;period=5000": {
          "n": 2,
          "mean": -0.5488065703648615,
          "sd": 0.6290404248852098,
          "median": -0.5488065703648615,
          "min": -0.9936053204416604,
          "max": -0.10400782028806255,
          "values": [
            -0.9936053204416604,
            -0.10400782028806255
          ]
        },
        "severity=3;period=2500": {
          "n": 2,
          "mean": 0.14882469559541667,
          "sd": 0.08459838779393915,
          "median": 0.14882469559541667,
          "min": 0.08900460190887305,
          "max": 0.20864478928196029,
          "values": [
            0.20864478928196029,
            0.08900460190887305
          ]
        },
        "severity=3;period=5000": {
          "n": 2,
          "mean": -0.33887452149842323,
          "sd": 0.1825666463722098,
          "median": -0.33887452149842323,
          "min": -0.4679686351666992,
          "max": -0.2097804078301473,
          "values": [
            -0.2097804078301473,
            -0.4679686351666992
          ]
        }
      },
      "descriptive_bootstrap_95_percent_interval": [
        -0.3053342690530979,
        -0.006405424256489489
      ],
      "equal_regime_mean": -0.1546881058678951,
      "improved_cases": 4,
      "worsened_cases": 4,
      "tied_cases": 0,
      "largest_absolute_contribution": {
        "case_index": 2,
        "delta": -0.9936053204416604,
        "contribution_to_eight_case_mean": -0.12420066505520755,
        "retained": true
      }
    },
    "selected_minus_heuristic": {
      "method": "selected",
      "comparator": "heuristic",
      "n": 8,
      "mean": -0.3341848099499082,
      "sd": 0.497166592806183,
      "median": -0.09253693259777585,
      "min": -1.1090758391448716,
      "max": 0.19376058509039806,
      "values": [
        -0.0555208729745047,
        -0.053727962183925726,
        -0.129552992221047,
        -1.1090758391448716,
        0.017649086121108937,
        0.19376058509039806,
        -1.044005259951124,
        -0.49300522433529936
      ],
      "regimes": {
        "severity=1;period=2500": {
          "n": 2,
          "mean": -0.05462441757921521,
          "sd": 0.0012677793780809252,
          "median": -0.05462441757921521,
          "min": -0.0555208729745047,
          "max": -0.053727962183925726,
          "values": [
            -0.0555208729745047,
            -0.053727962183925726
          ]
        },
        "severity=1;period=5000": {
          "n": 2,
          "mean": -0.6193144156829593,
          "sd": 0.692627247386989,
          "median": -0.6193144156829593,
          "min": -1.1090758391448716,
          "max": -0.129552992221047,
          "values": [
            -0.129552992221047,
            -1.1090758391448716
          ]
        },
        "severity=3;period=2500": {
          "n": 2,
          "mean": 0.1057048356057535,
          "sd": 0.12452963516611201,
          "median": 0.1057048356057535,
          "min": 0.017649086121108937,
          "max": 0.19376058509039806,
          "values": [
            0.017649086121108937,
            0.19376058509039806
          ]
        },
        "severity=3;period=5000": {
          "n": 2,
          "mean": -0.7685052421432117,
          "sd": 0.38961586161797884,
          "median": -0.7685052421432117,
          "min": -1.044005259951124,
          "max": -0.49300522433529936,
          "values": [
            -1.044005259951124,
            -0.49300522433529936
          ]
        }
      },
      "descriptive_bootstrap_95_percent_interval": [
        -0.5255001702673643,
        -0.14286944963245202
      ],
      "equal_regime_mean": -0.3341848099499082,
      "improved_cases": 6,
      "worsened_cases": 2,
      "tied_cases": 0,
      "largest_absolute_contribution": {
        "case_index": 3,
        "delta": -1.1090758391448716,
        "contribution_to_eight_case_mean": -0.13863447989310895,
        "retained": true
      }
    },
    "heuristic_minus_random": {
      "method": "heuristic",
      "comparator": "random",
      "n": 8,
      "mean": 0.17949670408201307,
      "sd": 0.5756263260331875,
      "median": 0.13905433312468185,
      "min": -0.8640523282206134,
      "max": 1.005068018856809,
      "values": [
        0.08711296308851235,
        0.26234381766249326,
        -0.8640523282206134,
        1.005068018856809,
        0.19099570316085135,
        -0.10475598318152501,
        0.8342248521209767,
        0.025036589168600187
      ],
      "regimes": {
        "severity=1;period=2500": {
          "n": 2,
          "mean": 0.1747283903755028,
          "sd": 0.12390692554237565,
          "median": 0.1747283903755028,
          "min": 0.08711296308851235,
          "max": 0.26234381766249326,
          "values": [
            0.08711296308851235,
            0.26234381766249326
          ]
        },
        "severity=1;period=5000": {
          "n": 2,
          "mean": 0.07050784531809784,
          "sd": 1.3216676722721987,
          "median": 0.07050784531809784,
          "min": -0.8640523282206134,
          "max": 1.005068018856809,
          "values": [
            -0.8640523282206134,
            1.005068018856809
          ]
        },
        "severity=3;period=2500": {
          "n": 2,
          "mean": 0.04311985998966317,
          "sd": 0.20912802296005115,
          "median": 0.04311985998966317,
          "min": -0.10475598318152501,
          "max": 0.19099570316085135,
          "values": [
            0.19099570316085135,
            -0.10475598318152501
          ]
        },
        "severity=3;period=5000": {
          "n": 2,
          "mean": 0.42963072064478847,
          "sd": 0.5721825079901887,
          "median": 0.42963072064478847,
          "min": 0.025036589168600187,
          "max": 0.8342248521209767,
          "values": [
            0.8342248521209767,
            0.025036589168600187
          ]
        }
      },
      "descriptive_bootstrap_95_percent_interval": [
        -0.1552918721717118,
        0.514285280335738
      ],
      "equal_regime_mean": 0.17949670408201307,
      "improved_cases": 2,
      "worsened_cases": 6,
      "tied_cases": 0,
      "largest_absolute_contribution": {
        "case_index": 3,
        "delta": 1.005068018856809,
        "contribution_to_eight_case_mean": 0.12563350235710113,
        "retained": true
      }
    }
  }
}
