{
  "selected": {
    "generation": 2,
    "source_sha256": "c03ab38195105e9d6aa35590c74993644f895ad13fbf7960882b20df9c10a941",
    "source": "evolution/search_seed_630001/gen_2/main.py",
    "case_mean_errors": [
      3.963754248708837,
      2.505091300851479,
      2.4189353408348047,
      5.587274252418914,
      4.712015062353873,
      3.941265276839423,
      2.393708028151292,
      3.9236539031828404
    ],
    "mean_offline_error": 3.680712176667683
  },
  "method_errors": {
    "random": {
      "n": 8,
      "mean": 3.7221884897574555,
      "sd": 1.0196004859408518,
      "median": 3.92894715179151,
      "min": 2.2617169493894074,
      "max": 5.282704337189006,
      "values": [
        4.032990068333579,
        2.389688676543515,
        3.3616320090174168,
        4.294607769398746,
        5.282704337189006,
        3.824904235249442,
        2.2617169493894074,
        4.329263872938533
      ]
    },
    "heuristic": {
      "n": 8,
      "mean": 3.9016851938394685,
      "sd": 1.1271644289693086,
      "median": 3.920125641745004,
      "min": 2.4975796807968034,
      "max": 5.473700040349858,
      "values": [
        4.120103031422091,
        2.6520324942060083,
        2.4975796807968034,
        5.299675788255555,
        5.473700040349858,
        3.7201482520679168,
        3.095941801510384,
        4.354300462107133
      ]
    },
    "selected": {
      "n": 8,
      "mean": 3.680712176667683,
      "sd": 1.167177970953372,
      "median": 3.9324595900111317,
      "min": 2.393708028151292,
      "max": 5.587274252418914,
      "values": [
        3.963754248708837,
        2.505091300851479,
        2.4189353408348047,
        5.587274252418914,
        4.712015062353873,
        3.941265276839423,
        2.393708028151292,
        3.9236539031828404
      ]
    }
  },
  "comparisons": {
    "selected_minus_random": {
      "method": "selected",
      "comparator": "random",
      "n": 8,
      "mean": -0.041476313089772676,
      "sd": 0.6638825160063158,
      "median": 0.023083402341611103,
      "min": -0.9426966681826121,
      "max": 1.2926664830201684,
      "values": [
        -0.06923581962474179,
        0.115402624307964,
        -0.9426966681826121,
        1.2926664830201684,
        -0.5706892748351331,
        0.11636104158998117,
        0.13199107876188476,
        -0.40560996975569275
      ],
      "regimes": {
        "severity=1;period=2500": {
          "n": 2,
          "mean": 0.023083402341611103,
          "sd": 0.13055909577254843,
          "median": 0.023083402341611103,
          "min": -0.06923581962474179,
          "max": 0.115402624307964,
          "values": [
            -0.06923581962474179,
            0.115402624307964
          ]
        },
        "severity=1;period=5000": {
          "n": 2,
          "mean": 0.17498490741877815,
          "sd": 1.5806404426300158,
          "median": 0.17498490741877815,
          "min": -0.9426966681826121,
          "max": 1.2926664830201684,
          "values": [
            -0.9426966681826121,
            1.2926664830201684
          ]
        },
        "severity=3;period=2500": {
          "n": 2,
          "mean": -0.22716411662257596,
          "sd": 0.48581793776056154,
          "median": -0.22716411662257596,
          "min": -0.5706892748351331,
          "max": 0.11636104158998117,
          "values": [
            -0.5706892748351331,
            0.11636104158998117
          ]
        },
        "severity=3;period=5000": {
          "n": 2,
          "mean": -0.136809445496904,
          "sd": 0.3801413469797772,
          "median": -0.136809445496904,
          "min": -0.40560996975569275,
          "max": 0.13199107876188476,
          "values": [
            0.13199107876188476,
            -0.40560996975569275
          ]
        }
      },
      "descriptive_bootstrap_95_percent_interval": [
        -0.41117664354640565,
        0.3282240173668603
      ],
      "equal_regime_mean": -0.041476313089772676,
      "improved_cases": 4,
      "worsened_cases": 4,
      "tied_cases": 0,
      "largest_absolute_contribution": {
        "case_index": 3,
        "delta": 1.2926664830201684,
        "contribution_to_eight_case_mean": 0.16158331037752105,
        "retained": true
      }
    },
    "selected_minus_heuristic": {
      "method": "selected",
      "comparator": "heuristic",
      "n": 8,
      "mean": -0.22097301717178575,
      "sd": 0.38765731293825584,
      "median": -0.1516449880338917,
      "min": -0.7616849779959844,
      "max": 0.2875984641633593,
      "values": [
        -0.15634878271325414,
        -0.14694119335452926,
        -0.07864433996199871,
        0.2875984641633593,
        -0.7616849779959844,
        0.2211170247715062,
        -0.702233773359092,
        -0.43064655892429293
      ],
      "regimes": {
        "severity=1;period=2500": {
          "n": 2,
          "mean": -0.1516449880338917,
          "sd": 0.006652170230172764,
          "median": -0.1516449880338917,
          "min": -0.15634878271325414,
          "max": -0.14694119335452926,
          "values": [
            -0.15634878271325414,
            -0.14694119335452926
          ]
        },
        "severity=1;period=5000": {
          "n": 2,
          "mean": 0.1044770621006803,
          "sd": 0.25897277035781713,
          "median": 0.1044770621006803,
          "min": -0.07864433996199871,
          "max": 0.2875984641633593,
          "values": [
            -0.07864433996199871,
            0.2875984641633593
          ]
        },
        "severity=3;period=2500": {
          "n": 2,
          "mean": -0.27028397661223913,
          "sd": 0.6949459607206127,
          "median": -0.27028397661223913,
          "min": -0.7616849779959844,
          "max": 0.2211170247715062,
          "values": [
            -0.7616849779959844,
            0.2211170247715062
          ]
        },
        "severity=3;period=5000": {
          "n": 2,
          "mean": -0.5664401661416925,
          "sd": 0.1920411610104114,
          "median": -0.5664401661416925,
          "min": -0.702233773359092,
          "max": -0.43064655892429293,
          "values": [
            -0.702233773359092,
            -0.43064655892429293
          ]
        }
      },
      "descriptive_bootstrap_95_percent_interval": [
        -0.38960361803339183,
        -0.05234241631017966
      ],
      "equal_regime_mean": -0.22097301717178575,
      "improved_cases": 6,
      "worsened_cases": 2,
      "tied_cases": 0,
      "largest_absolute_contribution": {
        "case_index": 4,
        "delta": -0.7616849779959844,
        "contribution_to_eight_case_mean": -0.09521062224949806,
        "retained": true
      }
    },
    "heuristic_minus_random": {
      "method": "heuristic",
      "comparator": "random",
      "n": 8,
      "mean": 0.17949670408201307,
      "sd": 0.5756263260331875,
      "median": 0.13905433312468185,
      "min": -0.8640523282206134,
      "max": 1.005068018856809,
      "values": [
        0.08711296308851235,
        0.26234381766249326,
        -0.8640523282206134,
        1.005068018856809,
        0.19099570316085135,
        -0.10475598318152501,
        0.8342248521209767,
        0.025036589168600187
      ],
      "regimes": {
        "severity=1;period=2500": {
          "n": 2,
          "mean": 0.1747283903755028,
          "sd": 0.12390692554237565,
          "median": 0.1747283903755028,
          "min": 0.08711296308851235,
          "max": 0.26234381766249326,
          "values": [
            0.08711296308851235,
            0.26234381766249326
          ]
        },
        "severity=1;period=5000": {
          "n": 2,
          "mean": 0.07050784531809784,
          "sd": 1.3216676722721987,
          "median": 0.07050784531809784,
          "min": -0.8640523282206134,
          "max": 1.005068018856809,
          "values": [
            -0.8640523282206134,
            1.005068018856809
          ]
        },
        "severity=3;period=2500": {
          "n": 2,
          "mean": 0.04311985998966317,
          "sd": 0.20912802296005115,
          "median": 0.04311985998966317,
          "min": -0.10475598318152501,
          "max": 0.19099570316085135,
          "values": [
            0.19099570316085135,
            -0.10475598318152501
          ]
        },
        "severity=3;period=5000": {
          "n": 2,
          "mean": 0.42963072064478847,
          "sd": 0.5721825079901887,
          "median": 0.42963072064478847,
          "min": 0.025036589168600187,
          "max": 0.8342248521209767,
          "values": [
            0.8342248521209767,
            0.025036589168600187
          ]
        }
      },
      "descriptive_bootstrap_95_percent_interval": [
        -0.1552918721717118,
        0.514285280335738
      ],
      "equal_regime_mean": 0.17949670408201307,
      "improved_cases": 2,
      "worsened_cases": 6,
      "tied_cases": 0,
      "largest_absolute_contribution": {
        "case_index": 3,
        "delta": 1.005068018856809,
        "contribution_to_eight_case_mean": 0.12563350235710113,
        "retained": true
      }
    }
  }
}
