[2026-09-16T13:35:11+00:00] +     0.1s case_reused: method=random case_index=0 artifact=/home/roland/actir/shinka-adaptive-swarms/results/particle_retention_v1/20260916T132022Z/references/random/case_000.json.gz
[2026-09-16T13:35:11+00:00] +     0.1s case_reused: method=heuristic case_index=0 artifact=/home/roland/actir/shinka-adaptive-swarms/results/particle_retention_v1/20260916T132022Z/references/heuristic/case_000.json.gz
[2026-09-16T13:35:11+00:00] +     0.2s case_start: method=random case_index=1 budget=100000
[2026-09-16T13:35:11+00:00] +     0.2s case_start: stage=references method=random case_index=1 completed=2
[2026-09-16T13:35:13+00:00] +     2.5s case_complete: method=random case_index=1 offline_error=2.3897 elapsed_seconds=2.3637 completed=3
[2026-09-16T13:35:13+00:00] +     2.5s case_complete: stage=references method=random case_index=1 offline_error=2.3897 elapsed_seconds=2.3637 completed=3
[2026-09-16T13:35:13+00:00] +     2.5s case_start: method=heuristic case_index=1 budget=100000
[2026-09-16T13:35:13+00:00] +     2.5s case_start: stage=references method=heuristic case_index=1 completed=3
[2026-09-16T13:35:16+00:00] +     5.1s case_complete: method=heuristic case_index=1 offline_error=2.652 elapsed_seconds=2.581 completed=4
[2026-09-16T13:35:16+00:00] +     5.1s case_complete: stage=references method=heuristic case_index=1 offline_error=2.652 elapsed_seconds=2.581 completed=4
[2026-09-16T13:35:16+00:00] +     5.1s case_start: method=random case_index=2 budget=100000
[2026-09-16T13:35:16+00:00] +     5.1s case_start: stage=references method=random case_index=2 completed=4
[2026-09-16T13:35:18+00:00] +     7.5s case_complete: method=random case_index=2 offline_error=3.3616 elapsed_seconds=2.3284 completed=5
[2026-09-16T13:35:18+00:00] +     7.5s case_complete: stage=references method=random case_index=2 offline_error=3.3616 elapsed_seconds=2.3284 completed=5
[2026-09-16T13:35:18+00:00] +     7.5s case_start: method=heuristic case_index=2 budget=100000
[2026-09-16T13:35:18+00:00] +     7.5s case_start: stage=references method=heuristic case_index=2 completed=5
[2026-09-16T13:35:20+00:00] +     9.5s case_complete: method=heuristic case_index=2 offline_error=2.4976 elapsed_seconds=2.0222 completed=6
[2026-09-16T13:35:20+00:00] +     9.5s case_complete: stage=references method=heuristic case_index=2 offline_error=2.4976 elapsed_seconds=2.0222 completed=6
[2026-09-16T13:35:20+00:00] +     9.5s case_start: method=random case_index=3 budget=100000
[2026-09-16T13:35:20+00:00] +     9.5s case_start: stage=references method=random case_index=3 completed=6
[2026-09-16T13:35:22+00:00] +    11.7s case_complete: method=random case_index=3 offline_error=4.2946 elapsed_seconds=2.1654 completed=7
[2026-09-16T13:35:22+00:00] +    11.7s case_complete: stage=references method=random case_index=3 offline_error=4.2946 elapsed_seconds=2.1654 completed=7
[2026-09-16T13:35:22+00:00] +    11.7s case_start: method=heuristic case_index=3 budget=100000
[2026-09-16T13:35:22+00:00] +    11.7s case_start: stage=references method=heuristic case_index=3 completed=7
[2026-09-16T13:35:25+00:00] +    13.8s case_complete: method=heuristic case_index=3 offline_error=5.2997 elapsed_seconds=2.0683 completed=8
[2026-09-16T13:35:25+00:00] +    13.8s case_complete: stage=references method=heuristic case_index=3 offline_error=5.2997 elapsed_seconds=2.0683 completed=8
[2026-09-16T13:35:25+00:00] +    13.8s case_start: method=random case_index=4 budget=100000
[2026-09-16T13:35:25+00:00] +    13.8s case_start: stage=references method=random case_index=4 completed=8
[2026-09-16T13:35:28+00:00] +    16.8s case_complete: method=random case_index=4 offline_error=5.2827 elapsed_seconds=3.0306 completed=9
[2026-09-16T13:35:28+00:00] +    16.8s case_complete: stage=references method=random case_index=4 offline_error=5.2827 elapsed_seconds=3.0306 completed=9
[2026-09-16T13:35:28+00:00] +    16.9s case_start: method=heuristic case_index=4 budget=100000
[2026-09-16T13:35:28+00:00] +    16.9s case_start: stage=references method=heuristic case_index=4 completed=9
[2026-09-16T13:35:30+00:00] +    19.5s case_complete: method=heuristic case_index=4 offline_error=5.4737 elapsed_seconds=2.6118 completed=10
[2026-09-16T13:35:30+00:00] +    19.5s case_complete: stage=references method=heuristic case_index=4 offline_error=5.4737 elapsed_seconds=2.6118 completed=10
[2026-09-16T13:35:30+00:00] +    19.5s case_start: method=random case_index=5 budget=100000
[2026-09-16T13:35:30+00:00] +    19.5s case_start: stage=references method=random case_index=5 completed=10
[2026-09-16T13:35:33+00:00] +    22.5s case_complete: method=random case_index=5 offline_error=3.8249 elapsed_seconds=3.0527 completed=11
[2026-09-16T13:35:33+00:00] +    22.5s case_complete: stage=references method=random case_index=5 offline_error=3.8249 elapsed_seconds=3.0527 completed=11
[2026-09-16T13:35:33+00:00] +    22.6s case_start: method=heuristic case_index=5 budget=100000
[2026-09-16T13:35:33+00:00] +    22.6s case_start: stage=references method=heuristic case_index=5 completed=11
[2026-09-16T13:35:36+00:00] +    25.7s case_complete: method=heuristic case_index=5 offline_error=3.7201 elapsed_seconds=3.0919 completed=12
[2026-09-16T13:35:36+00:00] +    25.6s case_complete: stage=references method=heuristic case_index=5 offline_error=3.7201 elapsed_seconds=3.0919 completed=12
[2026-09-16T13:35:36+00:00] +    25.7s case_start: method=random case_index=6 budget=100000
[2026-09-16T13:35:36+00:00] +    25.7s case_start: stage=references method=random case_index=6 completed=12
[2026-09-16T13:35:39+00:00] +    28.3s case_complete: method=random case_index=6 offline_error=2.2617 elapsed_seconds=2.603 completed=13
[2026-09-16T13:35:39+00:00] +    28.3s case_complete: stage=references method=random case_index=6 offline_error=2.2617 elapsed_seconds=2.603 completed=13
[2026-09-16T13:35:39+00:00] +    28.3s case_start: method=heuristic case_index=6 budget=100000
[2026-09-16T13:35:39+00:00] +    28.3s case_start: stage=references method=heuristic case_index=6 completed=13
[2026-09-16T13:35:41+00:00] +    30.7s case_complete: method=heuristic case_index=6 offline_error=3.0959 elapsed_seconds=2.3873 completed=14
[2026-09-16T13:35:41+00:00] +    30.7s case_complete: stage=references method=heuristic case_index=6 offline_error=3.0959 elapsed_seconds=2.3873 completed=14
[2026-09-16T13:35:41+00:00] +    30.7s case_start: method=random case_index=7 budget=100000
[2026-09-16T13:35:41+00:00] +    30.7s case_start: stage=references method=random case_index=7 completed=14
[2026-09-16T13:35:45+00:00] +    34.0s case_complete: method=random case_index=7 offline_error=4.3293 elapsed_seconds=3.3148 completed=15
[2026-09-16T13:35:45+00:00] +    34.0s case_complete: stage=references method=random case_index=7 offline_error=4.3293 elapsed_seconds=3.3148 completed=15
[2026-09-16T13:35:45+00:00] +    34.0s case_start: method=heuristic case_index=7 budget=100000
[2026-09-16T13:35:45+00:00] +    34.0s case_start: stage=references method=heuristic case_index=7 completed=15
[2026-09-16T13:35:50+00:00] +    39.1s case_complete: method=heuristic case_index=7 offline_error=4.3543 elapsed_seconds=5.007 completed=16
[2026-09-16T13:35:50+00:00] +    39.0s case_complete: stage=references method=heuristic case_index=7 offline_error=4.3543 elapsed_seconds=5.007 completed=16
[2026-09-16T13:35:50+00:00] +    39.1s stage_complete: stage=references new_executions=16 objective_queries=1600000
