[2026-09-16T13:21:09+00:00] +     0.0s session_started: remote_verified=True initial_git_clean=True existing_compatible_experiment=False deadline_utc=2026-09-16T15:20:22+00:00 limits=80full cases/8Mqueries/40native logical responses/120minutes
[2026-09-16T13:32:39+00:00] +     0.8s seed_inventory_progress: files=250 reserved_seeds=291
[2026-09-16T13:32:40+00:00] +     2.0s seed_inventory_progress: files=500 reserved_seeds=291
[2026-09-16T13:32:42+00:00] +     3.9s seed_inventory_progress: files=750 reserved_seeds=291
[2026-09-16T13:32:44+00:00] +     5.8s seed_inventory_progress: files=1000 reserved_seeds=291
[2026-09-16T13:32:46+00:00] +     7.4s seed_inventory_progress: files=1250 reserved_seeds=291
[2026-09-16T13:32:47+00:00] +     9.2s seed_inventory_progress: files=1500 reserved_seeds=291
[2026-09-16T13:32:50+00:00] +    10.6s seed_inventory_progress: files=1750 reserved_seeds=291
[2026-09-16T13:32:52+00:00] +    12.3s seed_inventory_progress: files=2000 reserved_seeds=291
[2026-09-16T13:32:54+00:00] +    14.1s seed_inventory_progress: files=2250 reserved_seeds=291
[2026-09-16T13:32:55+00:00] +    15.3s seed_inventory_progress: files=2500 reserved_seeds=461
[2026-09-16T13:32:57+00:00] +    17.6s seed_inventory_progress: files=2750 reserved_seeds=498
[2026-09-16T13:33:00+00:00] +    20.5s seed_inventory_progress: files=3000 reserved_seeds=529
[2026-09-16T13:33:02+00:00] +    22.6s seed_inventory_progress: files=3250 reserved_seeds=542
[2026-09-16T13:33:04+00:00] +    24.8s seed_inventory_progress: files=3500 reserved_seeds=542
[2026-09-16T13:33:07+00:00] +    27.6s seed_inventory_progress: files=3750 reserved_seeds=542
[2026-09-16T13:33:10+00:00] +    30.4s seed_inventory_progress: files=4000 reserved_seeds=542
[2026-09-16T13:33:14+00:00] +    33.9s seed_inventory_progress: files=4250 reserved_seeds=543
[2026-09-16T13:33:17+00:00] +    37.5s seed_inventory_progress: files=4500 reserved_seeds=564
[2026-09-16T13:33:19+00:00] +    39.4s seed_inventory_progress: files=4750 reserved_seeds=564
[2026-09-16T13:33:21+00:00] +    41.4s seed_inventory_progress: files=5000 reserved_seeds=606
[2026-09-16T13:33:26+00:00] +    44.6s seed_inventory_progress: files=5250 reserved_seeds=607
[2026-09-16T13:33:27+00:00] +    45.3s seed_inventory_progress: files=5500 reserved_seeds=608
[2026-09-16T13:33:28+00:00] +    47.0s seed_inventory_progress: files=5750 reserved_seeds=608
[2026-09-16T13:33:30+00:00] +    49.1s seed_inventory_progress: files=6000 reserved_seeds=608
[2026-09-16T13:33:32+00:00] +    50.8s seed_inventory_progress: files=6250 reserved_seeds=608
[2026-09-16T13:33:35+00:00] +    53.7s seed_inventory_progress: files=6500 reserved_seeds=608
[2026-09-16T13:33:37+00:00] +    56.1s seed_inventory_progress: files=6750 reserved_seeds=608
[2026-09-16T13:33:39+00:00] +    57.8s seed_inventory_progress: files=7000 reserved_seeds=608
[2026-09-16T13:33:41+00:00] +    60.1s seed_inventory_progress: files=7250 reserved_seeds=608
[2026-09-16T13:33:44+00:00] +    62.3s seed_inventory_progress: files=7500 reserved_seeds=608
[2026-09-16T13:33:45+00:00] +    63.6s seed_inventory_progress: files=7750 reserved_seeds=608
[2026-09-16T13:33:47+00:00] +    65.9s seed_inventory_progress: files=8000 reserved_seeds=608
[2026-09-16T13:33:49+00:00] +    68.0s seed_inventory_progress: files=8250 reserved_seeds=608
[2026-09-16T13:33:51+00:00] +    70.0s seed_inventory_progress: files=8500 reserved_seeds=608
[2026-09-16T13:33:54+00:00] +    72.7s seed_inventory_progress: files=8750 reserved_seeds=608
[2026-09-16T13:33:58+00:00] +    75.3s seed_inventory_progress: files=9000 reserved_seeds=608
[2026-09-16T13:34:00+00:00] +    77.6s seed_inventory_progress: files=9250 reserved_seeds=608
[2026-09-16T13:34:03+00:00] +    80.5s seed_inventory_progress: files=9500 reserved_seeds=608
[2026-09-16T13:34:06+00:00] +    83.4s seed_inventory_progress: files=9750 reserved_seeds=608
[2026-09-16T13:34:08+00:00] +    84.9s seed_inventory_progress: files=10000 reserved_seeds=608
[2026-09-16T13:34:10+00:00] +    86.8s seed_inventory_progress: files=10250 reserved_seeds=608
[2026-09-16T13:34:11+00:00] +    88.0s references_registered: cases=8 methods=['random', 'heuristic'] maximum_new_executions=16 unique_fresh_seeds=16 manifest=/home/roland/actir/shinka-adaptive-swarms/results/particle_retention_v1/20260916T132022Z/references/manifest.json
[2026-09-16T13:34:19+00:00] +     0.0s case_start: stage=references method=random case_index=0 completed=0
[2026-09-16T13:34:21+00:00] +     2.1s case_complete: stage=references method=random case_index=0 offline_error=4.033 elapsed_seconds=2.12 completed=1
[2026-09-16T13:34:21+00:00] +     2.2s case_start: stage=references method=heuristic case_index=0 completed=1
[2026-09-16T13:34:23+00:00] +     4.3s case_complete: stage=references method=heuristic case_index=0 offline_error=4.1201 elapsed_seconds=2.0911 completed=2
[2026-09-16T13:35:11+00:00] +     0.2s case_start: stage=references method=random case_index=1 completed=2
[2026-09-16T13:35:13+00:00] +     2.5s case_complete: stage=references method=random case_index=1 offline_error=2.3897 elapsed_seconds=2.3637 completed=3
[2026-09-16T13:35:13+00:00] +     2.5s case_start: stage=references method=heuristic case_index=1 completed=3
[2026-09-16T13:35:16+00:00] +     5.1s case_complete: stage=references method=heuristic case_index=1 offline_error=2.652 elapsed_seconds=2.581 completed=4
[2026-09-16T13:35:16+00:00] +     5.1s case_start: stage=references method=random case_index=2 completed=4
[2026-09-16T13:35:18+00:00] +     7.5s case_complete: stage=references method=random case_index=2 offline_error=3.3616 elapsed_seconds=2.3284 completed=5
[2026-09-16T13:35:18+00:00] +     7.5s case_start: stage=references method=heuristic case_index=2 completed=5
[2026-09-16T13:35:20+00:00] +     9.5s case_complete: stage=references method=heuristic case_index=2 offline_error=2.4976 elapsed_seconds=2.0222 completed=6
[2026-09-16T13:35:20+00:00] +     9.5s case_start: stage=references method=random case_index=3 completed=6
[2026-09-16T13:35:22+00:00] +    11.7s case_complete: stage=references method=random case_index=3 offline_error=4.2946 elapsed_seconds=2.1654 completed=7
[2026-09-16T13:35:22+00:00] +    11.7s case_start: stage=references method=heuristic case_index=3 completed=7
[2026-09-16T13:35:25+00:00] +    13.8s case_complete: stage=references method=heuristic case_index=3 offline_error=5.2997 elapsed_seconds=2.0683 completed=8
[2026-09-16T13:35:25+00:00] +    13.8s case_start: stage=references method=random case_index=4 completed=8
[2026-09-16T13:35:28+00:00] +    16.8s case_complete: stage=references method=random case_index=4 offline_error=5.2827 elapsed_seconds=3.0306 completed=9
[2026-09-16T13:35:28+00:00] +    16.9s case_start: stage=references method=heuristic case_index=4 completed=9
[2026-09-16T13:35:30+00:00] +    19.5s case_complete: stage=references method=heuristic case_index=4 offline_error=5.4737 elapsed_seconds=2.6118 completed=10
[2026-09-16T13:35:30+00:00] +    19.5s case_start: stage=references method=random case_index=5 completed=10
[2026-09-16T13:35:33+00:00] +    22.5s case_complete: stage=references method=random case_index=5 offline_error=3.8249 elapsed_seconds=3.0527 completed=11
[2026-09-16T13:35:33+00:00] +    22.6s case_start: stage=references method=heuristic case_index=5 completed=11
[2026-09-16T13:35:36+00:00] +    25.6s case_complete: stage=references method=heuristic case_index=5 offline_error=3.7201 elapsed_seconds=3.0919 completed=12
[2026-09-16T13:35:36+00:00] +    25.7s case_start: stage=references method=random case_index=6 completed=12
[2026-09-16T13:35:39+00:00] +    28.3s case_complete: stage=references method=random case_index=6 offline_error=2.2617 elapsed_seconds=2.603 completed=13
[2026-09-16T13:35:39+00:00] +    28.3s case_start: stage=references method=heuristic case_index=6 completed=13
[2026-09-16T13:35:41+00:00] +    30.7s case_complete: stage=references method=heuristic case_index=6 offline_error=3.0959 elapsed_seconds=2.3873 completed=14
[2026-09-16T13:35:41+00:00] +    30.7s case_start: stage=references method=random case_index=7 completed=14
[2026-09-16T13:35:45+00:00] +    34.0s case_complete: stage=references method=random case_index=7 offline_error=4.3293 elapsed_seconds=3.3148 completed=15
[2026-09-16T13:35:45+00:00] +    34.0s case_start: stage=references method=heuristic case_index=7 completed=15
[2026-09-16T13:35:50+00:00] +    39.0s case_complete: stage=references method=heuristic case_index=7 offline_error=4.3543 elapsed_seconds=5.007 completed=16
[2026-09-16T13:35:50+00:00] +    39.1s stage_complete: stage=references new_executions=16 objective_queries=1600000
[2026-09-16T13:37:01+00:00] +     0.0s search_suite_frozen: suite=/home/roland/actir/shinka-adaptive-swarms/results/particle_retention_v1/20260916T132022Z/search_suite.json sha256=ff3d7c2f713f3a7320f15a51e73c900df77ff03f03fa50c648253ccedba3aa09 seed_source_sha256=fa990972a0e4e84e00c19a748cdfe638dccd75d425e22bf0682e10443c3b2ae9 exact_seed_cache_cases=8 reference_new_executions=16 reference_objective_queries=1600000
[2026-09-16T13:37:01+00:00] +     0.0s reference_findings: random_mean=3.7222 heuristic_mean=3.9017 heuristic_minus_random_mean=0.1795 cases_favoring_heuristic=2 interpretation=eight development cases; samefixedresponse changes only the particle exemption
[2026-09-16T13:39:31+00:00] +     0.0s native_search_launched: pid=944271 search_seed=630001 terminal_slots_limit=9 logical_response_limit=40 inner_effort=xhigh run=results/particle_retention_v1/20260916T132022Z/evolution/search_seed_630001
[2026-09-16T13:46:14+00:00] +     0.0s historical_preservation_verified: files=7461 changed=0
[2026-09-16T13:50:28+00:00] +     0.0s scientific_interim: terminal_descendants=4 valid_descendants=3 failed_descendants=1 selected_generation_so_far=2 decision=continue original bounded batch report=docs/sprints/particle_retention_20260916/INTERIM.md
[2026-09-16T14:02:22+00:00] +     0.0s selection_frozen: generation=7 mean_offline_error=3.5675 terminal_slots=9 valid_descendants=7 failed_slots=1 source_sha256=10611ee221370c70172d45b7f4e9508254943f616918cff54e0011333c46f1a4 saved_path=results/particle_retention_v1/20260916T132022Z/programs/selected.py
[2026-09-16T14:10:24+00:00] +     0.0s research_complete: physical_full_executions=72 objective_queries=7200000 separate_fixture_queries=5109 model_logical_responses=29 elapsed_session_minutes=50.04 saved_path=results/particle_retention_v1/20260916T132022Z/accounting.json
[2026-09-16T14:13:53+00:00] +     0.0s archive_started: destination=/home/roland/actir/shinka-adaptive-swarms/artifacts/particle_retention_v1/20260916T132022Z research_complete=True
