[2026-09-15T09:40:04+00:00] +     0.0s study_started: study=book_mpsO_5neutral_reconstruction_v1 cases=3 budget_per_case=50000 policy=corrected baseline directory=results/reconstruction_initial
[2026-09-15T09:40:04+00:00] +     0.0s case_started: case=1 total_cases=3 environment_seed=101 optimizer_seed=1101
[2026-09-15T09:40:04+00:00] +     0.0s run_started: case_index=1 config={'dimension': 5, 'npeaks': 10, 'period': 5000, 'move_severity': 1.0, 'correlation': 0.0, 'budget': 50000, 'environment_seed': 101, 'optimizer_seed': 1101, 'particles_per_swarm': 5, 'nexcess': 1, 'trace_interval': 500, 'snapshot_interval': 0, 'progress_interval': 5000, 'bounds': [0.0, 100.0], 'height_severity': 7.0, 'width_severity': 1.0, 'chi': 0.729843788, 'c': 2.05} baseline=book_mpsO_5_plus_0 budget=50000
[2026-09-15T09:40:04+00:00] +     0.1s environment_change: case_index=1 evaluations=5000 completed_environment=0 environment_offline_error=1.2432 environment_initial_error=105.48 environment_final_error=1.4228e-06 first_evaluation=1 environment_evaluations=5000 offline_error=1.2432 swarm_count=3
[2026-09-15T09:40:05+00:00] +     0.1s environment_change: case_index=1 evaluations=10000 completed_environment=1 environment_offline_error=14.467 environment_initial_error=181.22 environment_final_error=14.275 first_evaluation=5001 environment_evaluations=5000 offline_error=7.8553 swarm_count=3
[2026-09-15T09:40:05+00:00] +     0.2s environment_change: case_index=1 evaluations=15000 completed_environment=2 environment_offline_error=8.421 environment_initial_error=151.89 environment_final_error=8.2077 first_evaluation=10001 environment_evaluations=5000 offline_error=8.0439 swarm_count=3
[2026-09-15T09:40:05+00:00] +     0.3s environment_change: case_index=1 evaluations=20000 completed_environment=3 environment_offline_error=5.9504 environment_initial_error=7.3885 environment_final_error=5.8712 first_evaluation=15001 environment_evaluations=5000 offline_error=7.5205 swarm_count=4
[2026-09-15T09:40:05+00:00] +     0.4s environment_change: case_index=1 evaluations=25000 completed_environment=4 environment_offline_error=2.4086 environment_initial_error=232.04 environment_final_error=2.1124 first_evaluation=20001 environment_evaluations=5000 offline_error=6.4981 swarm_count=4
[2026-09-15T09:40:05+00:00] +     0.4s environment_change: case_index=1 evaluations=30000 completed_environment=5 environment_offline_error=6.3322 environment_initial_error=268.77 environment_final_error=6.0378 first_evaluation=25001 environment_evaluations=5000 offline_error=6.4705 swarm_count=4
[2026-09-15T09:40:05+00:00] +     0.5s environment_change: case_index=1 evaluations=35000 completed_environment=6 environment_offline_error=11.108 environment_initial_error=13.665 environment_final_error=10.999 first_evaluation=30001 environment_evaluations=5000 offline_error=7.1329 swarm_count=4
[2026-09-15T09:40:05+00:00] +     0.6s environment_change: case_index=1 evaluations=40000 completed_environment=7 environment_offline_error=11.837 environment_initial_error=137.14 environment_final_error=11.603 first_evaluation=35001 environment_evaluations=5000 offline_error=7.7209 swarm_count=4
[2026-09-15T09:40:05+00:00] +     0.7s environment_change: case_index=1 evaluations=45000 completed_environment=8 environment_offline_error=7.7031 environment_initial_error=19.652 environment_final_error=0.31204 first_evaluation=40001 environment_evaluations=5000 offline_error=7.719 swarm_count=6
[2026-09-15T09:40:05+00:00] +     0.7s environment_change: case_index=1 evaluations=50000 completed_environment=9 environment_offline_error=0.085732 environment_initial_error=19.299 environment_final_error=0.0012967 first_evaluation=45001 environment_evaluations=5000 offline_error=6.9556 swarm_count=6
[2026-09-15T09:40:05+00:00] +     0.7s run_completed: case_index=1 evaluations=50000 offline_error=6.9556 response_count=32 swarm_count=6
[2026-09-15T09:40:05+00:00] +     0.7s case_completed: case=1 offline_error=6.9556 wall_time_s=0.73769 checkpoint=results/reconstruction_initial/case_000.json
[2026-09-15T09:40:05+00:00] +     0.7s case_started: case=2 total_cases=3 environment_seed=202 optimizer_seed=1202
[2026-09-15T09:40:05+00:00] +     0.7s run_started: case_index=2 config={'dimension': 5, 'npeaks': 10, 'period': 5000, 'move_severity': 1.0, 'correlation': 0.0, 'budget': 50000, 'environment_seed': 202, 'optimizer_seed': 1202, 'particles_per_swarm': 5, 'nexcess': 1, 'trace_interval': 500, 'snapshot_interval': 0, 'progress_interval': 5000, 'bounds': [0.0, 100.0], 'height_severity': 7.0, 'width_severity': 1.0, 'chi': 0.729843788, 'c': 2.05} baseline=book_mpsO_5_plus_0 budget=50000
[2026-09-15T09:40:05+00:00] +     0.8s environment_change: case_index=2 evaluations=5000 completed_environment=0 environment_offline_error=4.4916 environment_initial_error=279.49 environment_final_error=0.00074669 first_evaluation=1 environment_evaluations=5000 offline_error=4.4916 swarm_count=5
[2026-09-15T09:40:05+00:00] +     0.9s environment_change: case_index=2 evaluations=10000 completed_environment=1 environment_offline_error=0.87759 environment_initial_error=32.209 environment_final_error=0.00076914 first_evaluation=5001 environment_evaluations=5000 offline_error=2.6846 swarm_count=7
[2026-09-15T09:40:05+00:00] +     1.0s environment_change: case_index=2 evaluations=15000 completed_environment=2 environment_offline_error=0.69813 environment_initial_error=9.3699 environment_final_error=0.012283 first_evaluation=10001 environment_evaluations=5000 offline_error=2.0225 swarm_count=8
[2026-09-15T09:40:05+00:00] +     1.1s environment_change: case_index=2 evaluations=20000 completed_environment=3 environment_offline_error=0.43677 environment_initial_error=27.912 environment_final_error=0.065235 first_evaluation=15001 environment_evaluations=5000 offline_error=1.626 swarm_count=8
[2026-09-15T09:40:06+00:00] +     1.2s environment_change: case_index=2 evaluations=25000 completed_environment=4 environment_offline_error=0.29402 environment_initial_error=8.1463 environment_final_error=0.0025072 first_evaluation=20001 environment_evaluations=5000 offline_error=1.3596 swarm_count=8
[2026-09-15T09:40:06+00:00] +     1.2s environment_change: case_index=2 evaluations=30000 completed_environment=5 environment_offline_error=0.91086 environment_initial_error=44.614 environment_final_error=0.021313 first_evaluation=25001 environment_evaluations=5000 offline_error=1.2848 swarm_count=8
[2026-09-15T09:40:06+00:00] +     1.3s environment_change: case_index=2 evaluations=35000 completed_environment=6 environment_offline_error=0.33239 environment_initial_error=31.327 environment_final_error=0.0015172 first_evaluation=30001 environment_evaluations=5000 offline_error=1.1488 swarm_count=8
[2026-09-15T09:40:06+00:00] +     1.4s environment_change: case_index=2 evaluations=40000 completed_environment=7 environment_offline_error=1.3514 environment_initial_error=41.89 environment_final_error=0.019534 first_evaluation=35001 environment_evaluations=5000 offline_error=1.1741 swarm_count=9
[2026-09-15T09:40:06+00:00] +     1.5s environment_change: case_index=2 evaluations=45000 completed_environment=8 environment_offline_error=2.7287 environment_initial_error=153.07 environment_final_error=0.31987 first_evaluation=40001 environment_evaluations=5000 offline_error=1.3468 swarm_count=9
[2026-09-15T09:40:06+00:00] +     1.6s environment_change: case_index=2 evaluations=50000 completed_environment=9 environment_offline_error=0.74577 environment_initial_error=37.783 environment_final_error=0.13322 first_evaluation=45001 environment_evaluations=5000 offline_error=1.2867 swarm_count=9
[2026-09-15T09:40:06+00:00] +     1.6s run_completed: case_index=2 evaluations=50000 offline_error=1.2867 response_count=69 swarm_count=9
[2026-09-15T09:40:06+00:00] +     1.6s case_completed: case=2 offline_error=1.2867 wall_time_s=0.81033 checkpoint=results/reconstruction_initial/case_001.json
[2026-09-15T09:40:06+00:00] +     1.6s case_started: case=3 total_cases=3 environment_seed=303 optimizer_seed=1303
[2026-09-15T09:40:06+00:00] +     1.6s run_started: case_index=3 config={'dimension': 5, 'npeaks': 10, 'period': 5000, 'move_severity': 1.0, 'correlation': 0.0, 'budget': 50000, 'environment_seed': 303, 'optimizer_seed': 1303, 'particles_per_swarm': 5, 'nexcess': 1, 'trace_interval': 500, 'snapshot_interval': 0, 'progress_interval': 5000, 'bounds': [0.0, 100.0], 'height_severity': 7.0, 'width_severity': 1.0, 'chi': 0.729843788, 'c': 2.05} baseline=book_mpsO_5_plus_0 budget=50000
[2026-09-15T09:40:06+00:00] +     1.6s environment_change: case_index=3 evaluations=5000 completed_environment=0 environment_offline_error=1.573 environment_initial_error=124.85 environment_final_error=1.548e-08 first_evaluation=1 environment_evaluations=5000 offline_error=1.573 swarm_count=3
[2026-09-15T09:40:06+00:00] +     1.7s environment_change: case_index=3 evaluations=10000 completed_environment=1 environment_offline_error=18.936 environment_initial_error=28.85 environment_final_error=17.871 first_evaluation=5001 environment_evaluations=5000 offline_error=10.254 swarm_count=4
[2026-09-15T09:40:06+00:00] +     1.8s environment_change: case_index=3 evaluations=15000 completed_environment=2 environment_offline_error=13.679 environment_initial_error=137.66 environment_final_error=13.24 first_evaluation=10001 environment_evaluations=5000 offline_error=11.396 swarm_count=4
[2026-09-15T09:40:06+00:00] +     1.9s environment_change: case_index=3 evaluations=20000 completed_environment=3 environment_offline_error=1.36 environment_initial_error=9.7108 environment_final_error=1.2678 first_evaluation=15001 environment_evaluations=5000 offline_error=8.8869 swarm_count=4
[2026-09-15T09:40:06+00:00] +     2.0s environment_change: case_index=3 evaluations=25000 completed_environment=4 environment_offline_error=6.2375 environment_initial_error=19.173 environment_final_error=5.9976 first_evaluation=20001 environment_evaluations=5000 offline_error=8.357 swarm_count=5
[2026-09-15T09:40:06+00:00] +     2.0s environment_change: case_index=3 evaluations=30000 completed_environment=5 environment_offline_error=3.6443 environment_initial_error=11.074 environment_final_error=2.9982 first_evaluation=25001 environment_evaluations=5000 offline_error=7.5716 swarm_count=5
[2026-09-15T09:40:07+00:00] +     2.1s environment_change: case_index=3 evaluations=35000 completed_environment=6 environment_offline_error=0.27359 environment_initial_error=27.104 environment_final_error=0.00032016 first_evaluation=30001 environment_evaluations=5000 offline_error=6.529 swarm_count=6
[2026-09-15T09:40:07+00:00] +     2.2s environment_change: case_index=3 evaluations=40000 completed_environment=7 environment_offline_error=0.23954 environment_initial_error=18.247 environment_final_error=5.1614e-05 first_evaluation=35001 environment_evaluations=5000 offline_error=5.7428 swarm_count=6
[2026-09-15T09:40:07+00:00] +     2.3s environment_change: case_index=3 evaluations=45000 completed_environment=8 environment_offline_error=8.3317 environment_initial_error=25.379 environment_final_error=8.1979 first_evaluation=40001 environment_evaluations=5000 offline_error=6.0305 swarm_count=6
