[2026-09-17T02:54:44+00:00] +     9.4s seed_inventory: files=250 reserved_seeds=312
[2026-09-17T02:54:49+00:00] +    14.9s seed_inventory: files=500 reserved_seeds=313
[2026-09-17T02:54:52+00:00] +    15.4s seed_inventory: files=750 reserved_seeds=313
[2026-09-17T02:54:55+00:00] +    17.8s seed_inventory: files=1000 reserved_seeds=313
[2026-09-17T02:54:57+00:00] +    20.0s seed_inventory: files=1250 reserved_seeds=313
[2026-09-17T02:54:59+00:00] +    21.5s seed_inventory: files=1500 reserved_seeds=313
[2026-09-17T02:55:01+00:00] +    23.5s seed_inventory: files=1750 reserved_seeds=313
[2026-09-17T02:55:03+00:00] +    26.0s seed_inventory: files=2000 reserved_seeds=313
[2026-09-17T02:55:05+00:00] +    27.8s seed_inventory: files=2250 reserved_seeds=313
[2026-09-17T02:55:07+00:00] +    30.1s seed_inventory: files=2500 reserved_seeds=313
[2026-09-17T02:55:10+00:00] +    32.6s seed_inventory: files=2750 reserved_seeds=313
[2026-09-17T02:55:12+00:00] +    34.7s seed_inventory: files=3000 reserved_seeds=488
[2026-09-17T02:55:15+00:00] +    37.9s seed_inventory: files=3250 reserved_seeds=527
[2026-09-17T02:55:18+00:00] +    40.5s seed_inventory: files=3500 reserved_seeds=563
[2026-09-17T02:55:20+00:00] +    43.1s seed_inventory: files=3750 reserved_seeds=563
[2026-09-17T02:55:23+00:00] +    45.8s seed_inventory: files=4000 reserved_seeds=563
[2026-09-17T02:55:29+00:00] +    48.5s seed_inventory: files=4250 reserved_seeds=563
[2026-09-17T02:55:31+00:00] +    50.9s seed_inventory: files=4500 reserved_seeds=583
[2026-09-17T02:55:36+00:00] +    55.7s seed_inventory: files=4750 reserved_seeds=586
[2026-09-17T02:55:41+00:00] +    60.5s seed_inventory: files=5000 reserved_seeds=589
[2026-09-17T02:55:44+00:00] +    63.8s seed_inventory: files=5250 reserved_seeds=607
[2026-09-17T02:55:46+00:00] +    65.8s seed_inventory: files=5500 reserved_seeds=607
[2026-09-17T02:55:48+00:00] +    68.1s seed_inventory: files=5750 reserved_seeds=650
[2026-09-17T02:55:59+00:00] +    78.8s seed_inventory: files=6000 reserved_seeds=650
[2026-09-17T02:56:10+00:00] +    86.8s seed_inventory: files=6250 reserved_seeds=650
[2026-09-17T02:56:12+00:00] +    88.8s seed_inventory: files=6500 reserved_seeds=650
[2026-09-17T02:56:16+00:00] +    92.7s seed_inventory: files=6750 reserved_seeds=651
[2026-09-17T02:56:18+00:00] +    95.1s seed_inventory: files=7000 reserved_seeds=651
[2026-09-17T02:56:21+00:00] +    97.7s seed_inventory: files=7250 reserved_seeds=651
[2026-09-17T02:56:23+00:00] +    99.4s seed_inventory: files=7500 reserved_seeds=651
[2026-09-17T02:56:25+00:00] +   102.0s seed_inventory: files=7750 reserved_seeds=651
[2026-09-17T02:56:27+00:00] +   104.2s seed_inventory: files=8000 reserved_seeds=651
[2026-09-17T02:56:29+00:00] +   106.3s seed_inventory: files=8250 reserved_seeds=651
[2026-09-17T02:56:33+00:00] +   109.7s seed_inventory: files=8500 reserved_seeds=651
[2026-09-17T02:56:39+00:00] +   112.6s seed_inventory: files=8750 reserved_seeds=651
[2026-09-17T02:56:43+00:00] +   117.0s seed_inventory: files=9000 reserved_seeds=651
[2026-09-17T02:56:46+00:00] +   120.3s seed_inventory: files=9250 reserved_seeds=651
[2026-09-17T02:56:50+00:00] +   124.2s seed_inventory: files=9500 reserved_seeds=651
[2026-09-17T02:56:54+00:00] +   128.3s seed_inventory: files=9750 reserved_seeds=651
[2026-09-17T02:56:57+00:00] +   131.0s seed_inventory: files=10000 reserved_seeds=651
[2026-09-17T02:57:00+00:00] +   133.9s seed_inventory: files=10250 reserved_seeds=651
[2026-09-17T02:57:06+00:00] +   139.7s seed_inventory: files=10500 reserved_seeds=651
[2026-09-17T02:57:14+00:00] +   144.3s seed_inventory: files=10750 reserved_seeds=651
[2026-09-17T02:57:17+00:00] +   148.1s seed_inventory: files=11000 reserved_seeds=651
[2026-09-17T02:57:20+00:00] +   150.5s seed_inventory: files=11250 reserved_seeds=651
[2026-09-17T02:57:23+00:00] +   154.2s seed_inventory: files=11500 reserved_seeds=651
[2026-09-17T02:57:25+00:00] +   156.0s development_seeds_frozen: cases=4 new_objective_queries=0 search_seed=660001 master_seed=217189868564890912749152162491272420532
[2026-09-17T02:57:43+00:00] +     0.0s references_registered: cases=4 methods=['target_5', 'target_3'] reused_development_identities=False maximum_new_executions=8 manifest=/home/roland/actir/shinka-adaptive-swarms/results/book_mpso_population_200_v1/20260917T025219Z/references/manifest.json
[2026-09-17T02:57:56+00:00] +     0.0s case_start: stage=references method=target_5 case_index=0 completed=0
[2026-09-17T02:58:36+00:00] +    37.0s heartbeat: activity=initializing seconds_since_event=37 message=Process is alive; no new result has arrived.
[2026-09-17T02:58:59+00:00] +    56.6s heartbeat: activity=initializing seconds_since_event=56.6 message=Process is alive; no new result has arrived.
[2026-09-17T02:59:19+00:00] +    76.7s heartbeat: activity=initializing seconds_since_event=76.7 message=Process is alive; no new result has arrived.
[2026-09-17T02:59:44+00:00] +    87.4s heartbeat: activity=initializing seconds_since_event=87.4 message=Process is alive; no new result has arrived.
[2026-09-17T03:00:04+00:00] +   104.2s heartbeat: activity=initializing seconds_since_event=104.2 message=Process is alive; no new result has arrived.
[2026-09-17T03:00:24+00:00] +   124.2s heartbeat: activity=initializing seconds_since_event=124.2 message=Process is alive; no new result has arrived.
[2026-09-17T03:00:44+00:00] +   141.0s heartbeat: activity=initializing seconds_since_event=141 message=Process is alive; no new result has arrived.
[2026-09-17T03:00:52+00:00] +   149.2s case_complete: stage=references method=target_5 case_index=0 offline_error=2.5864 elapsed_seconds=149.15 completed=1
[2026-09-17T03:07:12+00:00] +     0.0s runtime_bounded_stop: completed_full_cases=1 queries=500000 first_case_monotonic=149.15 first_case_UTC=175.55 remaining_minutes=105.11 minimal_plan_required_minutes=125.8 descendant_slots=0 reason=Even two descendants plus conditional fresh reserve and publication do not fit conservative runtime projection; no search launched.
[2026-09-17T03:14:08+00:00] +     0.0s report_ready: scientific_status=runtime constrained stop before search case_executions=1 queries=500000 native_responses=0 elapsed_session_seconds=1309.6 report=docs/studies/book_mpso_population_200_v1/REPORT.md publication=pending
[2026-09-17T03:14:08+00:00] +     0.0s archive_started: destination=/home/roland/actir/shinka-adaptive-swarms/artifacts/book_mpso_population_200_v1/20260917T025219Z status=bounded_stop_before_search
