{
  "phase": "development",
  "selected": {
    "generation": 0,
    "status": "completed",
    "source": "evolution/search_seed_650001/gen_0/main.py",
    "source_sha256": "7e66f66ab613b6113eaea186f8c12af91a01c94d87b87822784bfc9396e4aebd",
    "mean_offline_error": 1.7445687815149309,
    "case_errors": [
      2.0507302792102933,
      2.23264559928194,
      2.27094785962223,
      0.8479834065692461,
      1.9039338603891238,
      1.2959170786834706,
      1.6857014922205977,
      1.6686906761425453
    ]
  },
  "best_fixed_target": "target_5",
  "fresh_comparison_required": false,
  "method_errors": {
    "target_3": {
      "n": 8,
      "mean": 1.8063403372720876,
      "median": 1.9437820766515066,
      "sd": 0.5241742953766654,
      "min": 0.7228878007834746,
      "max": 2.3421288816845216,
      "values": [
        1.9307293995979011,
        2.022168032804185,
        2.3421288816845216,
        0.7228878007834746,
        1.9568347537051118,
        1.522216011858256,
        1.6313533404057246,
        2.3224044773375265
      ]
    },
    "target_5": {
      "n": 8,
      "mean": 1.7445687815149309,
      "median": 1.7948176763048607,
      "sd": 0.48532795018127894,
      "min": 0.8479834065692461,
      "max": 2.27094785962223,
      "values": [
        2.0507302792102933,
        2.23264559928194,
        2.27094785962223,
        0.8479834065692461,
        1.9039338603891238,
        1.2959170786834706,
        1.6857014922205977,
        1.6686906761425453
      ]
    },
    "target_7": {
      "n": 8,
      "mean": 1.8716574077003667,
      "median": 2.0090937565471347,
      "sd": 0.5977457121909323,
      "min": 0.6913526607117456,
      "max": 2.5911963446027952,
      "values": [
        2.3692276613306844,
        2.5911963446027952,
        1.921380034104796,
        0.6913526607117456,
        2.0968074789894735,
        1.4438695508940065,
        1.7063748750873802,
        2.1530506558820517
      ]
    },
    "selected": {
      "n": 8,
      "mean": 1.7445687815149309,
      "median": 1.7948176763048607,
      "sd": 0.48532795018127894,
      "min": 0.8479834065692461,
      "max": 2.27094785962223,
      "values": [
        2.0507302792102933,
        2.23264559928194,
        2.27094785962223,
        0.8479834065692461,
        1.9039338603891238,
        1.2959170786834706,
        1.6857014922205977,
        1.6686906761425453
      ]
    }
  }
}
